Component: ARM Compiler 5.06 update 7 (build 960) Tool: armlink [4d3601]

==============================================================================

Section Cross References

    main.o(.text) refers to rtx_kernel.o(.text) for osKernelGetState
    main.o(.text) refers to stm32f4xx_hal_rcc.o(.text) for HAL_RCC_OscConfig
    main.o(.text) refers to stm32f4xx_hal.o(.text) for HAL_GetREVID
    main.o(.text) refers to system_stm32f4xx.o(.text) for SystemCoreClockUpdate
    main.o(.text) refers to rtx_thread.o(.text) for osThreadNew
    main.o(.text) refers to system_stm32f4xx.o(.data) for SystemCoreClock
    main.o(.text) refers to main.o(.data) for ticks
    main.o(.text) refers to http_server.o(.constdata) for app_main_attr
    main.o(.text) refers to http_server.o(.text) for app_main
    stm32f4xx_it.o(.text) refers to stm32f4xx_hal_rtc.o(.text) for HAL_RTC_AlarmIRQHandler
    stm32f4xx_it.o(.text) refers to rtx_thread.o(.text) for osThreadFlagsSet
    stm32f4xx_it.o(.text) refers to rtc_2.o(.bss) for RtcHandle
    stm32f4xx_it.o(.text) refers to http_server.o(.data) for TID_Alarma
    web.o(.text) refers to web.o(.constdata) for imageFileTable
    lcd_1.o(.text) refers to stm32f4xx_hal_gpio.o(.text) for HAL_GPIO_WritePin
    lcd_1.o(.text) refers to strlen.o(.text) for strlen
    lcd_1.o(.text) refers to lcd_1.o(.data) for SPIdrv
    lcd_1.o(.text) refers to lcd_1.o(.bss) for buffer
    lcd_1.o(.text) refers to lcd_1.o(.constdata) for Arial12x12
    lcd_1.o(.text) refers to stm32f4xx_hal.o(.text) for HAL_Delay
    lcd_1.o(.data) refers to spi_stm32f4xx.o(.constdata) for Driver_SPI1
    adc.o(.text) refers to memseta.o(.text) for __aeabi_memclr4
    adc.o(.text) refers to stm32f4xx_hal_gpio.o(.text) for HAL_GPIO_Init
    adc.o(.text) refers to stm32f4xx_hal_adc.o(.text) for HAL_ADC_Init
    adc.o(.text) refers to ffltui.o(.text) for __aeabi_ui2f
    adc.o(.text) refers to fmul.o(.text) for __aeabi_fmul
    adc.o(.text) refers to fdiv.o(.text) for __aeabi_fdiv
    adc.o(.text) refers to adc.o(.data) for voltage
    rtc_2.o(.text) refers to memseta.o(.text) for __aeabi_memclr4
    rtc_2.o(.text) refers to stm32f4xx_hal_rcc.o(.text) for HAL_RCC_OscConfig
    rtc_2.o(.text) refers to stm32f4xx_hal_rcc_ex.o(.text) for HAL_RCCEx_PeriphCLKConfig
    rtc_2.o(.text) refers to stm32f4xx_hal_rtc.o(.text) for HAL_RTC_SetDate
    rtc_2.o(.text) refers to stm32f4xx_hal_rtc_ex.o(.text) for HAL_RTCEx_BKUPWrite
    rtc_2.o(.text) refers to stm32f4xx_hal_cortex.o(.text) for HAL_NVIC_EnableIRQ
    rtc_2.o(.text) refers to printfa.o(i.__0sprintf) for __2sprintf
    rtc_2.o(.text) refers to rtc_2.o(.data) for sdatestructure
    rtc_2.o(.text) refers to rtc_2.o(.bss) for RtcHandle
    http_server.o(.text) refers to stm32f4xx_hal_gpio.o(.text) for HAL_GPIO_TogglePin
    http_server.o(.text) refers to rtx_timer.o(.text) for osTimerStart
    http_server.o(.text) refers to sntp.o(.text) for get_time
    http_server.o(.text) refers to adc.o(.text) for ADC_Init_Single_Conversion
    http_server.o(.text) refers to ffixui.o(.text) for __aeabi_f2uiz
    http_server.o(.text) refers to fmul.o(.text) for __aeabi_fmul
    http_server.o(.text) refers to buttons_nucleo_f429zi.o(.text) for Buttons_GetState
    http_server.o(.text) refers to rtx_thread.o(.text) for osThreadFlagsSet
    http_server.o(.text) refers to rtx_delay.o(.text) for osDelay
    http_server.o(.text) refers to pwr.o(.text) for StopMode_Measure
    http_server.o(.text) refers to stm32f4xx_hal_rtc.o(.text) for HAL_RTC_SetTime
    http_server.o(.text) refers to lcd_1.o(.text) for LCD_reset
    http_server.o(.text) refers to printfa.o(i.__0snprintf) for __2snprintf
    http_server.o(.text) refers to led_nucleo_f429zi.o(.text) for LED_SetOut
    http_server.o(.text) refers to rtc_2.o(.text) for RTC_CalendarShow
    http_server.o(.text) refers to net_sys.o(.text.netInitialize) for netInitialize
    http_server.o(.text) refers to http_server.o(.data) for timer_1seg
    http_server.o(.text) refers to rtc_2.o(.bss) for stimestructureget
    http_server.o(.text) refers to rtc_2.o(.data) for sdatestructureget
    http_server.o(.text) refers to http_server.o(.bss) for aShowDate
    http_server.o(.constdata) refers to http_server.o(.bss) for app_main_stk
    http_server_cgi.o(.text) refers to net_http_server.o(.text.netCGI_GetEnvVar) for netCGI_GetEnvVar
    http_server_cgi.o(.text) refers to net_addr.o(.text.netIP_aton) for netIP_aton
    http_server_cgi.o(.text) refers to net_sys.o(.text.netIF_SetOption) for netIF_SetOption
    http_server_cgi.o(.text) refers to led_nucleo_f429zi.o(.text) for LED_SetOut
    http_server_cgi.o(.text) refers to strcmp.o(.text) for strcmp
    http_server_cgi.o(.text) refers to strncmp.o(.text) for strncmp
    http_server_cgi.o(.text) refers to net_http_server.o(.text.netHTTPs_LoginActive) for netHTTPs_LoginActive
    http_server_cgi.o(.text) refers to strcpy.o(.text) for strcpy
[...]
    net_rand32                               0x08016c85   Thumb Code    20  net_sys.o(.text.net_rand32)
    net_sntp_client_init                     0x08016ca1   Thumb Code    72  net_sntp_client_core.o(.text.net_sntp_client_init)
    net_sntp_client_run                      0x08016cf5   Thumb Code    76  net_sntp_client_core.o(.text.net_sntp_client_run)
    net_sntp_client_start                    0x08016d4d   Thumb Code   280  net_sntp_client_core.o(.text.net_sntp_client_start)
    net_sntp_client_uninit                   0x08016e75   Thumb Code    20  net_sntp_client_core.o(.text.net_sntp_client_uninit)
    net_strcasecmp                           0x08016e91   Thumb Code    42  net_common.o(.text.net_strcasecmp)
    net_strchr                               0x08016ebb   Thumb Code    22  net_common.o(.text.net_strchr)
    net_strcmp                               0x08016ed1   Thumb Code    24  net_common.o(.text.net_strcmp)
    net_strcpy                               0x08016ee9   Thumb Code    16  net_common.o(.text.net_strcpy)
    net_strnchr                              0x08016ef9   Thumb Code    30  net_common.o(.text.net_strnchr)
    net_strncpy                              0x08016f17   Thumb Code    26  net_common.o(.text.net_strncpy)
    net_strnstr                              0x08016f31   Thumb Code    82  net_common.o(.text.net_strnstr)
    net_strrchr                              0x08016f83   Thumb Code    26  net_common.o(.text.net_strrchr)
    net_strtoupper                           0x08016f9d   Thumb Code    30  net_common.o(.text.net_strtoupper)
    net_sys_lock                             0x08016fbd   Thumb Code     8  net_sys.o(.text.net_sys_lock)
    net_sys_resume                           0x08016fc9   Thumb Code    20  net_sys.o(.text.net_sys_resume)
    net_sys_tick                             0x08016fdd   Thumb Code    20  net_sys.o(.text.net_sys_tick)
    net_sys_unlock                           0x08016ff5   Thumb Code     8  net_sys.o(.text.net_sys_unlock)
    net_sys_wakeup                           0x08017001   Thumb Code    28  net_sys.o(.text.net_sys_wakeup)
    net_tcp_abort                            0x08017021   Thumb Code   108  net_tcp.o(.text.net_tcp_abort)
    net_tcp_close                            0x08017095   Thumb Code   252  net_tcp.o(.text.net_tcp_close)
    net_tcp_get_buf                          0x08017199   Thumb Code    52  net_tcp.o(.text.net_tcp_get_buf)
    net_tcp_get_local_port                   0x080171cd   Thumb Code    40  net_tcp.o(.text.net_tcp_get_local_port)
    net_tcp_get_mss                          0x080171f9   Thumb Code    28  net_tcp.o(.text.net_tcp_get_mss)
    net_tcp_get_peer                         0x08017219   Thumb Code    64  net_tcp.o(.text.net_tcp_get_peer)
    net_tcp_get_socket                       0x0801725d   Thumb Code   108  net_tcp.o(.text.net_tcp_get_socket)
    net_tcp_get_state                        0x080172d1   Thumb Code    32  net_tcp.o(.text.net_tcp_get_state)
    net_tcp_get_timer                        0x080172f5   Thumb Code    40  net_tcp.o(.text.net_tcp_get_timer)
    net_tcp_listen                           0x08017321   Thumb Code   164  net_tcp.o(.text.net_tcp_listen)
    net_tcp_process                          0x080173cd   Thumb Code  2872  net_tcp.o(.text.net_tcp_process)
    net_tcp_send                             0x08017f19   Thumb Code   360  net_tcp.o(.text.net_tcp_send)
    net_tcp_set_option                       0x0801808d   Thumb Code   304  net_tcp.o(.text.net_tcp_set_option)
    net_tcp_socket_init                      0x080181c9   Thumb Code    28  net_tcp.o(.text.net_tcp_socket_init)
    net_tcp_socket_run                       0x080181ed   Thumb Code  1080  net_tcp.o(.text.net_tcp_socket_run)
    net_tcp_socket_uninit                    0x08018639   Thumb Code    28  net_tcp.o(.text.net_tcp_socket_uninit)
    net_udp_close                            0x0801865d   Thumb Code    56  net_udp.o(.text.net_udp_close)
    net_udp_get_buf                          0x0801869d   Thumb Code    52  net_udp.o(.text.net_udp_get_buf)
    net_udp_get_socket                       0x080186d1   Thumb Code    92  net_udp.o(.text.net_udp_get_socket)
    net_udp_open                             0x08018739   Thumb Code   180  net_udp.o(.text.net_udp_open)
    net_udp_process                          0x080187f9   Thumb Code   360  net_udp.o(.text.net_udp_process)
    net_udp_send                             0x08018975   Thumb Code    20  net_udp.o(.text.net_udp_send)
    net_udp_send_if                          0x08018989   Thumb Code   544  net_udp.o(.text.net_udp_send_if)
    net_udp_socket_init                      0x08018bb9   Thumb Code    28  net_udp.o(.text.net_udp_socket_init)
    net_udp_socket_uninit                    0x08018bd9   Thumb Code    24  net_udp.o(.text.net_udp_socket_uninit)
    net_ultoa                                0x08018bf9   Thumb Code     8  net_common.o(.text.net_ultoa)
    net_ultox                                0x08018c01   Thumb Code    60  net_common.o(.text.net_ultox)
    net_xtouc                                0x08018c41   Thumb Code    26  net_common.o(.text.net_xtouc)
    net_xtoul                                0x08018c5b   Thumb Code    90  net_common.o(.text.net_xtoul)
    __0printf                                0x0801948d   Thumb Code    22  printfa.o(i.__0printf)
    __1printf                                0x0801948d   Thumb Code     0  printfa.o(i.__0printf)
    __2printf                                0x0801948d   Thumb Code     0  printfa.o(i.__0printf)
    __c89printf                              0x0801948d   Thumb Code     0  printfa.o(i.__0printf)
    printf                                   0x0801948d   Thumb Code     0  printfa.o(i.__0printf)
    __0snprintf                              0x080194ad   Thumb Code    48  printfa.o(i.__0snprintf)
    __1snprintf                              0x080194ad   Thumb Code     0  printfa.o(i.__0snprintf)
    __2snprintf                              0x080194ad   Thumb Code     0  printfa.o(i.__0snprintf)
    __c89snprintf                            0x080194ad   Thumb Code     0  printfa.o(i.__0snprintf)
    snprintf                                 0x080194ad   Thumb Code     0  printfa.o(i.__0snprintf)
    __0sprintf                               0x080194e1   Thumb Code    34  printfa.o(i.__0sprintf)
    __1sprintf                               0x080194e1   Thumb Code     0  printfa.o(i.__0sprintf)
    __2sprintf                               0x080194e1   Thumb Code     0  printfa.o(i.__0sprintf)
    __c89sprintf                             0x080194e1   Thumb Code     0  printfa.o(i.__0sprintf)
    sprintf                                  0x080194e1   Thumb Code     0  printfa.o(i.__0sprintf)
    __scatterload_copy                       0x08019509   Thumb Code    14  handlers.o(i.__scatterload_copy)
    __scatterload_null                       0x08019517   Thumb Code     2  handlers.o(i.__scatterload_null)
    __scatterload_zeroinit                   0x08019519   Thumb Code    14  handlers.o(i.__scatterload_zeroinit)
    fputc                                    0x08019dd3   Thumb Code    18  fputc.o(i.fputc)
    imageLastModified                        0x08019de4   Data           4  web.o(.constdata)
    Arial12x12                               0x080210fc   Data        2400  lcd_1.o(.constdata)
    app_main_attr                            0x08021a5c   Data          36  http_server.o(.constdata)
    ntp_server                               0x08021a80   Data           8  sntp.o(.constdata)
    irqRtxLib                                0x08021aa8   Data           1  irq_armv7m.o(.constdata)
    irqRtxLibRef                             0x08021b0c   Data           4  rtx_lib.o(.constdata)
    osRtxUserSVC                             0x08021b10   Data           4  rtx_lib.o(.constdata)
    Driver_ETH_PHY0                          0x08021b18   Data          32  phy_lan8742a.o(.constdata)
    Driver_ETH_MAC0                          0x08021b88   Data          68  emac_stm32f4xx.o(.constdata)
    Driver_SPI1                              0x08021c20   Data          44  spi_stm32f4xx.o(.constdata)
    EventRecorderInfo                        0x08021c4c   Data          24  eventrecorder.o(.constdata)
    AHBPrescTable                            0x08021c6c   Data          16  system_stm32f4xx.o(.constdata)
    APBPrescTable                            0x08021c7c   Data           8  system_stm32f4xx.o(.constdata)
    net_sys_config                           0x08021d0c   Data          28  net_config.o(.constdata)
    net_eth0_if_config                       0x08021d80   Data          44  net_config.o(.constdata)
    net_eth_list                             0x08021dcc   Data           8  net_config.o(.constdata)
    net_if_list_lan                          0x08021dd4   Data           8  net_config.o(.constdata)
    net_if_list_all                          0x08021ddc   Data           8  net_config.o(.constdata)
    net_if_inet_def                          0x08021de4   Data           8  net_config.o(.constdata)
    net_if_link_def                          0x08021dec   Data           8  net_config.o(.constdata)
    net_arp_list                             0x08021df4   Data           8  net_config.o(.constdata)
    net_icmp_list                            0x08021dfc   Data           8  net_config.o(.constdata)
    net_igmp_list                            0x08021e04   Data           8  net_config.o(.constdata)
    net_ndp_list                             0x08021e0c   Data           4  net_config.o(.constdata)
    net_icmp6_list                           0x08021e10   Data           4  net_config.o(.constdata)
    net_ip4_frag_config                      0x08021e14   Data           8  net_config.o(.constdata)
    net_udp_config                           0x08021e1c   Data          12  net_config.o(.constdata)
    net_tcp_config                           0x08021e28   Data          24  net_config.o(.constdata)
    net_http_config                          0x08021e40   Data          52  net_config.o(.constdata)
    net_sntp_config                          0x08021e74   Data           8  net_config.o(.constdata)
    net_sys_fn_uninit                        0x08021ed4   Data          48  net_config.o(.constdata)
    netif_getopt_func                        0x08021f04   Data          16  net_config.o(.constdata)
    netif_setopt_func                        0x08021f14   Data          16  net_config.o(.constdata)
    osRtxConfig                              0x08022108   Data         112  rtx_lib.o(.rodata)
    os_cb_sections                           0x08022178   Data          56  rtx_lib.o(.rodata)
    net_addr4_loopback                       0x080222f8   Data           4  net_ip4.o(.rodata.net_addr4_loopback)
    net_addr6_all_nodes                      0x080222fc   Data          16  net_ip6.o(.rodata.net_addr6_all_nodes)
    net_addr6_loopback                       0x0802230c   Data          16  net_ip6.o(.rodata.net_addr6_loopback)
    net_addr_bcast                           0x0802231c   Data           6  net_addr.o(.rodata.net_addr_bcast)
    net_addr_unspec                          0x08022322   Data          16  net_addr.o(.rodata.net_addr_unspec)
    net_http_auth_basic_func                 0x08022384   Data          24  net_http_server_auth.o(.rodata.net_http_auth_basic_func)
    net_http_error                           0x0802239c   Data          24  net_http_server_err.o(.rodata.net_http_error)
    net_lib_version                          0x080223b4   Data           4  net_version.o(.rodata.net_lib_version)
    network_ip4ip6_debug_v7.17.0             0x080223b4   Data           4  net_version.o(.rodata.net_lib_version)
    net_loop_if_config                       0x080223b8   Data          44  net_loopback.o(.rodata.net_loop_if_config)
    net_ping_payload                         0x080223e4   Data          18  net_ping_core.o(.rodata.net_ping_payload)
    Region$$Table$$Base                      0x0802279c   Number         0  anon$$obj.o(Region$$Table)
    Region$$Table$$Limit                     0x080227cc   Number         0  anon$$obj.o(Region$$Table)
    .bss.os.msgqueue.cb$$Base                0x20008044   Number         0  rtx_lib.o(.bss.os.msgqueue.cb)
    .bss.os.msgqueue.cb$$Limit               0x20008078   Number         0  rtx_lib.o(.bss.os.msgqueue.cb)
    .bss.os.mutex.cb$$Base                   0x200080c8   Number         0  net_config.o(.bss.os.mutex.cb)
    .bss.os.mutex.cb$$Limit                  0x20008100   Number         0  net_config.o(.bss.os.mutex.cb)
    .bss.os.semaphore.cb$$Base               0x20008100   Number         0  net_config.o(.bss.os.semaphore.cb)
    .bss.os.semaphore.cb$$Limit              0x20008110   Number         0  net_config.o(.bss.os.semaphore.cb)
    .bss.os.thread.cb$$Base                  0x20008110   Number         0  rtx_lib.o(.bss.os.thread.cb)
    .bss.os.thread.cb$$Limit                 0x20008220   Number         0  net_config.o(.bss.os.thread.cb)
    .bss.os.timer.cb$$Base                   0x20008620   Number         0  net_config.o(.bss.os.timer.cb)
    .bss.os.timer.cb$$Limit                  0x20008640   Number         0  net_config.o(.bss.os.timer.cb)
    SPIdrv                                   0x20008644   Data           4  lcd_1.o(.data)
    sdatestructureget                        0x20008654   Data           4  rtc_2.o(.data)
    sdatestructure                           0x20008658   Data           4  rtc_2.o(.data)
    LEDrun                                   0x2000865c   Data           1  http_server.o(.data)
    lcd_text                                 0x2000865d   Data          42  http_server.o(.data)
    TID_Display                              0x20008688   Data           4  http_server.o(.data)
    TID_Led                                  0x2000868c   Data           4  http_server.o(.data)
    TID_RTC                                  0x20008690   Data           4  http_server.o(.data)
    TID_Alarma                               0x20008694   Data           4  http_server.o(.data)
    TID_SNTP                                 0x20008698   Data           4  http_server.o(.data)
    TID_PWR                                  0x2000869c   Data           4  http_server.o(.data)
    id_tim_1s                                0x200086a0   Data           4  http_server.o(.data)
    id_tim_6s                                0x200086a4   Data           4  http_server.o(.data)
    id_tim_3m                                0x200086a8   Data           4  http_server.o(.data)
    id_tim_sleepOff                          0x200086ac   Data           4  http_server.o(.data)
    timer_1seg                               0x200086b0   Data           2  http_server.o(.data)
    uwTick                                   0x200086c4   Data           4  stm32f4xx_hal.o(.data)
    uwTickPrio                               0x200086c8   Data           4  stm32f4xx_hal.o(.data)
    uwTickFreq                               0x200086cc   Data           1  stm32f4xx_hal.o(.data)
    SystemCoreClock                          0x200086d0   Data           4  system_stm32f4xx.o(.data)
    __stdout                                 0x200086e4   Data           4  stdout.o(.data)
    osRtxInfo                                0x200086e8   Data         164  rtx_kernel.o(.data.os)
    buffer                                   0x2000878c   Data         512  lcd_1.o(.bss)
    GPIO_InitStruct                          0x2000898c   Data          20  lcd_1.o(.bss)
    stimestructureget                        0x200089a0   Data          20  rtc_2.o(.bss)
    RtcHandle                                0x200089b4   Data          32  rtc_2.o(.bss)
    alarma                                   0x200089d4   Data          40  rtc_2.o(.bss)
    stimestructure                           0x200089fc   Data          20  rtc_2.o(.bss)
    app_main_stk                             0x20008a10   Data        1024  http_server.o(.bss)
    aShowTime                                0x20008e10   Data          10  http_server.o(.bss)
    aShowDate                                0x20008e1a   Data          10  http_server.o(.bss)
    t_SNTP                                   0x20008e5c   Data          44  sntp.o(.bss)
    net_http_control                         0x2000efcc   Data          20  net_http_server.o(.bss..L_MergedGlobals)
    net_sys_control                          0x2000f020   Data          28  net_sys.o(.bss..L_MergedGlobals)
    net_dbg_buf                              0x2000f078   Data          36  net_sys.o(.bss.net_dbg_buf)
    net_eth0_arp_control                     0x2000f09c   Data          24  net_arp.o(.bss.net_eth0_arp_control)
    net_eth0_icmp_control                    0x2000f0b4   Data           1  net_icmp.o(.bss.net_eth0_icmp_control)
    net_eth0_if_control                      0x2000f0b8   Data         160  net_eth.o(.bss.net_eth0_if_control)
    net_eth0_igmp_control                    0x2000f158   Data           4  net_igmp.o(.bss.net_eth0_igmp_control)
    net_ping_control                         0x2000f160   Data          44  net_ping_core.o(.bss.net_ping_control)
    net_sntp_control                         0x2000f18c   Data          44  net_sntp_client_core.o(.bss.net_sntp_control)
    __initial_sp                             0x2000f5e0   Data           0  startup_stm32f429xx.o(STACK)



==============================================================================

Memory Map of the image

  Image Entry point : 0x080001ad

  Load Region LR_IROM1 (Base: 0x08000000, Size: 0x0002af58, Max: 0x00200000, ABSOLUTE, COMPRESSED[0x00022908])

    Execution Region ER_IROM1 (Exec base: 0x08000000, Load base: 0x08000000, Size: 0x000227cc, Max: 0x00200000, ABSOLUTE)

    Exec Addr    Load Addr    Size         Type   Attr      Idx    E Section Name        Object

    0x08000000   0x08000000   0x000001ac   Data   RO         1674    RESET               startup_stm32f429xx.o
    0x080001ac   0x080001ac   0x00000000   Code   RO         2991  * .ARM.Collect$$$$00000000  mc_w.l(entry.o)
    0x080001ac   0x080001ac   0x00000004   Code   RO         3291    .ARM.Collect$$$$00000001  mc_w.l(entry2.o)
    0x080001b0   0x080001b0   0x00000004   Code   RO         3294    .ARM.Collect$$$$00000004  mc_w.l(entry5.o)
    0x080001b4   0x080001b4   0x00000000   Code   RO         3296    .ARM.Collect$$$$00000008  mc_w.l(entry7b.o)
    0x080001b4   0x080001b4   0x00000000   Code   RO         3298    .ARM.Collect$$$$0000000A  mc_w.l(entry8b.o)
    0x080001b4   0x080001b4   0x00000008   Code   RO         3299    .ARM.Collect$$$$0000000B  mc_w.l(entry9a.o)
    0x080001bc   0x080001bc   0x00000004   Code   RO         3306    .ARM.Collect$$$$0000000E  mc_w.l(entry12b.o)
    0x080001c0   0x080001c0   0x00000000   Code   RO         3301    .ARM.Collect$$$$0000000F  mc_w.l(entry10a.o)
    0x080001c0   0x080001c0   0x00000000   Code   RO         3303    .ARM.Collect$$$$00000011  mc_w.l(entry11a.o)
    0x080001c0   0x080001c0   0x00000004   Code   RO         3292    .ARM.Collect$$$$00002712  mc_w.l(entry2.o)
    0x080001c4   0x080001c4   0x00000148   Code   RO          825    .emb_text           rtx_mempool.o
    0x0800030c   0x0800030c   0x00000148   Code   RO          856    .emb_text           rtx_msgqueue.o
    0x08000454   0x08000454   0x00000148   Code   RO          921    .emb_text           rtx_semaphore.o
    0x0800059c   0x0800059c   0x00000148   Code   RO          952    .emb_text           rtx_system.o
    0x080006e4   0x080006e4   0x00000148   Code   RO          986    .emb_text           rtx_thread.o
    0x0800082c   0x0800082c   0x00000074   Code   RO         1201    .emb_text           eventrecorder.o
    0x080008a0   0x080008a0   0x00000138   Code   RO            4    .text               main.o
    0x080009d8   0x080009d8   0x00000074   Code   RO          168    .text               stm32f4xx_it.o
    0x08000a4c   0x08000a4c   0x00000004   Code   RO          196    .text               stm32f4xx_hal_msp.o
    0x08000a50   0x08000a50   0x00000088   Code   RO          217    .text               web.o
    0x08000ad8   0x08000ad8   0x00000528   Code   RO          253    .text               lcd_1.o
    0x08001000   0x08001000   0x00000148   Code   RO          290    .text               adc.o
    0x08001148   0x08001148   0x000001fc   Code   RO          315    .text               rtc_2.o
    0x08001344   0x08001344   0x000003e8   Code   RO          346    .text               http_server.o
    0x0800172c   0x0800172c   0x000007f8   Code   RO          425    .text               http_server_cgi.o
    0x08001f24   0x08001f24   0x000001b4   Code   RO          448    .text               sntp.o
    0x080020d8   0x080020d8   0x00000370   Code   RO          493    .text               pwr.o
    0x08002448   0x08002448   0x000000bc   Code   RO          523    .text               buttons_nucleo_f429zi.o
    0x08002504   0x08002504   0x00000124   Code   RO          549    .text               led_nucleo_f429zi.o
    0x08002628   0x08002628   0x00000094   Code   RO          573    .text               irq_armv7m.o
    0x080026bc   0x080026bc   0x0000011c   Code   RO          581    .text               rtx_delay.o
    0x080027d8   0x080027d8   0x00000dd8   Code   RO          679    .text               rtx_evr.o
    0x080035b0   0x080035b0   0x000008b0   Code   RO          704    .text               rtx_kernel.o
    0x08003e60   0x08003e60   0x00000018   Code   RO          752    .text               rtx_lib.o
    0x08003e78   0x08003e78   0x000001de   Code   RO          795    .text               rtx_memory.o
    0x08004056   0x08004056   0x00000002   PAD
    0x08004058   0x08004058   0x000007a4   Code   RO          826    .text               rtx_mempool.o
    0x080047fc   0x080047fc   0x00000b88   Code   RO          857    .text               rtx_msgqueue.o
    0x08005384   0x08005384   0x00000644   Code   RO          891    .text               rtx_mutex.o
    0x080059c8   0x080059c8   0x00000532   Code   RO          922    .text               rtx_semaphore.o
    0x08005efa   0x08005efa   0x00000002   PAD
    0x08005efc   0x08005efc   0x000001bc   Code   RO          953    .text               rtx_system.o
    0x080060b8   0x080060b8   0x0000156c   Code   RO          987    .text               rtx_thread.o
    0x08007624   0x08007624   0x00000538   Code   RO         1021    .text               rtx_timer.o
    0x08007b5c   0x08007b5c   0x000000dc   Code   RO         1051    .text               os_systick.o
    0x08007c38   0x08007c38   0x00000024   Code   RO         1077    .text               rtx_config.o
    0x08007c5c   0x08007c5c   0x00000224   Code   RO         1098    .text               phy_lan8742a.o
    0x08007e80   0x08007e80   0x00000d0c   Code   RO         1125    .text               emac_stm32f4xx.o
    0x08008b8c   0x08008b8c   0x00001014   Code   RO         1166    .text               spi_stm32f4xx.o
    0x08009ba0   0x08009ba0   0x000005f8   Code   RO         1202    .text               eventrecorder.o
    0x0800a198   0x0800a198   0x00000210   Code   RO         1236    .text               stm32f4xx_hal.o
    0x0800a3a8   0x0800a3a8   0x00000ca8   Code   RO         1266    .text               stm32f4xx_hal_adc.o
    0x0800b050   0x0800b050   0x00000894   Code   RO         1290    .text               stm32f4xx_hal_adc_ex.o
    0x0800b8e4   0x0800b8e4   0x00000384   Code   RO         1314    .text               stm32f4xx_hal_cortex.o
    0x0800bc68   0x0800bc68   0x000008b0   Code   RO         1342    .text               stm32f4xx_hal_dma.o
    0x0800c518   0x0800c518   0x000003e4   Code   RO         1391    .text               stm32f4xx_hal_gpio.o
    0x0800c8fc   0x0800c8fc   0x000001dc   Code   RO         1415    .text               stm32f4xx_hal_pwr.o
    0x0800cad8   0x0800cad8   0x00000934   Code   RO         1463    .text               stm32f4xx_hal_rcc.o
    0x0800d40c   0x0800d40c   0x00000734   Code   RO         1487    .text               stm32f4xx_hal_rcc_ex.o
    0x0800db40   0x0800db40   0x00000b78   Code   RO         1511    .text               stm32f4xx_hal_rtc.o
    0x0800e6b8   0x0800e6b8   0x00000de6   Code   RO         1535    .text               stm32f4xx_hal_rtc_ex.o
    0x0800f49e   0x0800f49e   0x00000002   PAD
    0x0800f4a0   0x0800f4a0   0x00000024   Code   RO         1675    .text               startup_stm32f429xx.o
    0x0800f4c4   0x0800f4c4   0x000000cc   Code   RO         1682    .text               system_stm32f4xx.o
    0x0800f590   0x0800f590   0x00000168   Code   RO         1710    .text               net_config.o
    0x0800f6f8   0x0800f6f8   0x00000128   Code   RO         1762    .text               net_debug.o
    0x0800f820   0x0800f820   0x00000062   Code   RO         2994    .text               mc_w.l(uldiv.o)
    0x0800f882   0x0800f882   0x00000002   PAD
    0x0800f884   0x0800f884   0x00000094   Code   RO         2996    .text               mc_w.l(localtime.o)
    0x0800f918   0x0800f918   0x00000024   Code   RO         3000    .text               mc_w.l(memcpya.o)
    0x0800f93c   0x0800f93c   0x00000024   Code   RO         3002    .text               mc_w.l(memseta.o)
    0x0800f960   0x0800f960   0x00000018   Code   RO         3004    .text               mc_w.l(strncpy.o)
    0x0800f978   0x0800f978   0x0000000e   Code   RO         3006    .text               mc_w.l(strlen.o)
    0x0800f986   0x0800f986   0x0000001c   Code   RO         3008    .text               mc_w.l(strcmp.o)
    0x0800f9a2   0x0800f9a2   0x0000001a   Code   RO         3010    .text               mc_w.l(memcmp.o)
    0x0800f9bc   0x0800f9bc   0x00000012   Code   RO         3012    .text               mc_w.l(strcpy.o)
    0x0800f9ce   0x0800f9ce   0x0000001e   Code   RO         3014    .text               mc_w.l(strncmp.o)
    0x0800f9ec   0x0800f9ec   0x00000064   Code   RO         3279    .text               mf_w.l(fmul.o)
    0x0800fa50   0x0800fa50   0x0000007c   Code   RO         3281    .text               mf_w.l(fdiv.o)
    0x0800facc   0x0800facc   0x000000de   Code   RO         3283    .text               mf_w.l(ddiv.o)
    0x0800fbaa   0x0800fbaa   0x0000000a   Code   RO         3285    .text               mf_w.l(ffltui.o)
    0x0800fbb4   0x0800fbb4   0x00000028   Code   RO         3287    .text               mf_w.l(ffixui.o)
    0x0800fbdc   0x0800fbdc   0x00000026   Code   RO         3289    .text               mf_w.l(f2d.o)
    0x0800fc02   0x0800fc02   0x0000002c   Code   RO         3310    .text               mc_w.l(uidiv.o)
    0x0800fc2e   0x0800fc2e   0x0000001e   Code   RO         3312    .text               mc_w.l(llshl.o)
    0x0800fc4c   0x0800fc4c   0x00000020   Code   RO         3314    .text               mc_w.l(llushr.o)
    0x0800fc6c   0x0800fc6c   0x00000000   Code   RO         3316    .text               mc_w.l(iusefp.o)
    0x0800fc6c   0x0800fc6c   0x0000006e   Code   RO         3317    .text               mf_w.l(fepilogue.o)
    0x0800fcda   0x0800fcda   0x000000ba   Code   RO         3319    .text               mf_w.l(depilogue.o)
    0x0800fd94   0x0800fd94   0x0000014e   Code   RO         3321    .text               mf_w.l(dadd.o)
    0x0800fee2   0x0800fee2   0x000000e4   Code   RO         3323    .text               mf_w.l(dmul.o)
    0x0800ffc6   0x0800ffc6   0x00000030   Code   RO         3325    .text               mf_w.l(dfixul.o)
    0x0800fff6   0x0800fff6   0x00000002   PAD
    0x0800fff8   0x0800fff8   0x00000030   Code   RO         3327    .text               mf_w.l(cdrcmple.o)
    0x08010028   0x08010028   0x00000024   Code   RO         3329    .text               mc_w.l(init.o)
    0x0801004c   0x0801004c   0x00000000   Code   RO         3331    .text               mc_w.l(semi.o)
    0x0801004c   0x0801004c   0x00000024   Code   RO         3332    .text               mc_w.l(llsshr.o)
    0x08010070   0x08010070   0x00000000   Code   RO         3334    .text               mc_w.l(iusesemip.o)
    0x08010070   0x08010070   0x00000056   Code   RO         3342    .text               mc_w.l(__dczerorl2.o)
    0x080100c6   0x080100c6   0x0000000e   Code   RO         1827    .text.OUTLINED_FUNCTION_0  Net_Dbg_CM3_L.lib(net_eth.o)
    0x080100d4   0x080100d4   0x00000008   Code   RO         1956    .text.OUTLINED_FUNCTION_0  Net_Dbg_CM3_L.lib(net_igmp.o)
    0x080100dc   0x080100dc   0x0000000a   Code   RO         1980    .text.OUTLINED_FUNCTION_0  Net_Dbg_CM3_L.lib(net_loopback.o)
    0x080100e6   0x080100e6   0x00000006   Code   RO         2004    .text.OUTLINED_FUNCTION_0  Net_Dbg_CM3_L.lib(net_ip4_frag.o)
    0x080100ec   0x080100ec   0x00000006   Code   RO         2089    .text.OUTLINED_FUNCTION_0  Net_Dbg_CM3_L.lib(net_udp.o)
    0x080100f2   0x080100f2   0x00000006   Code   RO         2215    .text.OUTLINED_FUNCTION_0  Net_Dbg_CM3_L.lib(net_tcp.o)
    0x080100f8   0x080100f8   0x0000000a   Code   RO         2278    .text.OUTLINED_FUNCTION_0  Net_Dbg_CM3_L.lib(net_nbns_client.o)
    0x08010102   0x08010102   0x00000008   Code   RO         2395    .text.OUTLINED_FUNCTION_0  Net_Dbg_CM3_L.lib(net_http_server.o)
    0x0801010a   0x0801010a   0x00000006   Code   RO         2495    .text.OUTLINED_FUNCTION_0  Net_Dbg_CM3_L.lib(net_sntp_client_core.o)
    0x08010110   0x08010110   0x00000008   Code   RO         2524    .text.OUTLINED_FUNCTION_0  Net_Dbg_CM3_L.lib(net_ping_core.o)
    0x08010118   0x08010118   0x00000008   Code   RO         2576    .text.OUTLINED_FUNCTION_0  Net_Dbg_CM3_L.lib(net_sys.o)
    0x08010120   0x08010120   0x0000000c   Code   RO         2650    .text.OUTLINED_FUNCTION_0  Net_Dbg_CM3_L.lib(net_addr.o)
    0x0801012c   0x0801012c   0x00000006   Code   RO         2714    .text.OUTLINED_FUNCTION_0  Net_Dbg_CM3_L.lib(net_ndp.o)
    0x08010132   0x08010132   0x00000006   Code   RO         2818    .text.OUTLINED_FUNCTION_0  Net_Dbg_CM3_L.lib(net_ip6.o)
    0x08010138   0x08010138   0x00000006   Code   RO         1829    .text.OUTLINED_FUNCTION_1  Net_Dbg_CM3_L.lib(net_eth.o)
    0x0801013e   0x0801013e   0x0000000a   Code   RO         2006    .text.OUTLINED_FUNCTION_1  Net_Dbg_CM3_L.lib(net_ip4_frag.o)
    0x08010148   0x08010148   0x00000006   Code   RO         2091    .text.OUTLINED_FUNCTION_1  Net_Dbg_CM3_L.lib(net_udp.o)
    0x0801014e   0x0801014e   0x0000000a   Code   RO         2217    .text.OUTLINED_FUNCTION_1  Net_Dbg_CM3_L.lib(net_tcp.o)
    0x08010158   0x08010158   0x00000008   Code   RO         2397    .text.OUTLINED_FUNCTION_1  Net_Dbg_CM3_L.lib(net_http_server.o)
    0x08010160   0x08010160   0x0000000a   Code   RO         2497    .text.OUTLINED_FUNCTION_1  Net_Dbg_CM3_L.lib(net_sntp_client_core.o)
    0x0801016a   0x0801016a   0x0000000e   Code   RO         2652    .text.OUTLINED_FUNCTION_1  Net_Dbg_CM3_L.lib(net_addr.o)
    0x08010178   0x08010178   0x00000006   Code   RO         2716    .text.OUTLINED_FUNCTION_1  Net_Dbg_CM3_L.lib(net_ndp.o)
    0x0801017e   0x0801017e   0x0000000a   Code   RO         1847    .text.OUTLINED_FUNCTION_10  Net_Dbg_CM3_L.lib(net_eth.o)
    0x08010188   0x08010188   0x0000000a   Code   RO         2235    .text.OUTLINED_FUNCTION_10  Net_Dbg_CM3_L.lib(net_tcp.o)
    0x08010192   0x08010192   0x00000006   Code   RO         2415    .text.OUTLINED_FUNCTION_10  Net_Dbg_CM3_L.lib(net_http_server.o)
    0x08010198   0x08010198   0x0000000a   Code   RO         2734    .text.OUTLINED_FUNCTION_10  Net_Dbg_CM3_L.lib(net_ndp.o)
    0x080101a2   0x080101a2   0x00000006   Code   RO         2237    .text.OUTLINED_FUNCTION_11  Net_Dbg_CM3_L.lib(net_tcp.o)
    0x080101a8   0x080101a8   0x0000000a   Code   RO         2417    .text.OUTLINED_FUNCTION_11  Net_Dbg_CM3_L.lib(net_http_server.o)
    0x080101b2   0x080101b2   0x00000006   Code   RO         2736    .text.OUTLINED_FUNCTION_11  Net_Dbg_CM3_L.lib(net_ndp.o)
    0x080101b8   0x080101b8   0x00000012   Code   RO         2239    .text.OUTLINED_FUNCTION_12  Net_Dbg_CM3_L.lib(net_tcp.o)
    0x080101ca   0x080101ca   0x0000000c   Code   RO         2241    .text.OUTLINED_FUNCTION_13  Net_Dbg_CM3_L.lib(net_tcp.o)
    0x080101d6   0x080101d6   0x0000000e   Code   RO         2243    .text.OUTLINED_FUNCTION_14  Net_Dbg_CM3_L.lib(net_tcp.o)
    0x080101e4   0x080101e4   0x0000000c   Code   RO         2245    .text.OUTLINED_FUNCTION_15  Net_Dbg_CM3_L.lib(net_tcp.o)
    0x080101f0   0x080101f0   0x0000000a   Code   RO         2249    .text.OUTLINED_FUNCTION_17  Net_Dbg_CM3_L.lib(net_tcp.o)
    0x080101fa   0x080101fa   0x00000008   Code   RO         2251    .text.OUTLINED_FUNCTION_18  Net_Dbg_CM3_L.lib(net_tcp.o)
    0x08010202   0x08010202   0x0000000e   Code   RO         2253    .text.OUTLINED_FUNCTION_19  Net_Dbg_CM3_L.lib(net_tcp.o)
    0x08010210   0x08010210   0x00000006   Code   RO         1831    .text.OUTLINED_FUNCTION_2  Net_Dbg_CM3_L.lib(net_eth.o)
    0x08010216   0x08010216   0x00000012   Code   RO         2093    .text.OUTLINED_FUNCTION_2  Net_Dbg_CM3_L.lib(net_udp.o)
    0x08010228   0x08010228   0x00000006   Code   RO         2219    .text.OUTLINED_FUNCTION_2  Net_Dbg_CM3_L.lib(net_tcp.o)
    0x0801022e   0x0801022e   0x00000006   Code   RO         2399    .text.OUTLINED_FUNCTION_2  Net_Dbg_CM3_L.lib(net_http_server.o)
    0x08010234   0x08010234   0x00000006   Code   RO         2499    .text.OUTLINED_FUNCTION_2  Net_Dbg_CM3_L.lib(net_sntp_client_core.o)
    0x0801023a   0x0801023a   0x00000008   Code   RO         2718    .text.OUTLINED_FUNCTION_2  Net_Dbg_CM3_L.lib(net_ndp.o)
    0x08010242   0x08010242   0x0000000e   Code   RO         2255    .text.OUTLINED_FUNCTION_20  Net_Dbg_CM3_L.lib(net_tcp.o)
    0x08010250   0x08010250   0x0000000a   Code   RO         2257    .text.OUTLINED_FUNCTION_21  Net_Dbg_CM3_L.lib(net_tcp.o)
    0x0801025a   0x0801025a   0x0000000a   Code   RO         2259    .text.OUTLINED_FUNCTION_22  Net_Dbg_CM3_L.lib(net_tcp.o)
    0x08010264   0x08010264   0x00000006   Code   RO         1833    .text.OUTLINED_FUNCTION_3  Net_Dbg_CM3_L.lib(net_eth.o)
    0x0801026a   0x0801026a   0x00000008   Code   RO         1917    .text.OUTLINED_FUNCTION_3  Net_Dbg_CM3_L.lib(net_arp.o)
    0x08010272   0x08010272   0x0000000c   Code   RO         2221    .text.OUTLINED_FUNCTION_3  Net_Dbg_CM3_L.lib(net_tcp.o)
    0x0801027e   0x0801027e   0x00000008   Code   RO         2401    .text.OUTLINED_FUNCTION_3  Net_Dbg_CM3_L.lib(net_http_server.o)
    0x08010286   0x08010286   0x0000000a   Code   RO         2501    .text.OUTLINED_FUNCTION_3  Net_Dbg_CM3_L.lib(net_sntp_client_core.o)
    0x08010290   0x08010290   0x00000008   Code   RO         2720    .text.OUTLINED_FUNCTION_3  Net_Dbg_CM3_L.lib(net_ndp.o)
    0x08010298   0x08010298   0x0000000e   Code   RO         1835    .text.OUTLINED_FUNCTION_4  Net_Dbg_CM3_L.lib(net_eth.o)
    0x080102a6   0x080102a6   0x0000000e   Code   RO         1919    .text.OUTLINED_FUNCTION_4  Net_Dbg_CM3_L.lib(net_arp.o)
    0x080102b4   0x080102b4   0x00000006   Code   RO         2223    .text.OUTLINED_FUNCTION_4  Net_Dbg_CM3_L.lib(net_tcp.o)
    0x080102ba   0x080102ba   0x00000006   Code   RO         2403    .text.OUTLINED_FUNCTION_4  Net_Dbg_CM3_L.lib(net_http_server.o)
    0x080102c0   0x080102c0   0x0000000a   Code   RO         1837    .text.OUTLINED_FUNCTION_5  Net_Dbg_CM3_L.lib(net_eth.o)
    0x080102ca   0x080102ca   0x0000000e   Code   RO         1921    .text.OUTLINED_FUNCTION_5  Net_Dbg_CM3_L.lib(net_arp.o)
    0x080102d8   0x080102d8   0x0000000e   Code   RO         2225    .text.OUTLINED_FUNCTION_5  Net_Dbg_CM3_L.lib(net_tcp.o)
    0x080102e6   0x080102e6   0x00000006   Code   RO         2405    .text.OUTLINED_FUNCTION_5  Net_Dbg_CM3_L.lib(net_http_server.o)
    0x080102ec   0x080102ec   0x0000000e   Code   RO         2724    .text.OUTLINED_FUNCTION_5  Net_Dbg_CM3_L.lib(net_ndp.o)
    0x080102fa   0x080102fa   0x00000006   Code   RO         1839    .text.OUTLINED_FUNCTION_6  Net_Dbg_CM3_L.lib(net_eth.o)
    0x08010300   0x08010300   0x0000000a   Code   RO         2227    .text.OUTLINED_FUNCTION_6  Net_Dbg_CM3_L.lib(net_tcp.o)
    0x0801030a   0x0801030a   0x00000008   Code   RO         2407    .text.OUTLINED_FUNCTION_6  Net_Dbg_CM3_L.lib(net_http_server.o)
    0x08010312   0x08010312   0x00000006   Code   RO         2726    .text.OUTLINED_FUNCTION_6  Net_Dbg_CM3_L.lib(net_ndp.o)
    0x08010318   0x08010318   0x00000008   Code   RO         1841    .text.OUTLINED_FUNCTION_7  Net_Dbg_CM3_L.lib(net_eth.o)
    0x08010320   0x08010320   0x00000014   Code   RO         2229    .text.OUTLINED_FUNCTION_7  Net_Dbg_CM3_L.lib(net_tcp.o)
    0x08010334   0x08010334   0x0000000c   Code   RO         2409    .text.OUTLINED_FUNCTION_7  Net_Dbg_CM3_L.lib(net_http_server.o)
    0x08010340   0x08010340   0x0000000e   Code   RO         2728    .text.OUTLINED_FUNCTION_7  Net_Dbg_CM3_L.lib(net_ndp.o)
    0x0801034e   0x0801034e   0x00000008   Code   RO         1843    .text.OUTLINED_FUNCTION_8  Net_Dbg_CM3_L.lib(net_eth.o)
    0x08010356   0x08010356   0x00000010   Code   RO         2231    .text.OUTLINED_FUNCTION_8  Net_Dbg_CM3_L.lib(net_tcp.o)
    0x08010366   0x08010366   0x00000008   Code   RO         2411    .text.OUTLINED_FUNCTION_8  Net_Dbg_CM3_L.lib(net_http_server.o)
    0x0801036e   0x0801036e   0x0000000a   Code   RO         2730    .text.OUTLINED_FUNCTION_8  Net_Dbg_CM3_L.lib(net_ndp.o)
    0x08010378   0x08010378   0x0000000a   Code   RO         1845    .text.OUTLINED_FUNCTION_9  Net_Dbg_CM3_L.lib(net_eth.o)
    0x08010382   0x08010382   0x0000000c   Code   RO         2233    .text.OUTLINED_FUNCTION_9  Net_Dbg_CM3_L.lib(net_tcp.o)
    0x0801038e   0x0801038e   0x0000000a   Code   RO         2413    .text.OUTLINED_FUNCTION_9  Net_Dbg_CM3_L.lib(net_http_server.o)
    0x08010398   0x08010398   0x0000005c   Code   RO         2377    .text.add_server_id  Net_Dbg_CM3_L.lib(net_http_server.o)
    0x080103f4   0x080103f4   0x00000062   Code   RO         1881    .text.arp_cache_alloc  Net_Dbg_CM3_L.lib(net_arp.o)
    0x08010456   0x08010456   0x00000034   Code   RO         1879    .text.arp_is_cacheable  Net_Dbg_CM3_L.lib(net_arp.o)
    0x0801048a   0x0801048a   0x00000002   PAD
    0x0801048c   0x0801048c   0x000000e4   Code   RO         1871    .text.arp_proc_response  Net_Dbg_CM3_L.lib(net_arp.o)
    0x08010570   0x08010570   0x00000018   Code   RO         1883    .text.arp_que_free  Net_Dbg_CM3_L.lib(net_arp.o)
    0x08010588   0x08010588   0x0000008c   Code   RO         1869    .text.arp_send_reply  Net_Dbg_CM3_L.lib(net_arp.o)
    0x08010614   0x08010614   0x000000d0   Code   RO         1875    .text.arp_send_request  Net_Dbg_CM3_L.lib(net_arp.o)
    0x080106e4   0x080106e4   0x00000068   Code   RO         1865    .text.arp_sender_valid  Net_Dbg_CM3_L.lib(net_arp.o)
    0x0801074c   0x0801074c   0x00000194   Code   RO         2385    .text.chk_post_req  Net_Dbg_CM3_L.lib(net_http_server.o)
    0x080108e0   0x080108e0   0x00000030   Code   RO         2910    .text.crc32_8bit    Net_Dbg_CM3_L.lib(net_common.o)
    0x08010910   0x08010910   0x00000088   Code   RO         1797    .text.eth_check_link  Net_Dbg_CM3_L.lib(net_eth.o)
    0x08010998   0x08010998   0x00000018   Code   RO         1805    .text.eth_if_map    Net_Dbg_CM3_L.lib(net_eth.o)
    0x080109b0   0x080109b0   0x00000008   Code   RO         1795    .text.eth_lock      Net_Dbg_CM3_L.lib(net_eth.o)
    0x080109b8   0x080109b8   0x0000004e   Code   RO         1807    .text.eth_opt_len   Net_Dbg_CM3_L.lib(net_eth.o)
    0x08010a06   0x08010a06   0x00000008   Code   RO         1799    .text.eth_unlock    Net_Dbg_CM3_L.lib(net_eth.o)
    0x08010a0e   0x08010a0e   0x00000034   Code   RO         2389    .text.get_next_field  Net_Dbg_CM3_L.lib(net_http_server.o)
    0x08010a42   0x08010a42   0x0000003e   Code   RO         2391    .text.get_next_par  Net_Dbg_CM3_L.lib(net_http_server.o)
    0x08010a80   0x08010a80   0x00000026   Code   RO         2940    .text.hex2uc        Net_Dbg_CM3_L.lib(net_common.o)
    0x08010aa6   0x08010aa6   0x00000002   PAD
    0x08010aa8   0x08010aa8   0x000003ec   Code   RO         2371    .text.http_add_header  Net_Dbg_CM3_L.lib(net_http_server.o)
    0x08010e94   0x08010e94   0x00000050   Code   RO         2440    .text.http_auth_basic_add  Net_Dbg_CM3_L.lib(net_http_server_auth.o)
    0x08010ee4   0x08010ee4   0x00000090   Code   RO         2442    .text.http_auth_basic_parse  Net_Dbg_CM3_L.lib(net_http_server_auth.o)
    0x08010f74   0x08010f74   0x00000002   Code   RO         2438    .text.http_auth_dummy  Net_Dbg_CM3_L.lib(net_http_server_auth.o)
    0x08010f76   0x08010f76   0x00000002   PAD
    0x08010f78   0x08010f78   0x00000020   Code   RO         2436    .text.http_auth_init  Net_Dbg_CM3_L.lib(net_http_server_auth.o)
    0x08010f98   0x08010f98   0x0000006c   Code   RO         2367    .text.http_kill_session  Net_Dbg_CM3_L.lib(net_http_server.o)
    0x08011004   0x08011004   0x00000450   Code   RO         2291    .text.http_listener  Net_Dbg_CM3_L.lib(net_http_server.o)
    0x08011454   0x08011454   0x000001c0   Code   RO         2375    .text.http_open_file  Net_Dbg_CM3_L.lib(net_http_server.o)
    0x08011614   0x08011614   0x000002a0   Code   RO         2381    .text.http_parse_header  Net_Dbg_CM3_L.lib(net_http_server.o)
    0x080118b4   0x080118b4   0x00000130   Code   RO         2387    .text.http_proc_post  Net_Dbg_CM3_L.lib(net_http_server.o)
    0x080119e4   0x080119e4   0x000000d4   Code   RO         2379    .text.http_proc_uri  Net_Dbg_CM3_L.lib(net_http_server.o)
    0x08011ab8   0x08011ab8   0x00000068   Code   RO         2293    .text.http_server_start  Net_Dbg_CM3_L.lib(net_http_server.o)
    0x08011b20   0x08011b20   0x00000070   Code   RO         2383    .text.http_set_ftype  Net_Dbg_CM3_L.lib(net_http_server.o)
    0x08011b90   0x08011b90   0x00000018   Code   RO         2373    .text.http_strcpy   Net_Dbg_CM3_L.lib(net_http_server.o)
    0x08011ba8   0x08011ba8   0x0000001e   Code   RO         2930    .text.i2str         Net_Dbg_CM3_L.lib(net_common.o)
    0x08011bc6   0x08011bc6   0x0000001e   Code   RO         1942    .text.igmp_map_group  Net_Dbg_CM3_L.lib(net_igmp.o)
    0x08011be4   0x08011be4   0x00000074   Code   RO         1944    .text.igmp_send_report  Net_Dbg_CM3_L.lib(net_igmp.o)
    0x08011c58   0x08011c58   0x0000000e   Code   RO         2758    .text.ip4_get_chksum  Net_Dbg_CM3_L.lib(net_ip4.o)
    0x08011c66   0x08011c66   0x00000020   Code   RO         2760    .text.ip4_get_mtu   Net_Dbg_CM3_L.lib(net_ip4.o)
    0x08011c86   0x08011c86   0x0000002e   Code   RO         2598    .text.ip4_ntoa      Net_Dbg_CM3_L.lib(net_addr.o)
    0x08011cb4   0x08011cb4   0x00000020   Code   RO         2798    .text.ip6_get_mtu   Net_Dbg_CM3_L.lib(net_ip6.o)
    0x08011cd4   0x08011cd4   0x00000108   Code   RO         2602    .text.ip6_ntoa      Net_Dbg_CM3_L.lib(net_addr.o)
    0x08011ddc   0x08011ddc   0x0000000c   Code   RO         2869    .text.mem_lock      Net_Dbg_CM3_L.lib(net_mem.o)
    0x08011de8   0x08011de8   0x0000000c   Code   RO         2871    .text.mem_unlock    Net_Dbg_CM3_L.lib(net_mem.o)
    0x08011df4   0x08011df4   0x000001c0   Code   RO         2274    .text.nbns_listener  Net_Dbg_CM3_L.lib(net_nbns_client.o)
    0x08011fb4   0x08011fb4   0x00000118   Code   RO         2676    .text.ndp_cache_add  Net_Dbg_CM3_L.lib(net_ndp.o)
    0x080120cc   0x080120cc   0x00000080   Code   RO         2684    .text.ndp_cache_alloc  Net_Dbg_CM3_L.lib(net_ndp.o)
    0x0801214c   0x0801214c   0x0000002a   Code   RO         2674    .text.ndp_check_frame  Net_Dbg_CM3_L.lib(net_ndp.o)
    0x08012176   0x08012176   0x00000018   Code   RO         2686    .text.ndp_que_free  Net_Dbg_CM3_L.lib(net_ndp.o)
    0x0801218e   0x0801218e   0x00000002   PAD
    0x08012190   0x08012190   0x00000038   Code   RO         2712    .text.ndp_router_remove  Net_Dbg_CM3_L.lib(net_ndp.o)
    0x080121c8   0x080121c8   0x000000a4   Code   RO         2678    .text.ndp_send_reply  Net_Dbg_CM3_L.lib(net_ndp.o)
    0x0801226c   0x0801226c   0x000000d4   Code   RO         2708    .text.ndp_send_request  Net_Dbg_CM3_L.lib(net_ndp.o)
    0x08012340   0x08012340   0x00000004   Code   RO         2349    .text.netCGI_Charset  Net_Dbg_CM3_L.lib(net_http_server.o)
    0x08012344   0x08012344   0x00000004   Code   RO         2345    .text.netCGI_ContentType  Net_Dbg_CM3_L.lib(net_http_server.o)
    0x08012348   0x08012348   0x00000004   Code   RO         2351    .text.netCGI_CustomHeader  Net_Dbg_CM3_L.lib(net_http_server.o)
    0x0801234c   0x0801234c   0x00000054   Code   RO         2329    .text.netCGI_GetEnvVar  Net_Dbg_CM3_L.lib(net_http_server.o)
    0x080123a0   0x080123a0   0x00000010   Code   RO         2365    .text.netCGI_ProcessCookie  Net_Dbg_CM3_L.lib(net_http_server.o)
    0x080123b0   0x080123b0   0x00000010   Code   RO         2363    .text.netCGI_ProcessRequest  Net_Dbg_CM3_L.lib(net_http_server.o)
    0x080123c0   0x080123c0   0x00000004   Code   RO         2353    .text.netCGI_Redirect  Net_Dbg_CM3_L.lib(net_http_server.o)
    0x080123c4   0x080123c4   0x00000004   Code   RO         2347    .text.netCGX_ContentType  Net_Dbg_CM3_L.lib(net_http_server.o)
    0x080123c8   0x080123c8   0x000000c0   Code   RO         2544    .text.netCore_Thread  Net_Dbg_CM3_L.lib(net_sys.o)
    0x08012488   0x08012488   0x00000002   Code   RO         1823    .text.netETH_Notify  Net_Dbg_CM3_L.lib(net_eth.o)
    0x0801248a   0x0801248a   0x00000002   Code   RO         1825    .text.netETH_ReceiveRaw  Net_Dbg_CM3_L.lib(net_eth.o)
    0x0801248c   0x0801248c   0x000000e0   Code   RO         1793    .text.netETH_Thread  Net_Dbg_CM3_L.lib(net_eth.o)
    0x0801256c   0x0801256c   0x00000004   Code   RO         2355    .text.netHTTPs_AcceptClient  Net_Dbg_CM3_L.lib(net_http_server.o)
    0x08012570   0x08012570   0x00000004   Code   RO         2454    .text.netHTTPs_CheckAccount  Net_Dbg_CM3_L.lib(net_http_server_auth.o)
    0x08012574   0x08012574   0x00000004   Code   RO         2357    .text.netHTTPs_FileAccess  Net_Dbg_CM3_L.lib(net_http_server.o)
    0x08012578   0x08012578   0x0000001c   Code   RO         2331    .text.netHTTPs_GetLanguage  Net_Dbg_CM3_L.lib(net_http_server.o)
    0x08012594   0x08012594   0x0000000c   Code   RO         2317    .text.netHTTPs_GetPassword  Net_Dbg_CM3_L.lib(net_http_server.o)
    0x080125a0   0x080125a0   0x0000000c   Code   RO         2323    .text.netHTTPs_LoginActive  Net_Dbg_CM3_L.lib(net_http_server.o)
    0x080125ac   0x080125ac   0x00000058   Code   RO         2319    .text.netHTTPs_SetPassword  Net_Dbg_CM3_L.lib(net_http_server.o)
    0x08012604   0x08012604   0x0000007c   Code   RO         2550    .text.netIF_GetOption  Net_Dbg_CM3_L.lib(net_sys.o)
    0x08012680   0x08012680   0x00000078   Code   RO         2554    .text.netIF_SetOption  Net_Dbg_CM3_L.lib(net_sys.o)
    0x080126f8   0x080126f8   0x0000001a   Code   RO         2592    .text.netIP_aton    Net_Dbg_CM3_L.lib(net_addr.o)
    0x08012712   0x08012712   0x00000030   Code   RO         2606    .text.netIP_ntoa    Net_Dbg_CM3_L.lib(net_addr.o)
    0x08012742   0x08012742   0x00000002   PAD
    0x08012744   0x08012744   0x00000098   Code   RO         2536    .text.netInitialize  Net_Dbg_CM3_L.lib(net_sys.o)
    0x080127dc   0x080127dc   0x00000062   Code   RO         2594    .text.netMAC_aton   Net_Dbg_CM3_L.lib(net_addr.o)
    0x0801283e   0x0801283e   0x0000001c   Code   RO         2477    .text.netSNTPc_GetTime  Net_Dbg_CM3_L.lib(net_sntp_client_core.o)
    0x0801285a   0x0801285a   0x00000004   Code   RO         2159    .text.netTCP_GetLocalPort  Net_Dbg_CM3_L.lib(net_tcp.o)
    0x0801285e   0x0801285e   0x00000018   Code   RO         2163    .text.netTCP_GetPeer  Net_Dbg_CM3_L.lib(net_tcp.o)
    0x08012876   0x08012876   0x00000004   Code   RO         2147    .text.netTCP_GetState  Net_Dbg_CM3_L.lib(net_tcp.o)
    0x0801287a   0x0801287a   0x00000004   Code   RO         2167    .text.netTCP_GetTimer  Net_Dbg_CM3_L.lib(net_tcp.o)
    0x0801287e   0x0801287e   0x0000006c   Code   RO         2588    .text.net_addr4_aton  Net_Dbg_CM3_L.lib(net_addr.o)
    0x080128ea   0x080128ea   0x0000001a   Code   RO         2614    .text.net_addr4_to_mac  Net_Dbg_CM3_L.lib(net_addr.o)
    0x08012904   0x08012904   0x000000d8   Code   RO         2590    .text.net_addr6_aton  Net_Dbg_CM3_L.lib(net_addr.o)
    0x080129dc   0x080129dc   0x00000028   Code   RO         2632    .text.net_addr6_comp  Net_Dbg_CM3_L.lib(net_addr.o)
    0x08012a04   0x08012a04   0x00000012   Code   RO         2630    .text.net_addr6_copy  Net_Dbg_CM3_L.lib(net_addr.o)
    0x08012a16   0x08012a16   0x00000002   PAD
    0x08012a18   0x08012a18   0x00000048   Code   RO         2620    .text.net_addr6_create  Net_Dbg_CM3_L.lib(net_addr.o)
    0x08012a60   0x08012a60   0x00000024   Code   RO         2616    .text.net_addr6_get_solicited  Net_Dbg_CM3_L.lib(net_addr.o)
    0x08012a84   0x08012a84   0x00000016   Code   RO         2622    .text.net_addr6_is_linklocal  Net_Dbg_CM3_L.lib(net_addr.o)
    0x08012a9a   0x08012a9a   0x00000002   PAD
    0x08012a9c   0x08012a9c   0x0000005a   Code   RO         2626    .text.net_addr6_is_onlink  Net_Dbg_CM3_L.lib(net_addr.o)
    0x08012af6   0x08012af6   0x0000003e   Code   RO         2618    .text.net_addr6_is_solicited  Net_Dbg_CM3_L.lib(net_addr.o)
    0x08012b34   0x08012b34   0x00000018   Code   RO         2634    .text.net_addr6_is_unspec  Net_Dbg_CM3_L.lib(net_addr.o)
    0x08012b4c   0x08012b4c   0x0000000e   Code   RO         2636    .text.net_addr6_to_mac  Net_Dbg_CM3_L.lib(net_addr.o)
    0x08012b5a   0x08012b5a   0x0000002a   Code   RO         2642    .text.net_addr_comp  Net_Dbg_CM3_L.lib(net_addr.o)
    0x08012b84   0x08012b84   0x00000034   Code   RO         2640    .text.net_addr_copy  Net_Dbg_CM3_L.lib(net_addr.o)
    0x08012bb8   0x08012bb8   0x0000001a   Code   RO         2644    .text.net_addr_find_route  Net_Dbg_CM3_L.lib(net_addr.o)
    0x08012bd2   0x08012bd2   0x00000002   PAD
    0x08012bd4   0x08012bd4   0x00000020   Code   RO         2646    .text.net_addr_get_local  Net_Dbg_CM3_L.lib(net_addr.o)
    0x08012bf4   0x08012bf4   0x0000001e   Code   RO         2638    .text.net_addr_is_unspec  Net_Dbg_CM3_L.lib(net_addr.o)
    0x08012c12   0x08012c12   0x00000002   PAD
    0x08012c14   0x08012c14   0x00000100   Code   RO         1867    .text.net_arp_cache_add  Net_Dbg_CM3_L.lib(net_arp.o)
    0x08012d14   0x08012d14   0x000000b0   Code   RO         1885    .text.net_arp_cache_early  Net_Dbg_CM3_L.lib(net_arp.o)
    0x08012dc4   0x08012dc4   0x000000e8   Code   RO         1887    .text.net_arp_cache_find  Net_Dbg_CM3_L.lib(net_arp.o)
    0x08012eac   0x08012eac   0x00000044   Code   RO         1859    .text.net_arp_cache_init  Net_Dbg_CM3_L.lib(net_arp.o)
    0x08012ef0   0x08012ef0   0x000001f0   Code   RO         1909    .text.net_arp_cache_run  Net_Dbg_CM3_L.lib(net_arp.o)
    0x080130e0   0x080130e0   0x00000038   Code   RO         1861    .text.net_arp_cache_uninit  Net_Dbg_CM3_L.lib(net_arp.o)
    0x08013118   0x08013118   0x0000007c   Code   RO         1907    .text.net_arp_enqueue  Net_Dbg_CM3_L.lib(net_arp.o)
    0x08013194   0x08013194   0x0000001e   Code   RO         1877    .text.net_arp_notify  Net_Dbg_CM3_L.lib(net_arp.o)
    0x080131b2   0x080131b2   0x00000002   PAD
    0x080131b4   0x080131b4   0x00000228   Code   RO         1863    .text.net_arp_process  Net_Dbg_CM3_L.lib(net_arp.o)
    0x080133dc   0x080133dc   0x00000044   Code   RO         2936    .text.net_atoi      Net_Dbg_CM3_L.lib(net_common.o)
    0x08013420   0x08013420   0x00000074   Code   RO         2972    .text.net_base64_decode  Net_Dbg_CM3_L.lib(net_base64.o)
    0x08013494   0x08013494   0x00000030   Code   RO         2914    .text.net_chksum_buf  Net_Dbg_CM3_L.lib(net_common.o)
    0x080134c4   0x080134c4   0x0000001c   Code   RO         2912    .text.net_crc_buf   Net_Dbg_CM3_L.lib(net_common.o)
    0x080134e0   0x080134e0   0x0000000e   Code   RO         1801    .text.net_eth_callback  Net_Dbg_CM3_L.lib(net_eth.o)
    0x080134ee   0x080134ee   0x00000064   Code   RO         1811    .text.net_eth_config_mcast  Net_Dbg_CM3_L.lib(net_eth.o)
    0x08013552   0x08013552   0x00000002   PAD
    0x08013554   0x08013554   0x000000e0   Code   RO         1803    .text.net_eth_get_option  Net_Dbg_CM3_L.lib(net_eth.o)
    0x08013634   0x08013634   0x0000034c   Code   RO         1789    .text.net_eth_iface_init  Net_Dbg_CM3_L.lib(net_eth.o)
    0x08013980   0x08013980   0x000002e8   Code   RO         1821    .text.net_eth_iface_run  Net_Dbg_CM3_L.lib(net_eth.o)
    0x08013c68   0x08013c68   0x00000080   Code   RO         1791    .text.net_eth_iface_uninit  Net_Dbg_CM3_L.lib(net_eth.o)
    0x08013ce8   0x08013ce8   0x000000ac   Code   RO         1817    .text.net_eth_output  Net_Dbg_CM3_L.lib(net_eth.o)
    0x08013d94   0x08013d94   0x000001cc   Code   RO         1815    .text.net_eth_send_frame  Net_Dbg_CM3_L.lib(net_eth.o)
    0x08013f60   0x08013f60   0x00000298   Code   RO         1809    .text.net_eth_set_option  Net_Dbg_CM3_L.lib(net_eth.o)
    0x080141f8   0x080141f8   0x0000010c   Code   RO         2289    .text.net_http_server_init  Net_Dbg_CM3_L.lib(net_http_server.o)
    0x08014304   0x08014304   0x00000658   Code   RO         2327    .text.net_http_server_run  Net_Dbg_CM3_L.lib(net_http_server.o)
    0x0801495c   0x0801495c   0x00000074   Code   RO         2295    .text.net_http_server_uninit  Net_Dbg_CM3_L.lib(net_http_server.o)
    0x080149d0   0x080149d0   0x00000018   Code   RO         2832    .text.net_icmp6_init  Net_Dbg_CM3_L.lib(net_icmp6.o)
    0x080149e8   0x080149e8   0x00000238   Code   RO         2836    .text.net_icmp6_process  Net_Dbg_CM3_L.lib(net_icmp6.o)
    0x08014c20   0x08014c20   0x00000080   Code   RO         2838    .text.net_icmp6_send  Net_Dbg_CM3_L.lib(net_icmp6.o)
    0x08014ca0   0x08014ca0   0x00000058   Code   RO         2840    .text.net_icmp6_send_echo  Net_Dbg_CM3_L.lib(net_icmp6.o)
    0x08014cf8   0x08014cf8   0x00000018   Code   RO         2017    .text.net_icmp_init  Net_Dbg_CM3_L.lib(net_icmp.o)
    0x08014d10   0x08014d10   0x000001c4   Code   RO         2021    .text.net_icmp_process  Net_Dbg_CM3_L.lib(net_icmp.o)
    0x08014ed4   0x08014ed4   0x000000a4   Code   RO         2023    .text.net_icmp_send_echo  Net_Dbg_CM3_L.lib(net_icmp.o)
    0x08014f78   0x08014f78   0x0000000c   Code   RO         2552    .text.net_if_map_all  Net_Dbg_CM3_L.lib(net_sys.o)
    0x08014f84   0x08014f84   0x00000074   Code   RO         1950    .text.net_igmp_collect_mcast  Net_Dbg_CM3_L.lib(net_igmp.o)
    0x08014ff8   0x08014ff8   0x0000003c   Code   RO         1936    .text.net_igmp_host_init  Net_Dbg_CM3_L.lib(net_igmp.o)
    0x08015034   0x08015034   0x000000c0   Code   RO         1954    .text.net_igmp_host_run  Net_Dbg_CM3_L.lib(net_igmp.o)
    0x080150f4   0x080150f4   0x00000038   Code   RO         1938    .text.net_igmp_host_uninit  Net_Dbg_CM3_L.lib(net_igmp.o)
    0x0801512c   0x0801512c   0x00000020   Code   RO         1948    .text.net_igmp_is_member  Net_Dbg_CM3_L.lib(net_igmp.o)
    0x0801514c   0x0801514c   0x000001c4   Code   RO         1952    .text.net_igmp_process  Net_Dbg_CM3_L.lib(net_igmp.o)
    0x08015310   0x08015310   0x000001b8   Code   RO         2754    .text.net_ip4_chk_frame  Net_Dbg_CM3_L.lib(net_ip4.o)
    0x080154c8   0x080154c8   0x0000002e   Code   RO         2780    .text.net_ip4_chksum  Net_Dbg_CM3_L.lib(net_ip4.o)
    0x080154f6   0x080154f6   0x00000006   Code   RO         2778    .text.net_ip4_chksum_buf  Net_Dbg_CM3_L.lib(net_ip4.o)
    0x080154fc   0x080154fc   0x00000080   Code   RO         2774    .text.net_ip4_find_route  Net_Dbg_CM3_L.lib(net_ip4.o)
    0x0801557c   0x0801557c   0x000001bc   Code   RO         1996    .text.net_ip4_frag_add  Net_Dbg_CM3_L.lib(net_ip4_frag.o)
    0x08015738   0x08015738   0x000000b4   Code   RO         2000    .text.net_ip4_frag_get  Net_Dbg_CM3_L.lib(net_ip4_frag.o)
    0x080157ec   0x080157ec   0x00000010   Code   RO         1992    .text.net_ip4_frag_init  Net_Dbg_CM3_L.lib(net_ip4_frag.o)
    0x080157fc   0x080157fc   0x00000038   Code   RO         2002    .text.net_ip4_frag_run  Net_Dbg_CM3_L.lib(net_ip4_frag.o)
    0x08015834   0x08015834   0x00000010   Code   RO         1994    .text.net_ip4_frag_uninit  Net_Dbg_CM3_L.lib(net_ip4_frag.o)
    0x08015844   0x08015844   0x00000020   Code   RO         2766    .text.net_ip4_get_local  Net_Dbg_CM3_L.lib(net_ip4.o)
    0x08015864   0x08015864   0x00000024   Code   RO         2750    .text.net_ip4_init  Net_Dbg_CM3_L.lib(net_ip4.o)
    0x08015888   0x08015888   0x0000001a   Code   RO         2776    .text.net_ip4_is_onlink  Net_Dbg_CM3_L.lib(net_ip4.o)
    0x080158a2   0x080158a2   0x00000020   Code   RO         2756    .text.net_ip4_is_subcast  Net_Dbg_CM3_L.lib(net_ip4.o)
    0x080158c2   0x080158c2   0x00000010   Code   RO         2762    .text.net_ip4_reass_frame  Net_Dbg_CM3_L.lib(net_ip4.o)
    0x080158d2   0x080158d2   0x00000002   PAD
    0x080158d4   0x080158d4   0x00000188   Code   RO         2764    .text.net_ip4_send_frame  Net_Dbg_CM3_L.lib(net_ip4.o)
    0x08015a5c   0x08015a5c   0x00000032   Code   RO         2772    .text.net_ip4_tx_offl_hl  Net_Dbg_CM3_L.lib(net_ip4.o)
    0x08015a8e   0x08015a8e   0x00000002   PAD
    0x08015a90   0x08015a90   0x00000020   Code   RO         2752    .text.net_ip4_uninit  Net_Dbg_CM3_L.lib(net_ip4.o)
    0x08015ab0   0x08015ab0   0x0000012c   Code   RO         2796    .text.net_ip6_chk_frame  Net_Dbg_CM3_L.lib(net_ip6.o)
    0x08015bdc   0x08015bdc   0x00000034   Code   RO         2816    .text.net_ip6_chksum  Net_Dbg_CM3_L.lib(net_ip6.o)
    0x08015c10   0x08015c10   0x00000078   Code   RO         2812    .text.net_ip6_collect_mcast  Net_Dbg_CM3_L.lib(net_ip6.o)
    0x08015c88   0x08015c88   0x0000004c   Code   RO         2814    .text.net_ip6_find_route  Net_Dbg_CM3_L.lib(net_ip6.o)
    0x08015cd4   0x08015cd4   0x00000048   Code   RO         2808    .text.net_ip6_get_local  Net_Dbg_CM3_L.lib(net_ip6.o)
    0x08015d1c   0x08015d1c   0x0000001c   Code   RO         2792    .text.net_ip6_init  Net_Dbg_CM3_L.lib(net_ip6.o)
    0x08015d38   0x08015d38   0x0000000c   Code   RO         2800    .text.net_ip6_reass_frame  Net_Dbg_CM3_L.lib(net_ip6.o)
    0x08015d44   0x08015d44   0x0000011c   Code   RO         2802    .text.net_ip6_send_frame  Net_Dbg_CM3_L.lib(net_ip6.o)
    0x08015e60   0x08015e60   0x00000022   Code   RO         2810    .text.net_ip6_tx_offl_hl  Net_Dbg_CM3_L.lib(net_ip6.o)
    0x08015e82   0x08015e82   0x00000002   PAD
    0x08015e84   0x08015e84   0x0000001c   Code   RO         2794    .text.net_ip6_uninit  Net_Dbg_CM3_L.lib(net_ip6.o)
    0x08015ea0   0x08015ea0   0x00000008   Code   RO         2928    .text.net_itoa      Net_Dbg_CM3_L.lib(net_common.o)
    0x08015ea8   0x08015ea8   0x00000006   Code   RO         2934    .text.net_itoa_n0   Net_Dbg_CM3_L.lib(net_common.o)
    0x08015eae   0x08015eae   0x00000002   PAD
    0x08015eb0   0x08015eb0   0x00000028   Code   RO         1974    .text.net_loop_iface_init  Net_Dbg_CM3_L.lib(net_loopback.o)
    0x08015ed8   0x08015ed8   0x000000b8   Code   RO         1978    .text.net_loop_iface_run  Net_Dbg_CM3_L.lib(net_loopback.o)
    0x08015f90   0x08015f90   0x00000020   Code   RO         1976    .text.net_loop_iface_uninit  Net_Dbg_CM3_L.lib(net_loopback.o)
    0x08015fb0   0x08015fb0   0x0000006c   Code   RO         1972    .text.net_loop_send_frame  Net_Dbg_CM3_L.lib(net_loopback.o)
    0x0801601c   0x0801601c   0x000000c0   Code   RO         2867    .text.net_mem_alloc  Net_Dbg_CM3_L.lib(net_mem.o)
    0x080160dc   0x080160dc   0x00000018   Code   RO         2877    .text.net_mem_avail  Net_Dbg_CM3_L.lib(net_mem.o)
    0x080160f4   0x080160f4   0x000000a0   Code   RO         2875    .text.net_mem_free  Net_Dbg_CM3_L.lib(net_mem.o)
    0x08016194   0x08016194   0x0000006c   Code   RO         2863    .text.net_mem_init  Net_Dbg_CM3_L.lib(net_mem.o)
    0x08016200   0x08016200   0x00000048   Code   RO         2873    .text.net_mem_shrink  Net_Dbg_CM3_L.lib(net_mem.o)
    0x08016248   0x08016248   0x0000005c   Code   RO         2272    .text.net_nbns_client_init  Net_Dbg_CM3_L.lib(net_nbns_client.o)
    0x080162a4   0x080162a4   0x00000030   Code   RO         2276    .text.net_nbns_client_uninit  Net_Dbg_CM3_L.lib(net_nbns_client.o)
    0x080162d4   0x080162d4   0x000001a0   Code   RO         2682    .text.net_ndp_cache_find  Net_Dbg_CM3_L.lib(net_ndp.o)
    0x08016474   0x08016474   0x00000080   Code   RO         2680    .text.net_ndp_cache_refresh  Net_Dbg_CM3_L.lib(net_ndp.o)
    0x080164f4   0x080164f4   0x0000007c   Code   RO         2706    .text.net_ndp_enqueue  Net_Dbg_CM3_L.lib(net_ndp.o)
    0x08016570   0x08016570   0x00000624   Code   RO         2672    .text.net_ndp_process  Net_Dbg_CM3_L.lib(net_ndp.o)
    0x08016b94   0x08016b94   0x0000003c   Code   RO         2564    .text.net_path      Net_Dbg_CM3_L.lib(net_sys.o)
    0x08016bd0   0x08016bd0   0x00000020   Code   RO         2516    .text.net_ping_client_init  Net_Dbg_CM3_L.lib(net_ping_core.o)
    0x08016bf0   0x08016bf0   0x00000078   Code   RO         2522    .text.net_ping_client_run  Net_Dbg_CM3_L.lib(net_ping_core.o)
    0x08016c68   0x08016c68   0x0000001c   Code   RO         2518    .text.net_ping_client_uninit  Net_Dbg_CM3_L.lib(net_ping_core.o)
    0x08016c84   0x08016c84   0x0000001c   Code   RO         2562    .text.net_rand32    Net_Dbg_CM3_L.lib(net_sys.o)
    0x08016ca0   0x08016ca0   0x00000054   Code   RO         2483    .text.net_sntp_client_init  Net_Dbg_CM3_L.lib(net_sntp_client_core.o)
    0x08016cf4   0x08016cf4   0x00000058   Code   RO         2491    .text.net_sntp_client_run  Net_Dbg_CM3_L.lib(net_sntp_client_core.o)
    0x08016d4c   0x08016d4c   0x00000128   Code   RO         2479    .text.net_sntp_client_start  Net_Dbg_CM3_L.lib(net_sntp_client_core.o)
    0x08016e74   0x08016e74   0x0000001c   Code   RO         2487    .text.net_sntp_client_uninit  Net_Dbg_CM3_L.lib(net_sntp_client_core.o)
    0x08016e90   0x08016e90   0x0000002a   Code   RO         2890    .text.net_strcasecmp  Net_Dbg_CM3_L.lib(net_common.o)
    0x08016eba   0x08016eba   0x00000016   Code   RO         2896    .text.net_strchr    Net_Dbg_CM3_L.lib(net_common.o)
    0x08016ed0   0x08016ed0   0x00000018   Code   RO         2888    .text.net_strcmp    Net_Dbg_CM3_L.lib(net_common.o)
    0x08016ee8   0x08016ee8   0x00000010   Code   RO         2892    .text.net_strcpy    Net_Dbg_CM3_L.lib(net_common.o)
    0x08016ef8   0x08016ef8   0x0000001e   Code   RO         2898    .text.net_strnchr   Net_Dbg_CM3_L.lib(net_common.o)
    0x08016f16   0x08016f16   0x0000001a   Code   RO         2894    .text.net_strncpy   Net_Dbg_CM3_L.lib(net_common.o)
    0x08016f30   0x08016f30   0x00000052   Code   RO         2906    .text.net_strnstr   Net_Dbg_CM3_L.lib(net_common.o)
    0x08016f82   0x08016f82   0x0000001a   Code   RO         2900    .text.net_strrchr   Net_Dbg_CM3_L.lib(net_common.o)
    0x08016f9c   0x08016f9c   0x0000001e   Code   RO         2902    .text.net_strtoupper  Net_Dbg_CM3_L.lib(net_common.o)
    0x08016fba   0x08016fba   0x00000002   PAD
    0x08016fbc   0x08016fbc   0x0000000c   Code   RO         2538    .text.net_sys_lock  Net_Dbg_CM3_L.lib(net_sys.o)
    0x08016fc8   0x08016fc8   0x00000014   Code   RO         2572    .text.net_sys_resume  Net_Dbg_CM3_L.lib(net_sys.o)
    0x08016fdc   0x08016fdc   0x00000018   Code   RO         2546    .text.net_sys_tick  Net_Dbg_CM3_L.lib(net_sys.o)
    0x08016ff4   0x08016ff4   0x0000000c   Code   RO         2540    .text.net_sys_unlock  Net_Dbg_CM3_L.lib(net_sys.o)
    0x08017000   0x08017000   0x00000020   Code   RO         2548    .text.net_sys_wakeup  Net_Dbg_CM3_L.lib(net_sys.o)
    0x08017020   0x08017020   0x00000074   Code   RO         2129    .text.net_tcp_abort  Net_Dbg_CM3_L.lib(net_tcp.o)
    0x08017094   0x08017094   0x00000104   Code   RO         2125    .text.net_tcp_close  Net_Dbg_CM3_L.lib(net_tcp.o)
    0x08017198   0x08017198   0x00000034   Code   RO         2137    .text.net_tcp_get_buf  Net_Dbg_CM3_L.lib(net_tcp.o)
    0x080171cc   0x080171cc   0x0000002c   Code   RO         2161    .text.net_tcp_get_local_port  Net_Dbg_CM3_L.lib(net_tcp.o)
    0x080171f8   0x080171f8   0x00000020   Code   RO         2133    .text.net_tcp_get_mss  Net_Dbg_CM3_L.lib(net_tcp.o)
    0x08017218   0x08017218   0x00000044   Code   RO         2165    .text.net_tcp_get_peer  Net_Dbg_CM3_L.lib(net_tcp.o)
    0x0801725c   0x0801725c   0x00000074   Code   RO         2109    .text.net_tcp_get_socket  Net_Dbg_CM3_L.lib(net_tcp.o)
    0x080172d0   0x080172d0   0x00000024   Code   RO         2149    .text.net_tcp_get_state  Net_Dbg_CM3_L.lib(net_tcp.o)
    0x080172f4   0x080172f4   0x0000002c   Code   RO         2169    .text.net_tcp_get_timer  Net_Dbg_CM3_L.lib(net_tcp.o)
    0x08017320   0x08017320   0x000000ac   Code   RO         2117    .text.net_tcp_listen  Net_Dbg_CM3_L.lib(net_tcp.o)
    0x080173cc   0x080173cc   0x00000b4c   Code   RO         2203    .text.net_tcp_process  Net_Dbg_CM3_L.lib(net_tcp.o)
    0x08017f18   0x08017f18   0x00000174   Code   RO         2145    .text.net_tcp_send  Net_Dbg_CM3_L.lib(net_tcp.o)
    0x0801808c   0x0801808c   0x0000013c   Code   RO         2157    .text.net_tcp_set_option  Net_Dbg_CM3_L.lib(net_tcp.o)
    0x080181c8   0x080181c8   0x00000024   Code   RO         2171    .text.net_tcp_socket_init  Net_Dbg_CM3_L.lib(net_tcp.o)
    0x080181ec   0x080181ec   0x0000044c   Code   RO         2195    .text.net_tcp_socket_run  Net_Dbg_CM3_L.lib(net_tcp.o)
    0x08018638   0x08018638   0x00000024   Code   RO         2173    .text.net_tcp_socket_uninit  Net_Dbg_CM3_L.lib(net_tcp.o)
    0x0801865c   0x0801865c   0x00000040   Code   RO         2053    .text.net_udp_close  Net_Dbg_CM3_L.lib(net_udp.o)
    0x0801869c   0x0801869c   0x00000034   Code   RO         2057    .text.net_udp_get_buf  Net_Dbg_CM3_L.lib(net_udp.o)
    0x080186d0   0x080186d0   0x00000068   Code   RO         2041    .text.net_udp_get_socket  Net_Dbg_CM3_L.lib(net_udp.o)
    0x08018738   0x08018738   0x000000c0   Code   RO         2049    .text.net_udp_open  Net_Dbg_CM3_L.lib(net_udp.o)
    0x080187f8   0x080187f8   0x0000017c   Code   RO         2087    .text.net_udp_process  Net_Dbg_CM3_L.lib(net_udp.o)
    0x08018974   0x08018974   0x00000014   Code   RO         2081    .text.net_udp_send  Net_Dbg_CM3_L.lib(net_udp.o)
    0x08018988   0x08018988   0x00000230   Code   RO         2061    .text.net_udp_send_if  Net_Dbg_CM3_L.lib(net_udp.o)
    0x08018bb8   0x08018bb8   0x00000020   Code   RO         2071    .text.net_udp_socket_init  Net_Dbg_CM3_L.lib(net_udp.o)
    0x08018bd8   0x08018bd8   0x00000020   Code   RO         2073    .text.net_udp_socket_uninit  Net_Dbg_CM3_L.lib(net_udp.o)
    0x08018bf8   0x08018bf8   0x00000008   Code   RO         2920    .text.net_ultoa     Net_Dbg_CM3_L.lib(net_common.o)
    0x08018c00   0x08018c00   0x00000040   Code   RO         2918    .text.net_ultox     Net_Dbg_CM3_L.lib(net_common.o)
    0x08018c40   0x08018c40   0x0000001a   Code   RO         2938    .text.net_xtouc     Net_Dbg_CM3_L.lib(net_common.o)
    0x08018c5a   0x08018c5a   0x0000005a   Code   RO         2942    .text.net_xtoul     Net_Dbg_CM3_L.lib(net_common.o)
    0x08018cb4   0x08018cb4   0x0000001c   Code   RO         2520    .text.ping_send_req  Net_Dbg_CM3_L.lib(net_ping_core.o)
    0x08018cd0   0x08018cd0   0x00000018   Code   RO         1998    .text.que_free_list  Net_Dbg_CM3_L.lib(net_ip4_frag.o)
    0x08018ce8   0x08018ce8   0x000000a4   Code   RO         2369    .text.read_script_line  Net_Dbg_CM3_L.lib(net_http_server.o)
    0x08018d8c   0x08018d8c   0x00000048   Code   RO         2393    .text.search_delim  Net_Dbg_CM3_L.lib(net_http_server.o)
    0x08018dd4   0x08018dd4   0x00000108   Code   RO         2485    .text.sntp_listener  Net_Dbg_CM3_L.lib(net_sntp_client_core.o)
    0x08018edc   0x08018edc   0x00000040   Code   RO         2489    .text.sntp_send_message  Net_Dbg_CM3_L.lib(net_sntp_client_core.o)
    0x08018f1c   0x08018f1c   0x00000018   Code   RO         2493    .text.sntp_stop     Net_Dbg_CM3_L.lib(net_sntp_client_core.o)
    0x08018f34   0x08018f34   0x00000010   Code   RO         2568    .text.sys_map_if    Net_Dbg_CM3_L.lib(net_sys.o)
    0x08018f44   0x08018f44   0x00000088   Code   RO         2207    .text.tcp_parse_opt  Net_Dbg_CM3_L.lib(net_tcp.o)
    0x08018fcc   0x08018fcc   0x00000018   Code   RO         2201    .text.tcp_que_free  Net_Dbg_CM3_L.lib(net_tcp.o)
    0x08018fe4   0x08018fe4   0x0000001c   Code   RO         2199    .text.tcp_que_init  Net_Dbg_CM3_L.lib(net_tcp.o)
    0x08019000   0x08019000   0x000000a4   Code   RO         2197    .text.tcp_que_resend  Net_Dbg_CM3_L.lib(net_tcp.o)
    0x080190a4   0x080190a4   0x00000090   Code   RO         2177    .text.tcp_send_ctrl  Net_Dbg_CM3_L.lib(net_tcp.o)
    0x08019134   0x08019134   0x00000080   Code   RO         2181    .text.tcp_send_data  Net_Dbg_CM3_L.lib(net_tcp.o)
    0x080191b4   0x080191b4   0x0000009c   Code   RO         2205    .text.tcp_send_reset  Net_Dbg_CM3_L.lib(net_tcp.o)
    0x08019250   0x08019250   0x00000034   Code   RO         2209    .text.tcp_set_cwnd  Net_Dbg_CM3_L.lib(net_tcp.o)
    0x08019284   0x08019284   0x00000074   Code   RO         2179    .text.tcp_transit   Net_Dbg_CM3_L.lib(net_tcp.o)
    0x080192f8   0x080192f8   0x0000010c   Code   RO         2213    .text.tcp_write     Net_Dbg_CM3_L.lib(net_tcp.o)
    0x08019404   0x08019404   0x00000034   Code   RO         2075    .text.udp_port_in_use  Net_Dbg_CM3_L.lib(net_udp.o)
    0x08019438   0x08019438   0x00000054   Code   RO         2922    .text.ul2str        Net_Dbg_CM3_L.lib(net_common.o)
    0x0801948c   0x0801948c   0x00000020   Code   RO         3251    i.__0printf         mc_w.l(printfa.o)
    0x080194ac   0x080194ac   0x00000034   Code   RO         3252    i.__0snprintf       mc_w.l(printfa.o)
    0x080194e0   0x080194e0   0x00000028   Code   RO         3253    i.__0sprintf        mc_w.l(printfa.o)
    0x08019508   0x08019508   0x0000000e   Code   RO         3336    i.__scatterload_copy  mc_w.l(handlers.o)
    0x08019516   0x08019516   0x00000002   Code   RO         3337    i.__scatterload_null  mc_w.l(handlers.o)
    0x08019518   0x08019518   0x0000000e   Code   RO         3338    i.__scatterload_zeroinit  mc_w.l(handlers.o)
    0x08019526   0x08019526   0x00000002   PAD
    0x08019528   0x08019528   0x00000184   Code   RO         3258    i._fp_digits        mc_w.l(printfa.o)
    0x080196ac   0x080196ac   0x000006b4   Code   RO         3259    i._printf_core      mc_w.l(printfa.o)
    0x08019d60   0x08019d60   0x00000024   Code   RO         3260    i._printf_post_padding  mc_w.l(printfa.o)
    0x08019d84   0x08019d84   0x0000002e   Code   RO         3261    i._printf_pre_padding  mc_w.l(printfa.o)
    0x08019db2   0x08019db2   0x00000016   Code   RO         3262    i._snputc           mc_w.l(printfa.o)
    0x08019dc8   0x08019dc8   0x0000000a   Code   RO         3263    i._sputc            mc_w.l(printfa.o)
    0x08019dd2   0x08019dd2   0x00000012   Code   RO         3307    i.fputc             mc_w.l(fputc.o)
    0x08019de4   0x08019de4   0x00007318   Data   RO          218    .constdata          web.o
    0x080210fc   0x080210fc   0x00000960   Data   RO          255    .constdata          lcd_1.o
    0x08021a5c   0x08021a5c   0x00000024   Data   RO          348    .constdata          http_server.o
    0x08021a80   0x08021a80   0x00000008   Data   RO          450    .constdata          sntp.o
    0x08021a88   0x08021a88   0x00000008   Data   RO          524    .constdata          buttons_nucleo_f429zi.o
    0x08021a90   0x08021a90   0x00000018   Data   RO          550    .constdata          led_nucleo_f429zi.o
    0x08021aa8   0x08021aa8   0x00000001   Data   RO          572    .constdata          irq_armv7m.o
    0x08021aa9   0x08021aa9   0x00000003   PAD
    0x08021aac   0x08021aac   0x00000068   Data   RO          759    .constdata          rtx_lib.o
    0x08021b14   0x08021b14   0x00000024   Data   RO         1100    .constdata          phy_lan8742a.o
    0x08021b38   0x08021b38   0x00000094   Data   RO         1127    .constdata          emac_stm32f4xx.o
    0x08021bcc   0x08021bcc   0x00000080   Data   RO         1168    .constdata          spi_stm32f4xx.o
    0x08021c4c   0x08021c4c   0x00000018   Data   RO         1204    .constdata          eventrecorder.o
    0x08021c64   0x08021c64   0x00000008   Data   RO         1343    .constdata          stm32f4xx_hal_dma.o
    0x08021c6c   0x08021c6c   0x00000018   Data   RO         1683    .constdata          system_stm32f4xx.o
    0x08021c84   0x08021c84   0x000002a0   Data   RO         1716    .constdata          net_config.o
    0x08021f24   0x08021f24   0x0000000c   Data   RO         2998    .constdata          mc_w.l(localtime.o)
    0x08021f30   0x08021f30   0x000000da   Data   RO          427    .conststring        http_server_cgi.o
    0x0802200a   0x0802200a   0x00000002   PAD
    0x0802200c   0x0802200c   0x000000ed   Data   RO         1717    .conststring        net_config.o
    0x080220f9   0x080220f9   0x00000003   PAD
    0x080220fc   0x080220fc   0x0000000b   Data   RO          705    .conststrlit        rtx_kernel.o
    0x08022107   0x08022107   0x00000001   PAD
    0x08022108   0x08022108   0x000000a8   Data   RO          760    .rodata             rtx_lib.o
    0x080221b0   0x080221b0   0x00000018   Data   RO         2420    .rodata.DMonth      Net_Dbg_CM3_L.lib(net_http_server.o)
    0x080221c8   0x080221c8   0x00000004   Data   RO         1958    .rodata.IP_AllHosts  Net_Dbg_CM3_L.lib(net_igmp.o)
    0x080221cc   0x080221cc   0x00000040   Data   RO         2425    .rodata.Method      Net_Dbg_CM3_L.lib(net_http_server.o)
    0x0802220c   0x0802220c   0x00000030   Data   RO         2424    .rodata.Month       Net_Dbg_CM3_L.lib(net_http_server.o)
    0x0802223c   0x0802223c   0x0000001c   Data   RO         2423    .rodata.WkDay       Net_Dbg_CM3_L.lib(net_http_server.o)
    0x08022258   0x08022258   0x00000010   Data   RO         2944    .rodata.cst16       Net_Dbg_CM3_L.lib(net_common.o)
    0x08022268   0x08022268   0x00000090   Data   RO         2426    .rodata.http_set_ftype.ftype  Net_Dbg_CM3_L.lib(net_http_server.o)
    0x080222f8   0x080222f8   0x00000004   Data   RO         2782    .rodata.net_addr4_loopback  Net_Dbg_CM3_L.lib(net_ip4.o)
    0x080222fc   0x080222fc   0x00000010   Data   RO         2820    .rodata.net_addr6_all_nodes  Net_Dbg_CM3_L.lib(net_ip6.o)
    0x0802230c   0x0802230c   0x00000010   Data   RO         2822    .rodata.net_addr6_loopback  Net_Dbg_CM3_L.lib(net_ip6.o)
    0x0802231c   0x0802231c   0x00000006   Data   RO         2655    .rodata.net_addr_bcast  Net_Dbg_CM3_L.lib(net_addr.o)
    0x08022322   0x08022322   0x00000010   Data   RO         2654    .rodata.net_addr_unspec  Net_Dbg_CM3_L.lib(net_addr.o)
    0x08022332   0x08022332   0x00000050   Data   RO         2975    .rodata.net_base64_decode.dec_map  Net_Dbg_CM3_L.lib(net_base64.o)
    0x08022382   0x08022382   0x00000002   PAD
    0x08022384   0x08022384   0x00000018   Data   RO         2466    .rodata.net_http_auth_basic_func  Net_Dbg_CM3_L.lib(net_http_server_auth.o)
    0x0802239c   0x0802239c   0x00000018   Data   RO         2855    .rodata.net_http_error  Net_Dbg_CM3_L.lib(net_http_server_err.o)
    0x080223b4   0x080223b4   0x00000004   Data   RO         2984    .rodata.net_lib_version  Net_Dbg_CM3_L.lib(net_version.o)
    0x080223b8   0x080223b8   0x0000002c   Data   RO         1982    .rodata.net_loop_if_config  Net_Dbg_CM3_L.lib(net_loopback.o)
    0x080223e4   0x080223e4   0x00000012   Data   RO         2526    .rodata.net_ping_payload  Net_Dbg_CM3_L.lib(net_ping_core.o)
    0x080223f6   0x080223f6   0x000001a7   Data   RO         2421    .rodata.str1.1      Net_Dbg_CM3_L.lib(net_http_server.o)
    0x0802259d   0x0802259d   0x000001f8   Data   RO         2854    .rodata.str1.1      Net_Dbg_CM3_L.lib(net_http_server_err.o)
    0x08022795   0x08022795   0x00000001   PAD
    0x08022796   0x08022796   0x00000006   Data   RO         2422    .rodata.utc_to_http.DYear  Net_Dbg_CM3_L.lib(net_http_server.o)
    0x0802279c   0x0802279c   0x00000030   Data   RO         3335    Region$$Table       anon$$obj.o


    Execution Region RW_IRAM2 (Exec base: 0x10000000, Load base: 0x08022908, Size: 0x000004a4, Max: 0x00010000, ABSOLUTE)

    Exec Addr    Load Addr    Size         Type   Attr      Idx    E Section Name        Object

    0x10000000        -       0x000004a4   Zero   RW         1203    .bss.noinit         eventrecorder.o


    Execution Region RW_IRAM1 (Exec base: 0x20000000, Load base: 0x080227cc, Size: 0x0000f5e0, Max: 0x00030000, ABSOLUTE, COMPRESSED[0x0000013c])

    Exec Addr    Load Addr    Size         Type   Attr      Idx    E Section Name        Object

    0x20000000   COMPRESSED   0x00008040   Data   RW          753    .bss.os             rtx_lib.o
    0x20008040   COMPRESSED   0x00000001   Data   RW         1052    .bss.os             os_systick.o
    0x20008041   COMPRESSED   0x00000003   PAD
    0x20008044   COMPRESSED   0x00000034   Data   RW          754    .bss.os.msgqueue.cb  rtx_lib.o
    0x20008078   COMPRESSED   0x00000050   Data   RW          755    .bss.os.msgqueue.mem  rtx_lib.o
    0x200080c8   COMPRESSED   0x00000038   Data   RW         1712    .bss.os.mutex.cb    net_config.o
    0x20008100   COMPRESSED   0x00000010   Data   RW         1713    .bss.os.semaphore.cb  net_config.o
    0x20008110   COMPRESSED   0x00000088   Data   RW          756    .bss.os.thread.cb   rtx_lib.o
    0x20008198   COMPRESSED   0x00000088   Data   RW         1714    .bss.os.thread.cb   net_config.o
    0x20008220   COMPRESSED   0x00000200   Data   RW          757    .bss.os.thread.idle.stack  rtx_lib.o
    0x20008420   COMPRESSED   0x00000200   Data   RW          758    .bss.os.thread.timer.stack  rtx_lib.o
    0x20008620   COMPRESSED   0x00000020   Data   RW         1715    .bss.os.timer.cb    net_config.o
    0x20008640   COMPRESSED   0x00000004   Data   RW            5    .data               main.o
    0x20008644   COMPRESSED   0x0000000c   Data   RW          256    .data               lcd_1.o
    0x20008650   COMPRESSED   0x00000004   Data   RW          291    .data               adc.o
    0x20008654   COMPRESSED   0x00000008   Data   RW          317    .data               rtc_2.o
    0x2000865c   COMPRESSED   0x0000005e   Data   RW          349    .data               http_server.o
    0x200086ba   COMPRESSED   0x00000002   PAD
    0x200086bc   COMPRESSED   0x00000008   Data   RW          428    .data               http_server_cgi.o
    0x200086c4   COMPRESSED   0x00000009   Data   RW         1237    .data               stm32f4xx_hal.o
    0x200086cd   COMPRESSED   0x00000003   PAD
    0x200086d0   COMPRESSED   0x00000004   Data   RW         1684    .data               system_stm32f4xx.o
    0x200086d4   COMPRESSED   0x0000000e   Data   RW         1718    .data               net_config.o
    0x200086e2   COMPRESSED   0x00000002   PAD
    0x200086e4   COMPRESSED   0x00000004   Data   RW         3309    .data               mc_w.l(stdout.o)
    0x200086e8   COMPRESSED   0x000000a4   Data   RW          706    .data.os            rtx_kernel.o
    0x2000878c        -       0x00000214   Zero   RW          254    .bss                lcd_1.o
    0x200089a0        -       0x00000070   Zero   RW          316    .bss                rtc_2.o
    0x20008a10        -       0x00000414   Zero   RW          347    .bss                http_server.o
    0x20008e24        -       0x00000038   Zero   RW          426    .bss                http_server_cgi.o
    0x20008e5c        -       0x0000002c   Zero   RW          449    .bss                sntp.o
    0x20008e88        -       0x0000000c   Zero   RW         1099    .bss                phy_lan8742a.o
    0x20008e94        -       0x000024cc   Zero   RW         1126    .bss                emac_stm32f4xx.o
    0x2000b360        -       0x0000002c   Zero   RW         1167    .bss                spi_stm32f4xx.o
    0x2000b38c   COMPRESSED   0x00000004   PAD
    0x2000b390        -       0x00003bf0   Zero   RW         1711    .bss                net_config.o
    0x2000ef80        -       0x0000002c   Zero   RW         2997    .bss                mc_w.l(localtime.o)
    0x2000efac        -       0x00000055   Zero   RW         2427    .bss..L_MergedGlobals  Net_Dbg_CM3_L.lib(net_http_server.o)
    0x2000f001   COMPRESSED   0x00000003   PAD
    0x2000f004        -       0x00000038   Zero   RW         2579    .bss..L_MergedGlobals  Net_Dbg_CM3_L.lib(net_sys.o)
    0x2000f03c   COMPRESSED   0x00000004   PAD
    0x2000f040        -       0x00000008   Zero   RW         2783    .bss.ip4_control    Net_Dbg_CM3_L.lib(net_ip4.o)
    0x2000f048        -       0x00000004   Zero   RW         2823    .bss.ip6_control    Net_Dbg_CM3_L.lib(net_ip6.o)
    0x2000f04c        -       0x00000004   Zero   RW         1983    .bss.loop_control   Net_Dbg_CM3_L.lib(net_loopback.o)
    0x2000f050        -       0x00000014   Zero   RW         2879    .bss.mem_control    Net_Dbg_CM3_L.lib(net_mem.o)
    0x2000f064        -       0x00000001   Zero   RW         2280    .bss.nbns_socket    Net_Dbg_CM3_L.lib(net_nbns_client.o)
    0x2000f065   COMPRESSED   0x00000003   PAD
    0x2000f068        -       0x00000010   Zero   RW         2659    .bss.net_addr6_get_solicited.buf  Net_Dbg_CM3_L.lib(net_addr.o)
    0x2000f078        -       0x00000024   Zero   RW         2578    .bss.net_dbg_buf    Net_Dbg_CM3_L.lib(net_sys.o)
    0x2000f09c        -       0x00000018   Zero   RW         1923    .bss.net_eth0_arp_control  Net_Dbg_CM3_L.lib(net_arp.o)
    0x2000f0b4        -       0x00000001   Zero   RW         2025    .bss.net_eth0_icmp_control  Net_Dbg_CM3_L.lib(net_icmp.o)
    0x2000f0b5   COMPRESSED   0x00000003   PAD
    0x2000f0b8        -       0x000000a0   Zero   RW         1849    .bss.net_eth0_if_control  Net_Dbg_CM3_L.lib(net_eth.o)
    0x2000f158        -       0x00000004   Zero   RW         1959    .bss.net_eth0_igmp_control  Net_Dbg_CM3_L.lib(net_igmp.o)
    0x2000f15c        -       0x00000004   Zero   RW         2008    .bss.net_ip4_frag_get.dfrag  Net_Dbg_CM3_L.lib(net_ip4_frag.o)
    0x2000f160        -       0x0000002c   Zero   RW         2527    .bss.net_ping_control  Net_Dbg_CM3_L.lib(net_ping_core.o)
    0x2000f18c        -       0x0000002c   Zero   RW         2503    .bss.net_sntp_control  Net_Dbg_CM3_L.lib(net_sntp_client_core.o)
    0x2000f1b8        -       0x00000001   Zero   RW         2262    .bss.net_tcp_socket_run.socket  Net_Dbg_CM3_L.lib(net_tcp.o)
    0x2000f1b9   COMPRESSED   0x00000003   PAD
    0x2000f1bc        -       0x0000001c   Zero   RW         2097    .bss.net_udp_process.addr  Net_Dbg_CM3_L.lib(net_udp.o)
    0x2000f1d8        -       0x00000002   Zero   RW         2098    .bss.udp_alloc_port.port  Net_Dbg_CM3_L.lib(net_udp.o)
    0x2000f1da   COMPRESSED   0x00000006   PAD
    0x2000f1e0        -       0x00000400   Zero   RW         1672    STACK               startup_stm32f429xx.o


==============================================================================

Image component sizes


      Code (inc. data)   RO Data    RW Data    ZI Data      Debug   Object Name

       328         26          0          4          0       1808   adc.o
       188         10          8          0          0       2408   buttons_nucleo_f429zi.o
      3340        204        148          0       9420      47094   emac_stm32f4xx.o
      1644         42         24          0       1188      16852   eventrecorder.o
      1000        134         36         94       1044      49255   http_server.o
      2040        356        218          8         56       7412   http_server_cgi.o
       148          8          1          0          0        616   irq_armv7m.o
      1320         66       2400         12        532       4537   lcd_1.o
       292         10         24          0          0       2825   led_nucleo_f429zi.o
       312         28          0          4          0     774063   main.o
       360         26        909        254      15344      32691   net_config.o
       296          0          0          0          0        790   net_debug.o
       220         14          0          1          0       1948   os_systick.o
       548          8         36          0         12       6826   phy_lan8742a.o
       880         28          0          0          0       2530   pwr.o
       508         76          0          8        112       1975   rtc_2.o
        36          6          0          0          0        643   rtx_config.o
       284         12          0          0          0      17890   rtx_delay.o
      3544        106          0          0          0      52793   rtx_evr.o
      2224        100         11        164          0      27456   rtx_kernel.o
        24          0        272      34124          0       9867   rtx_lib.o
       478          0          0          0          0       3003   rtx_memory.o
      2284         46          0          0          0      15160   rtx_mempool.o
      3280         60          0          0          0      23520   rtx_msgqueue.o
      1604         30          0          0          0       9902   rtx_mutex.o
      1658         34          0          0          0      11980   rtx_semaphore.o
       772         20          0          0          0       8317   rtx_system.o
      5812        150          0          0          0      32053   rtx_thread.o
      1336         36          0          0          0      10161   rtx_timer.o
       436        166          8          0         44       2361   sntp.o
      4116        112        128          0         44      43779   spi_stm32f4xx.o
        36          8        428          0       1024        808   startup_stm32f429xx.o
       528         46          0          9          0      11407   stm32f4xx_hal.o
      3240        100          0          0          0       8647   stm32f4xx_hal_adc.o
      2196         52          0          0          0       6554   stm32f4xx_hal_adc_ex.o
       900         20          0          0          0      36086   stm32f4xx_hal_cortex.o
      2224         28          8          0          0       7125   stm32f4xx_hal_dma.o
       996         52          0          0          0       3691   stm32f4xx_hal_gpio.o
         4          0          0          0          0        484   stm32f4xx_hal_msp.o
       476         22          0          0          0       3579   stm32f4xx_hal_pwr.o
      2356         70          0          0          0       5427   stm32f4xx_hal_rcc.o
      1844         66          0          0          0       4113   stm32f4xx_hal_rcc_ex.o
      2936         26          0          0          0       8257   stm32f4xx_hal_rtc.o
      3558         22          0          0          0      12961   stm32f4xx_hal_rtc_ex.o
       116         16          0          0          0       2018   stm32f4xx_it.o
       204         24         24          4          0       1613   system_stm32f4xx.o
       136          8      29464          0          0       1604   web.o

    ----------------------------------------------------------------------
     63068       2474      34204      34696      28824    1336889   Object Totals
         0          0         48          0          0          0   (incl. Generated)
         6          0          9         10          4          0   (incl. Padding)

    ----------------------------------------------------------------------

      Code (inc. data)   RO Data    RW Data    ZI Data      Debug   Library Member Name

      1418         24         22          0         16        692   net_addr.o
      2880        146          0          0         24        876   net_arp.o
       116          4         80          0          0         84   net_base64.o
       844          8         16          0          0        656   net_common.o
      3930        152          0          0        160        684   net_eth.o
      7326        916        737          0         85       1500   net_http_server.o
       262         68         24          0          0        368   net_http_server_auth.o
         0          0        528          0          0          0   net_http_server_err.o
       640         44          0          0          1        132   net_icmp.o
       808         54          0          0          0        160   net_icmp6.o
      1062         48          4          0          4        360   net_igmp.o
      1282         96          4          0          8        376   net_ip4.o
       752         36          0          0          4        220   net_ip4_frag.o
      1044         80         32          0          4        348   net_ip6.o
       374         40         44          0          4        136   net_loopback.o
       580         56          0          0         20        212   net_mem.o
       598         52          0          0          1        132   net_nbns_client.o
      3234         76          0          0          0        936   net_ndp.o
       216         36         18          0         44        188   net_ping_core.o
       908         80          0          0         44        336   net_sntp_client_core.o
       812         84          0          0         92        464   net_sys.o
      7194        234          0          0          1       1748   net_tcp.o
      1518         84          0          0         30        712   net_udp.o
         0          0          4          0          0          0   net_version.o
        86          0          0          0          0          0   __dczerorl2.o
         0          0          0          0          0          0   entry.o
         0          0          0          0          0          0   entry10a.o
         0          0          0          0          0          0   entry11a.o
         4          0          0          0          0          0   entry12b.o
         8          4          0          0          0          0   entry2.o
         4          0          0          0          0          0   entry5.o
         0          0          0          0          0          0   entry7b.o
         0          0          0          0          0          0   entry8b.o
         8          4          0          0          0          0   entry9a.o
        18          0          0          0          0         80   fputc.o
        30          0          0          0          0          0   handlers.o
        36          8          0          0          0         68   init.o
         0          0          0          0          0          0   iusefp.o
         0          0          0          0          0          0   iusesemip.o
        30          0          0          0          0         68   llshl.o
        36          0          0          0          0         68   llsshr.o
        32          0          0          0          0         68   llushr.o
       148         10         12          0         44         76   localtime.o
        26          0          0          0          0         80   memcmp.o
        36          0          0          0          0         68   memcpya.o
        36          0          0          0          0        108   memseta.o
      2342        100          0          0          0        772   printfa.o
         0          0          0          0          0          0   semi.o
         0          0          0          4          0          0   stdout.o
        28          0          0          0          0         76   strcmp.o
        18          0          0          0          0         68   strcpy.o
        14          0          0          0          0         68   strlen.o
        30          0          0          0          0         80   strncmp.o
        24          0          0          0          0         76   strncpy.o
        44          0          0          0          0         80   uidiv.o
        98          0          0          0          0         92   uldiv.o
        48          0          0          0          0         68   cdrcmple.o
       334          0          0          0          0        148   dadd.o
       222          0          0          0          0        100   ddiv.o
       186          0          0          0          0        176   depilogue.o
        48          0          0          0          0         68   dfixul.o
       228          0          0          0          0         96   dmul.o
        38          0          0          0          0         68   f2d.o
       124          0          0          0          0         88   fdiv.o
       110          0          0          0          0        168   fepilogue.o
        40          0          0          0          0         68   ffixui.o
        10          0          0          0          0         68   ffltui.o
       100          0          0          0          0         76   fmul.o

    ----------------------------------------------------------------------
     42460       2544       1528          4        608      14508   Library Totals
        38          0          3          0         22          0   (incl. Padding)

    ----------------------------------------------------------------------

      Code (inc. data)   RO Data    RW Data    ZI Data      Debug   Library Name

     37798       2418       1513          0        542      11320   Net_Dbg_CM3_L.lib
      3136        126         12          4         44       1996   mc_w.l
      1488          0          0          0          0       1192   mf_w.l

    ----------------------------------------------------------------------
     42460       2544       1528          4        608      14508   Library Totals

    ----------------------------------------------------------------------

==============================================================================


      Code (inc. data)   RO Data    RW Data    ZI Data      Debug   

    105528       5018      35732      34700      29432    1345541   Grand Totals
    105528       5018      35732        316      29432    1345541   ELF Image Totals (compressed)
    105528       5018      35732        316          0          0   ROM Totals

==============================================================================

    Total RO  Size (Code + RO Data)               141260 ( 137.95kB)
    Total RW  Size (RW Data + ZI Data)             64132 (  62.63kB)
    Total ROM Size (Code + RO Data + RW Data)     141576 ( 138.26kB)

==============================================================================

