Component: ARM Compiler 5.06 update 7 (build 960) Tool: armlink [4d3601]

==============================================================================

Section Cross References

    main.o(.text) refers to rtx_kernel.o(.text) for osKernelGetState
    main.o(.text) refers to stm32f4xx_hal_rcc.o(.text) for HAL_RCC_OscConfig
    main.o(.text) refers to stm32f4xx_hal.o(.text) for HAL_GetREVID
    main.o(.text) refers to system_stm32f4xx.o(.text) for SystemCoreClockUpdate
    main.o(.text) refers to rtx_thread.o(.text) for osThreadNew
    main.o(.text) refers to system_stm32f4xx.o(.data) for SystemCoreClock
    main.o(.text) refers to main.o(.data) for .data
    main.o(.text) refers to http_server.o(.constdata) for app_main_attr
    main.o(.text) refers to http_server.o(.text) for app_main
    stm32f4xx_it.o(.text) refers to stm32f4xx_hal_rtc.o(.text) for HAL_RTC_AlarmIRQHandler
    stm32f4xx_it.o(.text) refers to rtx_thread.o(.text) for osThreadFlagsSet
    stm32f4xx_it.o(.text) refers to stm32f4xx_hal_gpio.o(.text) for HAL_GPIO_EXTI_IRQHandler
    stm32f4xx_it.o(.text) refers to rtc_2.o(.bss) for RtcHandle
    stm32f4xx_it.o(.text) refers to http_server.o(.data) for TID_Alarma
    web.o(.text) refers to web.o(.constdata) for .constdata
    web.o(.constdata) refers to web.o(.constdata) for imageFileData
    lcd_1.o(.text) refers to stm32f4xx_hal_gpio.o(.text) for HAL_GPIO_WritePin
    lcd_1.o(.text) refers to strlen.o(.text) for strlen
    lcd_1.o(.text) refers to stm32f4xx_hal.o(.text) for HAL_Delay
    lcd_1.o(.text) refers to lcd_1.o(.data) for .data
    lcd_1.o(.text) refers to lcd_1.o(.bss) for .bss
    lcd_1.o(.text) refers to lcd_1.o(.constdata) for .constdata
    lcd_1.o(.data) refers to spi_stm32f4xx.o(.constdata) for Driver_SPI1
    adc.o(.text) refers to memseta.o(.text) for __aeabi_memclr4
    adc.o(.text) refers to stm32f4xx_hal_gpio.o(.text) for HAL_GPIO_Init
    adc.o(.text) refers to stm32f4xx_hal_adc.o(.text) for HAL_ADC_Init
    adc.o(.text) refers to ffltui.o(.text) for __aeabi_ui2f
    adc.o(.text) refers to fmul.o(.text) for __aeabi_fmul
    adc.o(.text) refers to fscalb.o(.text) for __ARM_scalbnf
    adc.o(.text) refers to adc.o(.data) for .data
    rtc_2.o(.text) refers to memseta.o(.text) for __aeabi_memclr4
    rtc_2.o(.text) refers to stm32f4xx_hal_rcc.o(.text) for HAL_RCC_OscConfig
    rtc_2.o(.text) refers to stm32f4xx_hal_rcc_ex.o(.text) for HAL_RCCEx_PeriphCLKConfig
    rtc_2.o(.text) refers to stm32f4xx_hal_rtc.o(.text) for HAL_RTC_SetDate
    rtc_2.o(.text) refers to stm32f4xx_hal_rtc_ex.o(.text) for HAL_RTCEx_BKUPWrite
    rtc_2.o(.text) refers to stm32f4xx_hal_cortex.o(.text) for HAL_NVIC_EnableIRQ
    rtc_2.o(.text) refers to printfa.o(i.__0sprintf) for __2sprintf
    rtc_2.o(.text) refers to rtc_2.o(.data) for .data
    rtc_2.o(.text) refers to rtc_2.o(.bss) for .bss
    http_server.o(.text) refers to rtx_timer.o(.text) for osTimerStart
    http_server.o(.text) refers to sntp.o(.text) for get_time
    http_server.o(.text) refers to stm32f4xx_hal_gpio.o(.text) for HAL_GPIO_TogglePin
    http_server.o(.text) refers to adc.o(.text) for ADC_Init_Single_Conversion
    http_server.o(.text) refers to ffixui.o(.text) for __aeabi_f2uiz
    http_server.o(.text) refers to fmul.o(.text) for __aeabi_fmul
    http_server.o(.text) refers to buttons_nucleo_f429zi.o(.text) for Buttons_GetState
    http_server.o(.text) refers to rtx_thread.o(.text) for osThreadFlagsSet
    http_server.o(.text) refers to stm32f4xx_hal_rtc.o(.text) for HAL_RTC_SetTime
    http_server.o(.text) refers to rtx_delay.o(.text) for osDelay
    http_server.o(.text) refers to lcd_1.o(.text) for LCD_reset
    http_server.o(.text) refers to printfa.o(i.__0snprintf) for __2snprintf
    http_server.o(.text) refers to rtc_2.o(.text) for RTC_CalendarShow
    http_server.o(.text) refers to led_nucleo_f429zi.o(.text) for LED_Initialize
    http_server.o(.text) refers to net_sys.o(.text.netInitialize) for netInitialize
    http_server.o(.text) refers to http_server.o(.data) for .data
    http_server.o(.text) refers to rtc_2.o(.bss) for stimestructureget
    http_server.o(.text) refers to rtc_2.o(.data) for sdatestructureget
    http_server.o(.text) refers to http_server.o(.bss) for .bss
    http_server.o(.constdata) refers to http_server.o(.bss) for app_main_stk
    http_server_cgi.o(.text) refers to net_http_server.o(.text.netCGI_GetEnvVar) for netCGI_GetEnvVar
    http_server_cgi.o(.text) refers to net_addr.o(.text.netIP_aton) for netIP_aton
    http_server_cgi.o(.text) refers to net_sys.o(.text.netIF_SetOption) for netIF_SetOption
    http_server_cgi.o(.text) refers to strcmp.o(.text) for strcmp
    http_server_cgi.o(.text) refers to strncmp.o(.text) for strncmp
    http_server_cgi.o(.text) refers to led_nucleo_f429zi.o(.text) for LED_SetOut
    http_server_cgi.o(.text) refers to net_http_server.o(.text.netHTTPs_LoginActive) for netHTTPs_LoginActive
    http_server_cgi.o(.text) refers to strcpy.o(.text) for strcpy
[...]
    net_tcp_get_peer                         0x08013e55   Thumb Code    64  net_tcp.o(.text.net_tcp_get_peer)
    net_tcp_get_socket                       0x08013e99   Thumb Code   108  net_tcp.o(.text.net_tcp_get_socket)
    net_tcp_get_state                        0x08013f0d   Thumb Code    32  net_tcp.o(.text.net_tcp_get_state)
    net_tcp_get_timer                        0x08013f31   Thumb Code    40  net_tcp.o(.text.net_tcp_get_timer)
    net_tcp_listen                           0x08013f5d   Thumb Code   164  net_tcp.o(.text.net_tcp_listen)
    net_tcp_process                          0x08014009   Thumb Code  2872  net_tcp.o(.text.net_tcp_process)
    net_tcp_send                             0x08014b55   Thumb Code   360  net_tcp.o(.text.net_tcp_send)
    net_tcp_set_option                       0x08014cc9   Thumb Code   304  net_tcp.o(.text.net_tcp_set_option)
    net_tcp_socket_init                      0x08014e05   Thumb Code    28  net_tcp.o(.text.net_tcp_socket_init)
    net_tcp_socket_run                       0x08014e29   Thumb Code  1080  net_tcp.o(.text.net_tcp_socket_run)
    net_udp_close                            0x08015275   Thumb Code    56  net_udp.o(.text.net_udp_close)
    net_udp_get_buf                          0x080152b5   Thumb Code    52  net_udp.o(.text.net_udp_get_buf)
    net_udp_get_socket                       0x080152e9   Thumb Code    92  net_udp.o(.text.net_udp_get_socket)
    net_udp_open                             0x08015351   Thumb Code   180  net_udp.o(.text.net_udp_open)
    net_udp_process                          0x08015411   Thumb Code   360  net_udp.o(.text.net_udp_process)
    net_udp_send                             0x0801558d   Thumb Code    20  net_udp.o(.text.net_udp_send)
    net_udp_send_if                          0x080155a1   Thumb Code   544  net_udp.o(.text.net_udp_send_if)
    net_udp_socket_init                      0x080157d1   Thumb Code    28  net_udp.o(.text.net_udp_socket_init)
    net_ultoa                                0x080157f1   Thumb Code     8  net_common.o(.text.net_ultoa)
    net_ultox                                0x080157f9   Thumb Code    60  net_common.o(.text.net_ultox)
    net_xtouc                                0x08015839   Thumb Code    26  net_common.o(.text.net_xtouc)
    net_xtoul                                0x08015853   Thumb Code    90  net_common.o(.text.net_xtoul)
    __0printf                                0x08016085   Thumb Code    22  printfa.o(i.__0printf)
    __1printf                                0x08016085   Thumb Code     0  printfa.o(i.__0printf)
    __2printf                                0x08016085   Thumb Code     0  printfa.o(i.__0printf)
    __c89printf                              0x08016085   Thumb Code     0  printfa.o(i.__0printf)
    printf                                   0x08016085   Thumb Code     0  printfa.o(i.__0printf)
    __0snprintf                              0x080160a5   Thumb Code    48  printfa.o(i.__0snprintf)
    __1snprintf                              0x080160a5   Thumb Code     0  printfa.o(i.__0snprintf)
    __2snprintf                              0x080160a5   Thumb Code     0  printfa.o(i.__0snprintf)
    __c89snprintf                            0x080160a5   Thumb Code     0  printfa.o(i.__0snprintf)
    snprintf                                 0x080160a5   Thumb Code     0  printfa.o(i.__0snprintf)
    __0sprintf                               0x080160d9   Thumb Code    34  printfa.o(i.__0sprintf)
    __1sprintf                               0x080160d9   Thumb Code     0  printfa.o(i.__0sprintf)
    __2sprintf                               0x080160d9   Thumb Code     0  printfa.o(i.__0sprintf)
    __c89sprintf                             0x080160d9   Thumb Code     0  printfa.o(i.__0sprintf)
    sprintf                                  0x080160d9   Thumb Code     0  printfa.o(i.__0sprintf)
    __scatterload_copy                       0x08016101   Thumb Code    14  handlers.o(i.__scatterload_copy)
    __scatterload_null                       0x0801610f   Thumb Code     2  handlers.o(i.__scatterload_null)
    __scatterload_zeroinit                   0x08016111   Thumb Code    14  handlers.o(i.__scatterload_zeroinit)
    fputc                                    0x080169cb   Thumb Code    18  fputc.o(i.fputc)
    imageLastModified                        0x080169dc   Data           4  web.o(.constdata)
    Arial12x12                               0x0801dcf4   Data        2400  lcd_1.o(.constdata)
    app_main_attr                            0x0801e654   Data          36  http_server.o(.constdata)
    ntp_server                               0x0801e678   Data           8  sntp.o(.constdata)
    osRtxUserSVC                             0x0801e700   Data           4  rtx_lib.o(.constdata)
    Driver_ETH_PHY0                          0x0801e708   Data          32  phy_lan8742a.o(.constdata)
    Driver_ETH_MAC0                          0x0801e778   Data          68  emac_stm32f4xx.o(.constdata)
    Driver_SPI1                              0x0801e810   Data          44  spi_stm32f4xx.o(.constdata)
    EventRecorderInfo                        0x0801e83c   Data          24  eventrecorder.o(.constdata)
    AHBPrescTable                            0x0801e85c   Data          16  system_stm32f4xx.o(.constdata)
    APBPrescTable                            0x0801e86c   Data           8  system_stm32f4xx.o(.constdata)
    net_sys_config                           0x0801e91c   Data          28  net_config.o(.constdata)
    net_eth0_if_config                       0x0801e990   Data          44  net_config.o(.constdata)
    net_eth_list                             0x0801e9bc   Data           8  net_config.o(.constdata)
    net_if_list_lan                          0x0801e9c4   Data           8  net_config.o(.constdata)
    net_if_list_all                          0x0801e9cc   Data           8  net_config.o(.constdata)
    net_if_inet_def                          0x0801e9d4   Data           8  net_config.o(.constdata)
    net_if_link_def                          0x0801e9dc   Data           8  net_config.o(.constdata)
    net_arp_list                             0x0801e9e4   Data           8  net_config.o(.constdata)
    net_icmp_list                            0x0801e9ec   Data           8  net_config.o(.constdata)
    net_igmp_list                            0x0801e9f4   Data           8  net_config.o(.constdata)
    net_icmp6_list                           0x0801e9fc   Data           4  net_config.o(.constdata)
    net_ip4_frag_config                      0x0801ea00   Data           8  net_config.o(.constdata)
    net_udp_config                           0x0801ea08   Data          12  net_config.o(.constdata)
    net_tcp_config                           0x0801ea14   Data          24  net_config.o(.constdata)
    net_http_config                          0x0801ea2c   Data          52  net_config.o(.constdata)
    net_sntp_config                          0x0801ea60   Data           8  net_config.o(.constdata)
    netif_getopt_func                        0x0801eac0   Data          16  net_config.o(.constdata)
    netif_setopt_func                        0x0801ead0   Data          16  net_config.o(.constdata)
    osRtxConfig                              0x0801ecc4   Data         112  rtx_lib.o(.rodata)
    os_cb_sections                           0x0801ed34   Data          56  rtx_lib.o(.rodata)
    net_addr4_loopback                       0x0801eeb4   Data           4  net_ip4.o(.rodata.net_addr4_loopback)
    net_addr6_all_nodes                      0x0801eeb8   Data          16  net_ip6.o(.rodata.net_addr6_all_nodes)
    net_addr6_loopback                       0x0801eec8   Data          16  net_ip6.o(.rodata.net_addr6_loopback)
    net_addr_bcast                           0x0801eed8   Data           6  net_addr.o(.rodata.net_addr_bcast)
    net_addr_unspec                          0x0801eede   Data          16  net_addr.o(.rodata.net_addr_unspec)
    net_http_auth_basic_func                 0x0801ef40   Data          24  net_http_server_auth.o(.rodata.net_http_auth_basic_func)
    net_http_error                           0x0801ef58   Data          24  net_http_server_err.o(.rodata.net_http_error)
    net_lib_version                          0x0801ef70   Data           4  net_version.o(.rodata.net_lib_version)
    network_ip4ip6_debug_v7.17.0             0x0801ef70   Data           4  net_version.o(.rodata.net_lib_version)
    net_loop_if_config                       0x0801ef74   Data          44  net_loopback.o(.rodata.net_loop_if_config)
    net_ping_payload                         0x0801efa0   Data          18  net_ping_core.o(.rodata.net_ping_payload)
    Region$$Table$$Base                      0x0801f358   Number         0  anon$$obj.o(Region$$Table)
    Region$$Table$$Limit                     0x0801f388   Number         0  anon$$obj.o(Region$$Table)
    .bss.os.msgqueue.cb$$Base                0x20008044   Number         0  rtx_lib.o(.bss.os.msgqueue.cb)
    .bss.os.msgqueue.cb$$Limit               0x20008078   Number         0  rtx_lib.o(.bss.os.msgqueue.cb)
    .bss.os.mutex.cb$$Base                   0x200080c8   Number         0  net_config.o(.bss.os.mutex.cb)
    .bss.os.mutex.cb$$Limit                  0x20008100   Number         0  net_config.o(.bss.os.mutex.cb)
    .bss.os.semaphore.cb$$Base               0x20008100   Number         0  net_config.o(.bss.os.semaphore.cb)
    .bss.os.semaphore.cb$$Limit              0x20008110   Number         0  net_config.o(.bss.os.semaphore.cb)
    .bss.os.thread.cb$$Base                  0x20008110   Number         0  rtx_lib.o(.bss.os.thread.cb)
    .bss.os.thread.cb$$Limit                 0x20008220   Number         0  net_config.o(.bss.os.thread.cb)
    .bss.os.timer.cb$$Base                   0x20008620   Number         0  net_config.o(.bss.os.timer.cb)
    .bss.os.timer.cb$$Limit                  0x20008640   Number         0  net_config.o(.bss.os.timer.cb)
    SPIdrv                                   0x2000864c   Data           4  lcd_1.o(.data)
    sdatestructureget                        0x20008654   Data           4  rtc_2.o(.data)
    sdatestructure                           0x20008658   Data           4  rtc_2.o(.data)
    timer_1seg                               0x2000865c   Data           2  http_server.o(.data)
    TID_Display                              0x20008664   Data           4  http_server.o(.data)
    TID_RTC                                  0x20008668   Data           4  http_server.o(.data)
    TID_Alarma                               0x2000866c   Data           4  http_server.o(.data)
    TID_SNTP                                 0x20008670   Data           4  http_server.o(.data)
    id_tim_1s                                0x20008674   Data           4  http_server.o(.data)
    id_tim_6s                                0x20008678   Data           4  http_server.o(.data)
    id_tim_3m                                0x2000867c   Data           4  http_server.o(.data)
    lcd_text                                 0x20008680   Data          42  http_server.o(.data)
    LEDrun                                   0x200086aa   Data           1  http_server.o(.data)
    uwTickFreq                               0x200086b4   Data           1  stm32f4xx_hal.o(.data)
    uwTickPrio                               0x200086b8   Data           4  stm32f4xx_hal.o(.data)
    uwTick                                   0x200086bc   Data           4  stm32f4xx_hal.o(.data)
    SystemCoreClock                          0x200086c0   Data           4  system_stm32f4xx.o(.data)
    __stdout                                 0x200086d4   Data           4  stdout.o(.data)
    osRtxInfo                                0x200086d8   Data         164  rtx_kernel.o(.data.os)
    buffer                                   0x2000877c   Data         512  lcd_1.o(.bss)
    GPIO_InitStruct                          0x2000897c   Data          20  lcd_1.o(.bss)
    stimestructureget                        0x20008990   Data          20  rtc_2.o(.bss)
    RtcHandle                                0x200089a4   Data          32  rtc_2.o(.bss)
    alarma                                   0x200089c4   Data          40  rtc_2.o(.bss)
    stimestructure                           0x200089ec   Data          20  rtc_2.o(.bss)
    aShowTime                                0x20008a00   Data          10  http_server.o(.bss)
    aShowDate                                0x20008a0a   Data          10  http_server.o(.bss)
    app_main_stk                             0x20008a18   Data        1024  http_server.o(.bss)
    t_SNTP                                   0x20008e50   Data          44  sntp.o(.bss)
    net_http_control                         0x2000efbc   Data          20  net_http_server.o(.bss..L_MergedGlobals)
    net_sys_control                          0x2000f010   Data          28  net_sys.o(.bss..L_MergedGlobals)
    net_dbg_buf                              0x2000f068   Data          36  net_sys.o(.bss.net_dbg_buf)
    net_eth0_arp_control                     0x2000f08c   Data          24  net_arp.o(.bss.net_eth0_arp_control)
    net_eth0_icmp_control                    0x2000f0a4   Data           1  net_icmp.o(.bss.net_eth0_icmp_control)
    net_eth0_if_control                      0x2000f0a8   Data         160  net_eth.o(.bss.net_eth0_if_control)
    net_eth0_igmp_control                    0x2000f148   Data           4  net_igmp.o(.bss.net_eth0_igmp_control)
    net_ping_control                         0x2000f150   Data          44  net_ping_core.o(.bss.net_ping_control)
    net_sntp_control                         0x2000f17c   Data          44  net_sntp_client_core.o(.bss.net_sntp_control)
    __initial_sp                             0x2000f5d0   Data           0  startup_stm32f429xx.o(STACK)



==============================================================================

Memory Map of the image

  Image Entry point : 0x080001ad

  Load Region LR_IROM1 (Base: 0x08000000, Size: 0x00027b04, Max: 0x00200000, ABSOLUTE, COMPRESSED[0x0001f4c4])

    Execution Region ER_IROM1 (Exec base: 0x08000000, Load base: 0x08000000, Size: 0x0001f388, Max: 0x00200000, ABSOLUTE)

    Exec Addr    Load Addr    Size         Type   Attr      Idx    E Section Name        Object

    0x08000000   0x08000000   0x000001ac   Data   RO         1634    RESET               startup_stm32f429xx.o
    0x080001ac   0x080001ac   0x00000000   Code   RO         2995  * .ARM.Collect$$$$00000000  mc_w.l(entry.o)
    0x080001ac   0x080001ac   0x00000004   Code   RO         3295    .ARM.Collect$$$$00000001  mc_w.l(entry2.o)
    0x080001b0   0x080001b0   0x00000004   Code   RO         3298    .ARM.Collect$$$$00000004  mc_w.l(entry5.o)
    0x080001b4   0x080001b4   0x00000000   Code   RO         3300    .ARM.Collect$$$$00000008  mc_w.l(entry7b.o)
    0x080001b4   0x080001b4   0x00000000   Code   RO         3302    .ARM.Collect$$$$0000000A  mc_w.l(entry8b.o)
    0x080001b4   0x080001b4   0x00000008   Code   RO         3303    .ARM.Collect$$$$0000000B  mc_w.l(entry9a.o)
    0x080001bc   0x080001bc   0x00000004   Code   RO         3310    .ARM.Collect$$$$0000000E  mc_w.l(entry12b.o)
    0x080001c0   0x080001c0   0x00000000   Code   RO         3305    .ARM.Collect$$$$0000000F  mc_w.l(entry10a.o)
    0x080001c0   0x080001c0   0x00000000   Code   RO         3307    .ARM.Collect$$$$00000011  mc_w.l(entry11a.o)
    0x080001c0   0x080001c0   0x00000004   Code   RO         3296    .ARM.Collect$$$$00002712  mc_w.l(entry2.o)
    0x080001c4   0x080001c4   0x00000148   Code   RO          781    .emb_text           rtx_mempool.o
    0x0800030c   0x0800030c   0x00000148   Code   RO          812    .emb_text           rtx_msgqueue.o
    0x08000454   0x08000454   0x00000148   Code   RO          877    .emb_text           rtx_semaphore.o
    0x0800059c   0x0800059c   0x00000148   Code   RO          908    .emb_text           rtx_system.o
    0x080006e4   0x080006e4   0x00000148   Code   RO          942    .emb_text           rtx_thread.o
    0x0800082c   0x0800082c   0x00000074   Code   RO         1163    .emb_text           eventrecorder.o
    0x080008a0   0x080008a0   0x00000114   Code   RO            4    .text               main.o
    0x080009b4   0x080009b4   0x00000044   Code   RO          168    .text               stm32f4xx_it.o
    0x080009f8   0x080009f8   0x00000004   Code   RO          196    .text               stm32f4xx_hal_msp.o
    0x080009fc   0x080009fc   0x00000078   Code   RO          217    .text               web.o
    0x08000a74   0x08000a74   0x00000428   Code   RO          237    .text               lcd_1.o
    0x08000e9c   0x08000e9c   0x000000f8   Code   RO          274    .text               adc.o
    0x08000f94   0x08000f94   0x000001dc   Code   RO          299    .text               rtc_2.o
    0x08001170   0x08001170   0x000002d0   Code   RO          330    .text               http_server.o
    0x08001440   0x08001440   0x00000748   Code   RO          405    .text               http_server_cgi.o
    0x08001b88   0x08001b88   0x00000190   Code   RO          428    .text               sntp.o
    0x08001d18   0x08001d18   0x000000a4   Code   RO          473    .text               buttons_nucleo_f429zi.o
    0x08001dbc   0x08001dbc   0x000000ec   Code   RO          499    .text               led_nucleo_f429zi.o
    0x08001ea8   0x08001ea8   0x00000094   Code   RO          523    .text               irq_armv7m.o
    0x08001f3c   0x08001f3c   0x00000104   Code   RO          531    .text               rtx_delay.o
    0x08002040   0x08002040   0x00000958   Code   RO          629    .text               rtx_evr.o
    0x08002998   0x08002998   0x000006cc   Code   RO          654    .text               rtx_kernel.o
    0x08003064   0x08003064   0x00000018   Code   RO          702    .text               rtx_lib.o
    0x0800307c   0x0800307c   0x00000124   Code   RO          751    .text               rtx_memory.o
    0x080031a0   0x080031a0   0x00000678   Code   RO          782    .text               rtx_mempool.o
    0x08003818   0x08003818   0x000009bc   Code   RO          813    .text               rtx_msgqueue.o
    0x080041d4   0x080041d4   0x00000558   Code   RO          847    .text               rtx_mutex.o
    0x0800472c   0x0800472c   0x00000450   Code   RO          878    .text               rtx_semaphore.o
    0x08004b7c   0x08004b7c   0x00000154   Code   RO          909    .text               rtx_system.o
    0x08004cd0   0x08004cd0   0x000011d4   Code   RO          943    .text               rtx_thread.o
    0x08005ea4   0x08005ea4   0x00000480   Code   RO          977    .text               rtx_timer.o
    0x08006324   0x08006324   0x000000c4   Code   RO         1007    .text               os_systick.o
    0x080063e8   0x080063e8   0x00000004   Code   RO         1033    .text               rtx_config.o
    0x080063ec   0x080063ec   0x000001ac   Code   RO         1054    .text               phy_lan8742a.o
    0x08006598   0x08006598   0x000009e8   Code   RO         1082    .text               emac_stm32f4xx.o
    0x08006f80   0x08006f80   0x00000c5c   Code   RO         1124    .text               spi_stm32f4xx.o
    0x08007bdc   0x08007bdc   0x00000538   Code   RO         1164    .text               eventrecorder.o
    0x08008114   0x08008114   0x000001c8   Code   RO         1198    .text               stm32f4xx_hal.o
    0x080082dc   0x080082dc   0x00000ab8   Code   RO         1228    .text               stm32f4xx_hal_adc.o
    0x08008d94   0x08008d94   0x00000724   Code   RO         1252    .text               stm32f4xx_hal_adc_ex.o
    0x080094b8   0x080094b8   0x00000298   Code   RO         1276    .text               stm32f4xx_hal_cortex.o
    0x08009750   0x08009750   0x00000718   Code   RO         1304    .text               stm32f4xx_hal_dma.o
    0x08009e68   0x08009e68   0x00000364   Code   RO         1353    .text               stm32f4xx_hal_gpio.o
    0x0800a1cc   0x0800a1cc   0x00000760   Code   RO         1425    .text               stm32f4xx_hal_rcc.o
    0x0800a92c   0x0800a92c   0x000005e4   Code   RO         1449    .text               stm32f4xx_hal_rcc_ex.o
    0x0800af10   0x0800af10   0x00000970   Code   RO         1473    .text               stm32f4xx_hal_rtc.o
    0x0800b880   0x0800b880   0x00000b0c   Code   RO         1497    .text               stm32f4xx_hal_rtc_ex.o
    0x0800c38c   0x0800c38c   0x00000024   Code   RO         1635    .text               startup_stm32f429xx.o
    0x0800c3b0   0x0800c3b0   0x00000094   Code   RO         1642    .text               system_stm32f4xx.o
    0x0800c444   0x0800c444   0x00000168   Code   RO         1671    .text               net_config.o
    0x0800c5ac   0x0800c5ac   0x0000012a   Code   RO         1766    .text               net_debug.o
    0x0800c6d6   0x0800c6d6   0x00000062   Code   RO         2998    .text               mc_w.l(uldiv.o)
    0x0800c738   0x0800c738   0x00000094   Code   RO         3000    .text               mc_w.l(localtime.o)
    0x0800c7cc   0x0800c7cc   0x00000024   Code   RO         3004    .text               mc_w.l(memcpya.o)
    0x0800c7f0   0x0800c7f0   0x00000024   Code   RO         3006    .text               mc_w.l(memseta.o)
    0x0800c814   0x0800c814   0x00000018   Code   RO         3008    .text               mc_w.l(strncpy.o)
    0x0800c82c   0x0800c82c   0x0000000e   Code   RO         3010    .text               mc_w.l(strlen.o)
    0x0800c83a   0x0800c83a   0x0000001c   Code   RO         3012    .text               mc_w.l(strcmp.o)
    0x0800c856   0x0800c856   0x0000001a   Code   RO         3014    .text               mc_w.l(memcmp.o)
    0x0800c870   0x0800c870   0x00000012   Code   RO         3016    .text               mc_w.l(strcpy.o)
    0x0800c882   0x0800c882   0x0000001e   Code   RO         3018    .text               mc_w.l(strncmp.o)
    0x0800c8a0   0x0800c8a0   0x00000064   Code   RO         3283    .text               mf_w.l(fmul.o)
    0x0800c904   0x0800c904   0x00000018   Code   RO         3285    .text               mf_w.l(fscalb.o)
    0x0800c91c   0x0800c91c   0x0000002e   Code   RO         3287    .text               mf_w.l(dscalb.o)
    0x0800c94a   0x0800c94a   0x0000000a   Code   RO         3289    .text               mf_w.l(ffltui.o)
    0x0800c954   0x0800c954   0x00000028   Code   RO         3291    .text               mf_w.l(ffixui.o)
    0x0800c97c   0x0800c97c   0x00000026   Code   RO         3293    .text               mf_w.l(f2d.o)
    0x0800c9a2   0x0800c9a2   0x0000002c   Code   RO         3314    .text               mc_w.l(uidiv.o)
    0x0800c9ce   0x0800c9ce   0x0000001e   Code   RO         3316    .text               mc_w.l(llshl.o)
    0x0800c9ec   0x0800c9ec   0x00000020   Code   RO         3318    .text               mc_w.l(llushr.o)
    0x0800ca0c   0x0800ca0c   0x00000000   Code   RO         3320    .text               mc_w.l(iusefp.o)
    0x0800ca0c   0x0800ca0c   0x0000006e   Code   RO         3321    .text               mf_w.l(fepilogue.o)
    0x0800ca7a   0x0800ca7a   0x0000014e   Code   RO         3323    .text               mf_w.l(dadd.o)
    0x0800cbc8   0x0800cbc8   0x000000e4   Code   RO         3325    .text               mf_w.l(dmul.o)
    0x0800ccac   0x0800ccac   0x000000de   Code   RO         3327    .text               mf_w.l(ddiv.o)
    0x0800cd8a   0x0800cd8a   0x00000030   Code   RO         3329    .text               mf_w.l(dfixul.o)
    0x0800cdba   0x0800cdba   0x00000002   PAD
    0x0800cdbc   0x0800cdbc   0x00000030   Code   RO         3331    .text               mf_w.l(cdrcmple.o)
    0x0800cdec   0x0800cdec   0x00000024   Code   RO         3333    .text               mc_w.l(init.o)
    0x0800ce10   0x0800ce10   0x00000000   Code   RO         3335    .text               mc_w.l(semi.o)
    0x0800ce10   0x0800ce10   0x00000024   Code   RO         3336    .text               mc_w.l(llsshr.o)
    0x0800ce34   0x0800ce34   0x00000000   Code   RO         3338    .text               mc_w.l(iusesemip.o)
    0x0800ce34   0x0800ce34   0x000000ba   Code   RO         3339    .text               mf_w.l(depilogue.o)
    0x0800ceee   0x0800ceee   0x00000056   Code   RO         3348    .text               mc_w.l(__dczerorl2.o)
    0x0800cf44   0x0800cf44   0x0000000e   Code   RO         1831    .text.OUTLINED_FUNCTION_0  Net_Dbg_CM3_L.lib(net_eth.o)
    0x0800cf52   0x0800cf52   0x00000008   Code   RO         1960    .text.OUTLINED_FUNCTION_0  Net_Dbg_CM3_L.lib(net_igmp.o)
    0x0800cf5a   0x0800cf5a   0x0000000a   Code   RO         1984    .text.OUTLINED_FUNCTION_0  Net_Dbg_CM3_L.lib(net_loopback.o)
    0x0800cf64   0x0800cf64   0x00000006   Code   RO         2008    .text.OUTLINED_FUNCTION_0  Net_Dbg_CM3_L.lib(net_ip4_frag.o)
    0x0800cf6a   0x0800cf6a   0x00000006   Code   RO         2093    .text.OUTLINED_FUNCTION_0  Net_Dbg_CM3_L.lib(net_udp.o)
    0x0800cf70   0x0800cf70   0x00000006   Code   RO         2219    .text.OUTLINED_FUNCTION_0  Net_Dbg_CM3_L.lib(net_tcp.o)
    0x0800cf76   0x0800cf76   0x0000000a   Code   RO         2282    .text.OUTLINED_FUNCTION_0  Net_Dbg_CM3_L.lib(net_nbns_client.o)
    0x0800cf80   0x0800cf80   0x00000008   Code   RO         2399    .text.OUTLINED_FUNCTION_0  Net_Dbg_CM3_L.lib(net_http_server.o)
    0x0800cf88   0x0800cf88   0x00000006   Code   RO         2499    .text.OUTLINED_FUNCTION_0  Net_Dbg_CM3_L.lib(net_sntp_client_core.o)
    0x0800cf8e   0x0800cf8e   0x00000008   Code   RO         2580    .text.OUTLINED_FUNCTION_0  Net_Dbg_CM3_L.lib(net_sys.o)
    0x0800cf96   0x0800cf96   0x0000000c   Code   RO         2654    .text.OUTLINED_FUNCTION_0  Net_Dbg_CM3_L.lib(net_addr.o)
    0x0800cfa2   0x0800cfa2   0x00000006   Code   RO         2718    .text.OUTLINED_FUNCTION_0  Net_Dbg_CM3_L.lib(net_ndp.o)
    0x0800cfa8   0x0800cfa8   0x00000006   Code   RO         2822    .text.OUTLINED_FUNCTION_0  Net_Dbg_CM3_L.lib(net_ip6.o)
    0x0800cfae   0x0800cfae   0x00000006   Code   RO         1833    .text.OUTLINED_FUNCTION_1  Net_Dbg_CM3_L.lib(net_eth.o)
    0x0800cfb4   0x0800cfb4   0x0000000a   Code   RO         2010    .text.OUTLINED_FUNCTION_1  Net_Dbg_CM3_L.lib(net_ip4_frag.o)
    0x0800cfbe   0x0800cfbe   0x00000006   Code   RO         2095    .text.OUTLINED_FUNCTION_1  Net_Dbg_CM3_L.lib(net_udp.o)
    0x0800cfc4   0x0800cfc4   0x0000000a   Code   RO         2221    .text.OUTLINED_FUNCTION_1  Net_Dbg_CM3_L.lib(net_tcp.o)
    0x0800cfce   0x0800cfce   0x00000008   Code   RO         2401    .text.OUTLINED_FUNCTION_1  Net_Dbg_CM3_L.lib(net_http_server.o)
    0x0800cfd6   0x0800cfd6   0x0000000a   Code   RO         2501    .text.OUTLINED_FUNCTION_1  Net_Dbg_CM3_L.lib(net_sntp_client_core.o)
    0x0800cfe0   0x0800cfe0   0x0000000e   Code   RO         2656    .text.OUTLINED_FUNCTION_1  Net_Dbg_CM3_L.lib(net_addr.o)
    0x0800cfee   0x0800cfee   0x00000006   Code   RO         2720    .text.OUTLINED_FUNCTION_1  Net_Dbg_CM3_L.lib(net_ndp.o)
    0x0800cff4   0x0800cff4   0x0000000a   Code   RO         1851    .text.OUTLINED_FUNCTION_10  Net_Dbg_CM3_L.lib(net_eth.o)
    0x0800cffe   0x0800cffe   0x0000000a   Code   RO         2239    .text.OUTLINED_FUNCTION_10  Net_Dbg_CM3_L.lib(net_tcp.o)
    0x0800d008   0x0800d008   0x00000006   Code   RO         2419    .text.OUTLINED_FUNCTION_10  Net_Dbg_CM3_L.lib(net_http_server.o)
    0x0800d00e   0x0800d00e   0x0000000a   Code   RO         2738    .text.OUTLINED_FUNCTION_10  Net_Dbg_CM3_L.lib(net_ndp.o)
    0x0800d018   0x0800d018   0x00000006   Code   RO         2241    .text.OUTLINED_FUNCTION_11  Net_Dbg_CM3_L.lib(net_tcp.o)
    0x0800d01e   0x0800d01e   0x0000000a   Code   RO         2421    .text.OUTLINED_FUNCTION_11  Net_Dbg_CM3_L.lib(net_http_server.o)
    0x0800d028   0x0800d028   0x00000006   Code   RO         2740    .text.OUTLINED_FUNCTION_11  Net_Dbg_CM3_L.lib(net_ndp.o)
    0x0800d02e   0x0800d02e   0x00000012   Code   RO         2243    .text.OUTLINED_FUNCTION_12  Net_Dbg_CM3_L.lib(net_tcp.o)
    0x0800d040   0x0800d040   0x0000000c   Code   RO         2245    .text.OUTLINED_FUNCTION_13  Net_Dbg_CM3_L.lib(net_tcp.o)
    0x0800d04c   0x0800d04c   0x0000000e   Code   RO         2247    .text.OUTLINED_FUNCTION_14  Net_Dbg_CM3_L.lib(net_tcp.o)
    0x0800d05a   0x0800d05a   0x0000000c   Code   RO         2249    .text.OUTLINED_FUNCTION_15  Net_Dbg_CM3_L.lib(net_tcp.o)
    0x0800d066   0x0800d066   0x0000000a   Code   RO         2253    .text.OUTLINED_FUNCTION_17  Net_Dbg_CM3_L.lib(net_tcp.o)
    0x0800d070   0x0800d070   0x00000008   Code   RO         2255    .text.OUTLINED_FUNCTION_18  Net_Dbg_CM3_L.lib(net_tcp.o)
    0x0800d078   0x0800d078   0x0000000e   Code   RO         2257    .text.OUTLINED_FUNCTION_19  Net_Dbg_CM3_L.lib(net_tcp.o)
    0x0800d086   0x0800d086   0x00000006   Code   RO         1835    .text.OUTLINED_FUNCTION_2  Net_Dbg_CM3_L.lib(net_eth.o)
    0x0800d08c   0x0800d08c   0x00000012   Code   RO         2097    .text.OUTLINED_FUNCTION_2  Net_Dbg_CM3_L.lib(net_udp.o)
    0x0800d09e   0x0800d09e   0x00000006   Code   RO         2223    .text.OUTLINED_FUNCTION_2  Net_Dbg_CM3_L.lib(net_tcp.o)
    0x0800d0a4   0x0800d0a4   0x00000006   Code   RO         2403    .text.OUTLINED_FUNCTION_2  Net_Dbg_CM3_L.lib(net_http_server.o)
    0x0800d0aa   0x0800d0aa   0x00000006   Code   RO         2503    .text.OUTLINED_FUNCTION_2  Net_Dbg_CM3_L.lib(net_sntp_client_core.o)
    0x0800d0b0   0x0800d0b0   0x00000008   Code   RO         2722    .text.OUTLINED_FUNCTION_2  Net_Dbg_CM3_L.lib(net_ndp.o)
    0x0800d0b8   0x0800d0b8   0x0000000e   Code   RO         2259    .text.OUTLINED_FUNCTION_20  Net_Dbg_CM3_L.lib(net_tcp.o)
    0x0800d0c6   0x0800d0c6   0x0000000a   Code   RO         2261    .text.OUTLINED_FUNCTION_21  Net_Dbg_CM3_L.lib(net_tcp.o)
    0x0800d0d0   0x0800d0d0   0x0000000a   Code   RO         2263    .text.OUTLINED_FUNCTION_22  Net_Dbg_CM3_L.lib(net_tcp.o)
    0x0800d0da   0x0800d0da   0x00000006   Code   RO         1837    .text.OUTLINED_FUNCTION_3  Net_Dbg_CM3_L.lib(net_eth.o)
    0x0800d0e0   0x0800d0e0   0x00000008   Code   RO         1921    .text.OUTLINED_FUNCTION_3  Net_Dbg_CM3_L.lib(net_arp.o)
    0x0800d0e8   0x0800d0e8   0x0000000c   Code   RO         2225    .text.OUTLINED_FUNCTION_3  Net_Dbg_CM3_L.lib(net_tcp.o)
    0x0800d0f4   0x0800d0f4   0x00000008   Code   RO         2405    .text.OUTLINED_FUNCTION_3  Net_Dbg_CM3_L.lib(net_http_server.o)
    0x0800d0fc   0x0800d0fc   0x0000000a   Code   RO         2505    .text.OUTLINED_FUNCTION_3  Net_Dbg_CM3_L.lib(net_sntp_client_core.o)
    0x0800d106   0x0800d106   0x00000008   Code   RO         2724    .text.OUTLINED_FUNCTION_3  Net_Dbg_CM3_L.lib(net_ndp.o)
    0x0800d10e   0x0800d10e   0x0000000e   Code   RO         1839    .text.OUTLINED_FUNCTION_4  Net_Dbg_CM3_L.lib(net_eth.o)
    0x0800d11c   0x0800d11c   0x0000000e   Code   RO         1923    .text.OUTLINED_FUNCTION_4  Net_Dbg_CM3_L.lib(net_arp.o)
    0x0800d12a   0x0800d12a   0x00000006   Code   RO         2227    .text.OUTLINED_FUNCTION_4  Net_Dbg_CM3_L.lib(net_tcp.o)
    0x0800d130   0x0800d130   0x00000006   Code   RO         2407    .text.OUTLINED_FUNCTION_4  Net_Dbg_CM3_L.lib(net_http_server.o)
    0x0800d136   0x0800d136   0x0000000a   Code   RO         1841    .text.OUTLINED_FUNCTION_5  Net_Dbg_CM3_L.lib(net_eth.o)
    0x0800d140   0x0800d140   0x0000000e   Code   RO         1925    .text.OUTLINED_FUNCTION_5  Net_Dbg_CM3_L.lib(net_arp.o)
    0x0800d14e   0x0800d14e   0x0000000e   Code   RO         2229    .text.OUTLINED_FUNCTION_5  Net_Dbg_CM3_L.lib(net_tcp.o)
    0x0800d15c   0x0800d15c   0x00000006   Code   RO         2409    .text.OUTLINED_FUNCTION_5  Net_Dbg_CM3_L.lib(net_http_server.o)
    0x0800d162   0x0800d162   0x0000000e   Code   RO         2728    .text.OUTLINED_FUNCTION_5  Net_Dbg_CM3_L.lib(net_ndp.o)
    0x0800d170   0x0800d170   0x00000006   Code   RO         1843    .text.OUTLINED_FUNCTION_6  Net_Dbg_CM3_L.lib(net_eth.o)
    0x0800d176   0x0800d176   0x0000000a   Code   RO         2231    .text.OUTLINED_FUNCTION_6  Net_Dbg_CM3_L.lib(net_tcp.o)
    0x0800d180   0x0800d180   0x00000008   Code   RO         2411    .text.OUTLINED_FUNCTION_6  Net_Dbg_CM3_L.lib(net_http_server.o)
    0x0800d188   0x0800d188   0x00000006   Code   RO         2730    .text.OUTLINED_FUNCTION_6  Net_Dbg_CM3_L.lib(net_ndp.o)
    0x0800d18e   0x0800d18e   0x00000008   Code   RO         1845    .text.OUTLINED_FUNCTION_7  Net_Dbg_CM3_L.lib(net_eth.o)
    0x0800d196   0x0800d196   0x00000014   Code   RO         2233    .text.OUTLINED_FUNCTION_7  Net_Dbg_CM3_L.lib(net_tcp.o)
    0x0800d1aa   0x0800d1aa   0x0000000c   Code   RO         2413    .text.OUTLINED_FUNCTION_7  Net_Dbg_CM3_L.lib(net_http_server.o)
    0x0800d1b6   0x0800d1b6   0x0000000e   Code   RO         2732    .text.OUTLINED_FUNCTION_7  Net_Dbg_CM3_L.lib(net_ndp.o)
    0x0800d1c4   0x0800d1c4   0x00000008   Code   RO         1847    .text.OUTLINED_FUNCTION_8  Net_Dbg_CM3_L.lib(net_eth.o)
    0x0800d1cc   0x0800d1cc   0x00000010   Code   RO         2235    .text.OUTLINED_FUNCTION_8  Net_Dbg_CM3_L.lib(net_tcp.o)
    0x0800d1dc   0x0800d1dc   0x00000008   Code   RO         2415    .text.OUTLINED_FUNCTION_8  Net_Dbg_CM3_L.lib(net_http_server.o)
    0x0800d1e4   0x0800d1e4   0x0000000a   Code   RO         2734    .text.OUTLINED_FUNCTION_8  Net_Dbg_CM3_L.lib(net_ndp.o)
    0x0800d1ee   0x0800d1ee   0x0000000a   Code   RO         1849    .text.OUTLINED_FUNCTION_9  Net_Dbg_CM3_L.lib(net_eth.o)
    0x0800d1f8   0x0800d1f8   0x0000000c   Code   RO         2237    .text.OUTLINED_FUNCTION_9  Net_Dbg_CM3_L.lib(net_tcp.o)
    0x0800d204   0x0800d204   0x0000000a   Code   RO         2417    .text.OUTLINED_FUNCTION_9  Net_Dbg_CM3_L.lib(net_http_server.o)
    0x0800d20e   0x0800d20e   0x00000002   PAD
    0x0800d210   0x0800d210   0x0000005c   Code   RO         2381    .text.add_server_id  Net_Dbg_CM3_L.lib(net_http_server.o)
    0x0800d26c   0x0800d26c   0x00000062   Code   RO         1885    .text.arp_cache_alloc  Net_Dbg_CM3_L.lib(net_arp.o)
    0x0800d2ce   0x0800d2ce   0x00000034   Code   RO         1883    .text.arp_is_cacheable  Net_Dbg_CM3_L.lib(net_arp.o)
    0x0800d302   0x0800d302   0x00000002   PAD
    0x0800d304   0x0800d304   0x000000e4   Code   RO         1875    .text.arp_proc_response  Net_Dbg_CM3_L.lib(net_arp.o)
    0x0800d3e8   0x0800d3e8   0x00000018   Code   RO         1887    .text.arp_que_free  Net_Dbg_CM3_L.lib(net_arp.o)
    0x0800d400   0x0800d400   0x0000008c   Code   RO         1873    .text.arp_send_reply  Net_Dbg_CM3_L.lib(net_arp.o)
    0x0800d48c   0x0800d48c   0x000000d0   Code   RO         1879    .text.arp_send_request  Net_Dbg_CM3_L.lib(net_arp.o)
    0x0800d55c   0x0800d55c   0x00000068   Code   RO         1869    .text.arp_sender_valid  Net_Dbg_CM3_L.lib(net_arp.o)
    0x0800d5c4   0x0800d5c4   0x00000194   Code   RO         2389    .text.chk_post_req  Net_Dbg_CM3_L.lib(net_http_server.o)
    0x0800d758   0x0800d758   0x00000030   Code   RO         2914    .text.crc32_8bit    Net_Dbg_CM3_L.lib(net_common.o)
    0x0800d788   0x0800d788   0x00000088   Code   RO         1801    .text.eth_check_link  Net_Dbg_CM3_L.lib(net_eth.o)
    0x0800d810   0x0800d810   0x00000018   Code   RO         1809    .text.eth_if_map    Net_Dbg_CM3_L.lib(net_eth.o)
    0x0800d828   0x0800d828   0x00000008   Code   RO         1799    .text.eth_lock      Net_Dbg_CM3_L.lib(net_eth.o)
    0x0800d830   0x0800d830   0x0000004e   Code   RO         1811    .text.eth_opt_len   Net_Dbg_CM3_L.lib(net_eth.o)
    0x0800d87e   0x0800d87e   0x00000008   Code   RO         1803    .text.eth_unlock    Net_Dbg_CM3_L.lib(net_eth.o)
    0x0800d886   0x0800d886   0x00000034   Code   RO         2393    .text.get_next_field  Net_Dbg_CM3_L.lib(net_http_server.o)
    0x0800d8ba   0x0800d8ba   0x0000003e   Code   RO         2395    .text.get_next_par  Net_Dbg_CM3_L.lib(net_http_server.o)
    0x0800d8f8   0x0800d8f8   0x00000026   Code   RO         2944    .text.hex2uc        Net_Dbg_CM3_L.lib(net_common.o)
    0x0800d91e   0x0800d91e   0x00000002   PAD
    0x0800d920   0x0800d920   0x000003ec   Code   RO         2375    .text.http_add_header  Net_Dbg_CM3_L.lib(net_http_server.o)
    0x0800dd0c   0x0800dd0c   0x00000050   Code   RO         2444    .text.http_auth_basic_add  Net_Dbg_CM3_L.lib(net_http_server_auth.o)
    0x0800dd5c   0x0800dd5c   0x00000090   Code   RO         2446    .text.http_auth_basic_parse  Net_Dbg_CM3_L.lib(net_http_server_auth.o)
    0x0800ddec   0x0800ddec   0x00000002   Code   RO         2442    .text.http_auth_dummy  Net_Dbg_CM3_L.lib(net_http_server_auth.o)
    0x0800ddee   0x0800ddee   0x00000002   PAD
    0x0800ddf0   0x0800ddf0   0x00000020   Code   RO         2440    .text.http_auth_init  Net_Dbg_CM3_L.lib(net_http_server_auth.o)
    0x0800de10   0x0800de10   0x0000006c   Code   RO         2371    .text.http_kill_session  Net_Dbg_CM3_L.lib(net_http_server.o)
    0x0800de7c   0x0800de7c   0x00000450   Code   RO         2295    .text.http_listener  Net_Dbg_CM3_L.lib(net_http_server.o)
    0x0800e2cc   0x0800e2cc   0x000001c0   Code   RO         2379    .text.http_open_file  Net_Dbg_CM3_L.lib(net_http_server.o)
    0x0800e48c   0x0800e48c   0x000002a0   Code   RO         2385    .text.http_parse_header  Net_Dbg_CM3_L.lib(net_http_server.o)
    0x0800e72c   0x0800e72c   0x00000130   Code   RO         2391    .text.http_proc_post  Net_Dbg_CM3_L.lib(net_http_server.o)
    0x0800e85c   0x0800e85c   0x000000d4   Code   RO         2383    .text.http_proc_uri  Net_Dbg_CM3_L.lib(net_http_server.o)
    0x0800e930   0x0800e930   0x00000068   Code   RO         2297    .text.http_server_start  Net_Dbg_CM3_L.lib(net_http_server.o)
    0x0800e998   0x0800e998   0x00000070   Code   RO         2387    .text.http_set_ftype  Net_Dbg_CM3_L.lib(net_http_server.o)
    0x0800ea08   0x0800ea08   0x00000018   Code   RO         2377    .text.http_strcpy   Net_Dbg_CM3_L.lib(net_http_server.o)
    0x0800ea20   0x0800ea20   0x0000001e   Code   RO         2934    .text.i2str         Net_Dbg_CM3_L.lib(net_common.o)
    0x0800ea3e   0x0800ea3e   0x0000001e   Code   RO         1946    .text.igmp_map_group  Net_Dbg_CM3_L.lib(net_igmp.o)
    0x0800ea5c   0x0800ea5c   0x00000074   Code   RO         1948    .text.igmp_send_report  Net_Dbg_CM3_L.lib(net_igmp.o)
    0x0800ead0   0x0800ead0   0x0000000e   Code   RO         2762    .text.ip4_get_chksum  Net_Dbg_CM3_L.lib(net_ip4.o)
    0x0800eade   0x0800eade   0x00000020   Code   RO         2764    .text.ip4_get_mtu   Net_Dbg_CM3_L.lib(net_ip4.o)
    0x0800eafe   0x0800eafe   0x0000002e   Code   RO         2602    .text.ip4_ntoa      Net_Dbg_CM3_L.lib(net_addr.o)
    0x0800eb2c   0x0800eb2c   0x00000020   Code   RO         2802    .text.ip6_get_mtu   Net_Dbg_CM3_L.lib(net_ip6.o)
    0x0800eb4c   0x0800eb4c   0x00000108   Code   RO         2606    .text.ip6_ntoa      Net_Dbg_CM3_L.lib(net_addr.o)
    0x0800ec54   0x0800ec54   0x0000000c   Code   RO         2873    .text.mem_lock      Net_Dbg_CM3_L.lib(net_mem.o)
    0x0800ec60   0x0800ec60   0x0000000c   Code   RO         2875    .text.mem_unlock    Net_Dbg_CM3_L.lib(net_mem.o)
    0x0800ec6c   0x0800ec6c   0x000001c0   Code   RO         2278    .text.nbns_listener  Net_Dbg_CM3_L.lib(net_nbns_client.o)
    0x0800ee2c   0x0800ee2c   0x00000118   Code   RO         2680    .text.ndp_cache_add  Net_Dbg_CM3_L.lib(net_ndp.o)
    0x0800ef44   0x0800ef44   0x00000080   Code   RO         2688    .text.ndp_cache_alloc  Net_Dbg_CM3_L.lib(net_ndp.o)
    0x0800efc4   0x0800efc4   0x0000002a   Code   RO         2678    .text.ndp_check_frame  Net_Dbg_CM3_L.lib(net_ndp.o)
    0x0800efee   0x0800efee   0x00000018   Code   RO         2690    .text.ndp_que_free  Net_Dbg_CM3_L.lib(net_ndp.o)
    0x0800f006   0x0800f006   0x00000002   PAD
    0x0800f008   0x0800f008   0x00000038   Code   RO         2716    .text.ndp_router_remove  Net_Dbg_CM3_L.lib(net_ndp.o)
    0x0800f040   0x0800f040   0x000000a4   Code   RO         2682    .text.ndp_send_reply  Net_Dbg_CM3_L.lib(net_ndp.o)
    0x0800f0e4   0x0800f0e4   0x000000d4   Code   RO         2712    .text.ndp_send_request  Net_Dbg_CM3_L.lib(net_ndp.o)
    0x0800f1b8   0x0800f1b8   0x00000004   Code   RO         2353    .text.netCGI_Charset  Net_Dbg_CM3_L.lib(net_http_server.o)
    0x0800f1bc   0x0800f1bc   0x00000004   Code   RO         2349    .text.netCGI_ContentType  Net_Dbg_CM3_L.lib(net_http_server.o)
    0x0800f1c0   0x0800f1c0   0x00000004   Code   RO         2355    .text.netCGI_CustomHeader  Net_Dbg_CM3_L.lib(net_http_server.o)
    0x0800f1c4   0x0800f1c4   0x00000054   Code   RO         2333    .text.netCGI_GetEnvVar  Net_Dbg_CM3_L.lib(net_http_server.o)
    0x0800f218   0x0800f218   0x00000010   Code   RO         2369    .text.netCGI_ProcessCookie  Net_Dbg_CM3_L.lib(net_http_server.o)
    0x0800f228   0x0800f228   0x00000010   Code   RO         2367    .text.netCGI_ProcessRequest  Net_Dbg_CM3_L.lib(net_http_server.o)
    0x0800f238   0x0800f238   0x00000004   Code   RO         2357    .text.netCGI_Redirect  Net_Dbg_CM3_L.lib(net_http_server.o)
    0x0800f23c   0x0800f23c   0x00000004   Code   RO         2351    .text.netCGX_ContentType  Net_Dbg_CM3_L.lib(net_http_server.o)
    0x0800f240   0x0800f240   0x000000c0   Code   RO         2548    .text.netCore_Thread  Net_Dbg_CM3_L.lib(net_sys.o)
    0x0800f300   0x0800f300   0x00000002   Code   RO         1827    .text.netETH_Notify  Net_Dbg_CM3_L.lib(net_eth.o)
    0x0800f302   0x0800f302   0x00000002   Code   RO         1829    .text.netETH_ReceiveRaw  Net_Dbg_CM3_L.lib(net_eth.o)
    0x0800f304   0x0800f304   0x000000e0   Code   RO         1797    .text.netETH_Thread  Net_Dbg_CM3_L.lib(net_eth.o)
    0x0800f3e4   0x0800f3e4   0x00000004   Code   RO         2359    .text.netHTTPs_AcceptClient  Net_Dbg_CM3_L.lib(net_http_server.o)
    0x0800f3e8   0x0800f3e8   0x00000004   Code   RO         2458    .text.netHTTPs_CheckAccount  Net_Dbg_CM3_L.lib(net_http_server_auth.o)
    0x0800f3ec   0x0800f3ec   0x00000004   Code   RO         2361    .text.netHTTPs_FileAccess  Net_Dbg_CM3_L.lib(net_http_server.o)
    0x0800f3f0   0x0800f3f0   0x0000001c   Code   RO         2335    .text.netHTTPs_GetLanguage  Net_Dbg_CM3_L.lib(net_http_server.o)
    0x0800f40c   0x0800f40c   0x0000000c   Code   RO         2321    .text.netHTTPs_GetPassword  Net_Dbg_CM3_L.lib(net_http_server.o)
    0x0800f418   0x0800f418   0x0000000c   Code   RO         2327    .text.netHTTPs_LoginActive  Net_Dbg_CM3_L.lib(net_http_server.o)
    0x0800f424   0x0800f424   0x00000058   Code   RO         2323    .text.netHTTPs_SetPassword  Net_Dbg_CM3_L.lib(net_http_server.o)
    0x0800f47c   0x0800f47c   0x0000007c   Code   RO         2554    .text.netIF_GetOption  Net_Dbg_CM3_L.lib(net_sys.o)
    0x0800f4f8   0x0800f4f8   0x00000078   Code   RO         2558    .text.netIF_SetOption  Net_Dbg_CM3_L.lib(net_sys.o)
    0x0800f570   0x0800f570   0x0000001a   Code   RO         2596    .text.netIP_aton    Net_Dbg_CM3_L.lib(net_addr.o)
    0x0800f58a   0x0800f58a   0x00000030   Code   RO         2610    .text.netIP_ntoa    Net_Dbg_CM3_L.lib(net_addr.o)
    0x0800f5ba   0x0800f5ba   0x00000002   PAD
    0x0800f5bc   0x0800f5bc   0x00000098   Code   RO         2540    .text.netInitialize  Net_Dbg_CM3_L.lib(net_sys.o)
    0x0800f654   0x0800f654   0x00000062   Code   RO         2598    .text.netMAC_aton   Net_Dbg_CM3_L.lib(net_addr.o)
    0x0800f6b6   0x0800f6b6   0x0000001c   Code   RO         2481    .text.netSNTPc_GetTime  Net_Dbg_CM3_L.lib(net_sntp_client_core.o)
    0x0800f6d2   0x0800f6d2   0x00000004   Code   RO         2163    .text.netTCP_GetLocalPort  Net_Dbg_CM3_L.lib(net_tcp.o)
    0x0800f6d6   0x0800f6d6   0x00000018   Code   RO         2167    .text.netTCP_GetPeer  Net_Dbg_CM3_L.lib(net_tcp.o)
    0x0800f6ee   0x0800f6ee   0x00000004   Code   RO         2151    .text.netTCP_GetState  Net_Dbg_CM3_L.lib(net_tcp.o)
    0x0800f6f2   0x0800f6f2   0x00000004   Code   RO         2171    .text.netTCP_GetTimer  Net_Dbg_CM3_L.lib(net_tcp.o)
    0x0800f6f6   0x0800f6f6   0x0000006c   Code   RO         2592    .text.net_addr4_aton  Net_Dbg_CM3_L.lib(net_addr.o)
    0x0800f762   0x0800f762   0x0000001a   Code   RO         2618    .text.net_addr4_to_mac  Net_Dbg_CM3_L.lib(net_addr.o)
    0x0800f77c   0x0800f77c   0x000000d8   Code   RO         2594    .text.net_addr6_aton  Net_Dbg_CM3_L.lib(net_addr.o)
    0x0800f854   0x0800f854   0x00000028   Code   RO         2636    .text.net_addr6_comp  Net_Dbg_CM3_L.lib(net_addr.o)
    0x0800f87c   0x0800f87c   0x00000012   Code   RO         2634    .text.net_addr6_copy  Net_Dbg_CM3_L.lib(net_addr.o)
    0x0800f88e   0x0800f88e   0x00000002   PAD
    0x0800f890   0x0800f890   0x00000048   Code   RO         2624    .text.net_addr6_create  Net_Dbg_CM3_L.lib(net_addr.o)
    0x0800f8d8   0x0800f8d8   0x00000024   Code   RO         2620    .text.net_addr6_get_solicited  Net_Dbg_CM3_L.lib(net_addr.o)
    0x0800f8fc   0x0800f8fc   0x00000016   Code   RO         2626    .text.net_addr6_is_linklocal  Net_Dbg_CM3_L.lib(net_addr.o)
    0x0800f912   0x0800f912   0x00000002   PAD
    0x0800f914   0x0800f914   0x0000005a   Code   RO         2630    .text.net_addr6_is_onlink  Net_Dbg_CM3_L.lib(net_addr.o)
    0x0800f96e   0x0800f96e   0x0000003e   Code   RO         2622    .text.net_addr6_is_solicited  Net_Dbg_CM3_L.lib(net_addr.o)
    0x0800f9ac   0x0800f9ac   0x00000018   Code   RO         2638    .text.net_addr6_is_unspec  Net_Dbg_CM3_L.lib(net_addr.o)
    0x0800f9c4   0x0800f9c4   0x0000000e   Code   RO         2640    .text.net_addr6_to_mac  Net_Dbg_CM3_L.lib(net_addr.o)
    0x0800f9d2   0x0800f9d2   0x0000002a   Code   RO         2646    .text.net_addr_comp  Net_Dbg_CM3_L.lib(net_addr.o)
    0x0800f9fc   0x0800f9fc   0x00000034   Code   RO         2644    .text.net_addr_copy  Net_Dbg_CM3_L.lib(net_addr.o)
    0x0800fa30   0x0800fa30   0x0000001a   Code   RO         2648    .text.net_addr_find_route  Net_Dbg_CM3_L.lib(net_addr.o)
    0x0800fa4a   0x0800fa4a   0x00000002   PAD
    0x0800fa4c   0x0800fa4c   0x00000020   Code   RO         2650    .text.net_addr_get_local  Net_Dbg_CM3_L.lib(net_addr.o)
    0x0800fa6c   0x0800fa6c   0x0000001e   Code   RO         2642    .text.net_addr_is_unspec  Net_Dbg_CM3_L.lib(net_addr.o)
    0x0800fa8a   0x0800fa8a   0x00000002   PAD
    0x0800fa8c   0x0800fa8c   0x00000100   Code   RO         1871    .text.net_arp_cache_add  Net_Dbg_CM3_L.lib(net_arp.o)
    0x0800fb8c   0x0800fb8c   0x000000b0   Code   RO         1889    .text.net_arp_cache_early  Net_Dbg_CM3_L.lib(net_arp.o)
    0x0800fc3c   0x0800fc3c   0x000000e8   Code   RO         1891    .text.net_arp_cache_find  Net_Dbg_CM3_L.lib(net_arp.o)
    0x0800fd24   0x0800fd24   0x00000044   Code   RO         1863    .text.net_arp_cache_init  Net_Dbg_CM3_L.lib(net_arp.o)
    0x0800fd68   0x0800fd68   0x000001f0   Code   RO         1913    .text.net_arp_cache_run  Net_Dbg_CM3_L.lib(net_arp.o)
    0x0800ff58   0x0800ff58   0x0000007c   Code   RO         1911    .text.net_arp_enqueue  Net_Dbg_CM3_L.lib(net_arp.o)
    0x0800ffd4   0x0800ffd4   0x0000001e   Code   RO         1881    .text.net_arp_notify  Net_Dbg_CM3_L.lib(net_arp.o)
    0x0800fff2   0x0800fff2   0x00000002   PAD
    0x0800fff4   0x0800fff4   0x00000228   Code   RO         1867    .text.net_arp_process  Net_Dbg_CM3_L.lib(net_arp.o)
    0x0801021c   0x0801021c   0x00000044   Code   RO         2940    .text.net_atoi      Net_Dbg_CM3_L.lib(net_common.o)
    0x08010260   0x08010260   0x00000074   Code   RO         2976    .text.net_base64_decode  Net_Dbg_CM3_L.lib(net_base64.o)
    0x080102d4   0x080102d4   0x00000030   Code   RO         2918    .text.net_chksum_buf  Net_Dbg_CM3_L.lib(net_common.o)
    0x08010304   0x08010304   0x0000001c   Code   RO         2916    .text.net_crc_buf   Net_Dbg_CM3_L.lib(net_common.o)
    0x08010320   0x08010320   0x0000000e   Code   RO         1805    .text.net_eth_callback  Net_Dbg_CM3_L.lib(net_eth.o)
    0x0801032e   0x0801032e   0x00000064   Code   RO         1815    .text.net_eth_config_mcast  Net_Dbg_CM3_L.lib(net_eth.o)
    0x08010392   0x08010392   0x00000002   PAD
    0x08010394   0x08010394   0x000000e0   Code   RO         1807    .text.net_eth_get_option  Net_Dbg_CM3_L.lib(net_eth.o)
    0x08010474   0x08010474   0x0000034c   Code   RO         1793    .text.net_eth_iface_init  Net_Dbg_CM3_L.lib(net_eth.o)
    0x080107c0   0x080107c0   0x000002e8   Code   RO         1825    .text.net_eth_iface_run  Net_Dbg_CM3_L.lib(net_eth.o)
    0x08010aa8   0x08010aa8   0x000000ac   Code   RO         1821    .text.net_eth_output  Net_Dbg_CM3_L.lib(net_eth.o)
    0x08010b54   0x08010b54   0x000001cc   Code   RO         1819    .text.net_eth_send_frame  Net_Dbg_CM3_L.lib(net_eth.o)
    0x08010d20   0x08010d20   0x00000298   Code   RO         1813    .text.net_eth_set_option  Net_Dbg_CM3_L.lib(net_eth.o)
    0x08010fb8   0x08010fb8   0x0000010c   Code   RO         2293    .text.net_http_server_init  Net_Dbg_CM3_L.lib(net_http_server.o)
    0x080110c4   0x080110c4   0x00000658   Code   RO         2331    .text.net_http_server_run  Net_Dbg_CM3_L.lib(net_http_server.o)
    0x0801171c   0x0801171c   0x00000018   Code   RO         2836    .text.net_icmp6_init  Net_Dbg_CM3_L.lib(net_icmp6.o)
    0x08011734   0x08011734   0x00000238   Code   RO         2840    .text.net_icmp6_process  Net_Dbg_CM3_L.lib(net_icmp6.o)
    0x0801196c   0x0801196c   0x00000080   Code   RO         2842    .text.net_icmp6_send  Net_Dbg_CM3_L.lib(net_icmp6.o)
    0x080119ec   0x080119ec   0x00000058   Code   RO         2844    .text.net_icmp6_send_echo  Net_Dbg_CM3_L.lib(net_icmp6.o)
    0x08011a44   0x08011a44   0x00000018   Code   RO         2021    .text.net_icmp_init  Net_Dbg_CM3_L.lib(net_icmp.o)
    0x08011a5c   0x08011a5c   0x000001c4   Code   RO         2025    .text.net_icmp_process  Net_Dbg_CM3_L.lib(net_icmp.o)
    0x08011c20   0x08011c20   0x000000a4   Code   RO         2027    .text.net_icmp_send_echo  Net_Dbg_CM3_L.lib(net_icmp.o)
    0x08011cc4   0x08011cc4   0x0000000c   Code   RO         2556    .text.net_if_map_all  Net_Dbg_CM3_L.lib(net_sys.o)
    0x08011cd0   0x08011cd0   0x00000074   Code   RO         1954    .text.net_igmp_collect_mcast  Net_Dbg_CM3_L.lib(net_igmp.o)
    0x08011d44   0x08011d44   0x0000003c   Code   RO         1940    .text.net_igmp_host_init  Net_Dbg_CM3_L.lib(net_igmp.o)
    0x08011d80   0x08011d80   0x000000c0   Code   RO         1958    .text.net_igmp_host_run  Net_Dbg_CM3_L.lib(net_igmp.o)
    0x08011e40   0x08011e40   0x00000020   Code   RO         1952    .text.net_igmp_is_member  Net_Dbg_CM3_L.lib(net_igmp.o)
    0x08011e60   0x08011e60   0x000001c4   Code   RO         1956    .text.net_igmp_process  Net_Dbg_CM3_L.lib(net_igmp.o)
    0x08012024   0x08012024   0x000001b8   Code   RO         2758    .text.net_ip4_chk_frame  Net_Dbg_CM3_L.lib(net_ip4.o)
    0x080121dc   0x080121dc   0x0000002e   Code   RO         2784    .text.net_ip4_chksum  Net_Dbg_CM3_L.lib(net_ip4.o)
    0x0801220a   0x0801220a   0x00000006   Code   RO         2782    .text.net_ip4_chksum_buf  Net_Dbg_CM3_L.lib(net_ip4.o)
    0x08012210   0x08012210   0x00000080   Code   RO         2778    .text.net_ip4_find_route  Net_Dbg_CM3_L.lib(net_ip4.o)
    0x08012290   0x08012290   0x000001bc   Code   RO         2000    .text.net_ip4_frag_add  Net_Dbg_CM3_L.lib(net_ip4_frag.o)
    0x0801244c   0x0801244c   0x000000b4   Code   RO         2004    .text.net_ip4_frag_get  Net_Dbg_CM3_L.lib(net_ip4_frag.o)
    0x08012500   0x08012500   0x00000010   Code   RO         1996    .text.net_ip4_frag_init  Net_Dbg_CM3_L.lib(net_ip4_frag.o)
    0x08012510   0x08012510   0x00000038   Code   RO         2006    .text.net_ip4_frag_run  Net_Dbg_CM3_L.lib(net_ip4_frag.o)
    0x08012548   0x08012548   0x00000020   Code   RO         2770    .text.net_ip4_get_local  Net_Dbg_CM3_L.lib(net_ip4.o)
    0x08012568   0x08012568   0x00000024   Code   RO         2754    .text.net_ip4_init  Net_Dbg_CM3_L.lib(net_ip4.o)
    0x0801258c   0x0801258c   0x0000001a   Code   RO         2780    .text.net_ip4_is_onlink  Net_Dbg_CM3_L.lib(net_ip4.o)
    0x080125a6   0x080125a6   0x00000020   Code   RO         2760    .text.net_ip4_is_subcast  Net_Dbg_CM3_L.lib(net_ip4.o)
    0x080125c6   0x080125c6   0x00000010   Code   RO         2766    .text.net_ip4_reass_frame  Net_Dbg_CM3_L.lib(net_ip4.o)
    0x080125d6   0x080125d6   0x00000002   PAD
    0x080125d8   0x080125d8   0x00000188   Code   RO         2768    .text.net_ip4_send_frame  Net_Dbg_CM3_L.lib(net_ip4.o)
    0x08012760   0x08012760   0x00000032   Code   RO         2776    .text.net_ip4_tx_offl_hl  Net_Dbg_CM3_L.lib(net_ip4.o)
    0x08012792   0x08012792   0x00000002   PAD
    0x08012794   0x08012794   0x0000012c   Code   RO         2800    .text.net_ip6_chk_frame  Net_Dbg_CM3_L.lib(net_ip6.o)
    0x080128c0   0x080128c0   0x00000034   Code   RO         2820    .text.net_ip6_chksum  Net_Dbg_CM3_L.lib(net_ip6.o)
    0x080128f4   0x080128f4   0x00000078   Code   RO         2816    .text.net_ip6_collect_mcast  Net_Dbg_CM3_L.lib(net_ip6.o)
    0x0801296c   0x0801296c   0x0000004c   Code   RO         2818    .text.net_ip6_find_route  Net_Dbg_CM3_L.lib(net_ip6.o)
    0x080129b8   0x080129b8   0x00000048   Code   RO         2812    .text.net_ip6_get_local  Net_Dbg_CM3_L.lib(net_ip6.o)
    0x08012a00   0x08012a00   0x0000001c   Code   RO         2796    .text.net_ip6_init  Net_Dbg_CM3_L.lib(net_ip6.o)
    0x08012a1c   0x08012a1c   0x0000000c   Code   RO         2804    .text.net_ip6_reass_frame  Net_Dbg_CM3_L.lib(net_ip6.o)
    0x08012a28   0x08012a28   0x0000011c   Code   RO         2806    .text.net_ip6_send_frame  Net_Dbg_CM3_L.lib(net_ip6.o)
    0x08012b44   0x08012b44   0x00000022   Code   RO         2814    .text.net_ip6_tx_offl_hl  Net_Dbg_CM3_L.lib(net_ip6.o)
    0x08012b66   0x08012b66   0x00000008   Code   RO         2932    .text.net_itoa      Net_Dbg_CM3_L.lib(net_common.o)
    0x08012b6e   0x08012b6e   0x00000006   Code   RO         2938    .text.net_itoa_n0   Net_Dbg_CM3_L.lib(net_common.o)
    0x08012b74   0x08012b74   0x00000028   Code   RO         1978    .text.net_loop_iface_init  Net_Dbg_CM3_L.lib(net_loopback.o)
    0x08012b9c   0x08012b9c   0x000000b8   Code   RO         1982    .text.net_loop_iface_run  Net_Dbg_CM3_L.lib(net_loopback.o)
    0x08012c54   0x08012c54   0x0000006c   Code   RO         1976    .text.net_loop_send_frame  Net_Dbg_CM3_L.lib(net_loopback.o)
    0x08012cc0   0x08012cc0   0x000000c0   Code   RO         2871    .text.net_mem_alloc  Net_Dbg_CM3_L.lib(net_mem.o)
    0x08012d80   0x08012d80   0x00000018   Code   RO         2881    .text.net_mem_avail  Net_Dbg_CM3_L.lib(net_mem.o)
    0x08012d98   0x08012d98   0x000000a0   Code   RO         2879    .text.net_mem_free  Net_Dbg_CM3_L.lib(net_mem.o)
    0x08012e38   0x08012e38   0x0000006c   Code   RO         2867    .text.net_mem_init  Net_Dbg_CM3_L.lib(net_mem.o)
    0x08012ea4   0x08012ea4   0x00000048   Code   RO         2877    .text.net_mem_shrink  Net_Dbg_CM3_L.lib(net_mem.o)
    0x08012eec   0x08012eec   0x0000005c   Code   RO         2276    .text.net_nbns_client_init  Net_Dbg_CM3_L.lib(net_nbns_client.o)
    0x08012f48   0x08012f48   0x000001a0   Code   RO         2686    .text.net_ndp_cache_find  Net_Dbg_CM3_L.lib(net_ndp.o)
    0x080130e8   0x080130e8   0x00000080   Code   RO         2684    .text.net_ndp_cache_refresh  Net_Dbg_CM3_L.lib(net_ndp.o)
    0x08013168   0x08013168   0x0000007c   Code   RO         2710    .text.net_ndp_enqueue  Net_Dbg_CM3_L.lib(net_ndp.o)
    0x080131e4   0x080131e4   0x00000624   Code   RO         2676    .text.net_ndp_process  Net_Dbg_CM3_L.lib(net_ndp.o)
    0x08013808   0x08013808   0x0000003c   Code   RO         2568    .text.net_path      Net_Dbg_CM3_L.lib(net_sys.o)
    0x08013844   0x08013844   0x00000020   Code   RO         2520    .text.net_ping_client_init  Net_Dbg_CM3_L.lib(net_ping_core.o)
    0x08013864   0x08013864   0x00000078   Code   RO         2526    .text.net_ping_client_run  Net_Dbg_CM3_L.lib(net_ping_core.o)
    0x080138dc   0x080138dc   0x0000001c   Code   RO         2566    .text.net_rand32    Net_Dbg_CM3_L.lib(net_sys.o)
    0x080138f8   0x080138f8   0x00000054   Code   RO         2487    .text.net_sntp_client_init  Net_Dbg_CM3_L.lib(net_sntp_client_core.o)
    0x0801394c   0x0801394c   0x00000058   Code   RO         2495    .text.net_sntp_client_run  Net_Dbg_CM3_L.lib(net_sntp_client_core.o)
    0x080139a4   0x080139a4   0x00000128   Code   RO         2483    .text.net_sntp_client_start  Net_Dbg_CM3_L.lib(net_sntp_client_core.o)
    0x08013acc   0x08013acc   0x0000002a   Code   RO         2894    .text.net_strcasecmp  Net_Dbg_CM3_L.lib(net_common.o)
    0x08013af6   0x08013af6   0x00000016   Code   RO         2900    .text.net_strchr    Net_Dbg_CM3_L.lib(net_common.o)
    0x08013b0c   0x08013b0c   0x00000018   Code   RO         2892    .text.net_strcmp    Net_Dbg_CM3_L.lib(net_common.o)
    0x08013b24   0x08013b24   0x00000010   Code   RO         2896    .text.net_strcpy    Net_Dbg_CM3_L.lib(net_common.o)
    0x08013b34   0x08013b34   0x0000001e   Code   RO         2902    .text.net_strnchr   Net_Dbg_CM3_L.lib(net_common.o)
    0x08013b52   0x08013b52   0x0000001a   Code   RO         2898    .text.net_strncpy   Net_Dbg_CM3_L.lib(net_common.o)
    0x08013b6c   0x08013b6c   0x00000052   Code   RO         2910    .text.net_strnstr   Net_Dbg_CM3_L.lib(net_common.o)
    0x08013bbe   0x08013bbe   0x0000001a   Code   RO         2904    .text.net_strrchr   Net_Dbg_CM3_L.lib(net_common.o)
    0x08013bd8   0x08013bd8   0x0000001e   Code   RO         2906    .text.net_strtoupper  Net_Dbg_CM3_L.lib(net_common.o)
    0x08013bf6   0x08013bf6   0x00000002   PAD
    0x08013bf8   0x08013bf8   0x0000000c   Code   RO         2542    .text.net_sys_lock  Net_Dbg_CM3_L.lib(net_sys.o)
    0x08013c04   0x08013c04   0x00000014   Code   RO         2576    .text.net_sys_resume  Net_Dbg_CM3_L.lib(net_sys.o)
    0x08013c18   0x08013c18   0x00000018   Code   RO         2550    .text.net_sys_tick  Net_Dbg_CM3_L.lib(net_sys.o)
    0x08013c30   0x08013c30   0x0000000c   Code   RO         2544    .text.net_sys_unlock  Net_Dbg_CM3_L.lib(net_sys.o)
    0x08013c3c   0x08013c3c   0x00000020   Code   RO         2552    .text.net_sys_wakeup  Net_Dbg_CM3_L.lib(net_sys.o)
    0x08013c5c   0x08013c5c   0x00000074   Code   RO         2133    .text.net_tcp_abort  Net_Dbg_CM3_L.lib(net_tcp.o)
    0x08013cd0   0x08013cd0   0x00000104   Code   RO         2129    .text.net_tcp_close  Net_Dbg_CM3_L.lib(net_tcp.o)
    0x08013dd4   0x08013dd4   0x00000034   Code   RO         2141    .text.net_tcp_get_buf  Net_Dbg_CM3_L.lib(net_tcp.o)
    0x08013e08   0x08013e08   0x0000002c   Code   RO         2165    .text.net_tcp_get_local_port  Net_Dbg_CM3_L.lib(net_tcp.o)
    0x08013e34   0x08013e34   0x00000020   Code   RO         2137    .text.net_tcp_get_mss  Net_Dbg_CM3_L.lib(net_tcp.o)
    0x08013e54   0x08013e54   0x00000044   Code   RO         2169    .text.net_tcp_get_peer  Net_Dbg_CM3_L.lib(net_tcp.o)
    0x08013e98   0x08013e98   0x00000074   Code   RO         2113    .text.net_tcp_get_socket  Net_Dbg_CM3_L.lib(net_tcp.o)
    0x08013f0c   0x08013f0c   0x00000024   Code   RO         2153    .text.net_tcp_get_state  Net_Dbg_CM3_L.lib(net_tcp.o)
    0x08013f30   0x08013f30   0x0000002c   Code   RO         2173    .text.net_tcp_get_timer  Net_Dbg_CM3_L.lib(net_tcp.o)
    0x08013f5c   0x08013f5c   0x000000ac   Code   RO         2121    .text.net_tcp_listen  Net_Dbg_CM3_L.lib(net_tcp.o)
    0x08014008   0x08014008   0x00000b4c   Code   RO         2207    .text.net_tcp_process  Net_Dbg_CM3_L.lib(net_tcp.o)
    0x08014b54   0x08014b54   0x00000174   Code   RO         2149    .text.net_tcp_send  Net_Dbg_CM3_L.lib(net_tcp.o)
    0x08014cc8   0x08014cc8   0x0000013c   Code   RO         2161    .text.net_tcp_set_option  Net_Dbg_CM3_L.lib(net_tcp.o)
    0x08014e04   0x08014e04   0x00000024   Code   RO         2175    .text.net_tcp_socket_init  Net_Dbg_CM3_L.lib(net_tcp.o)
    0x08014e28   0x08014e28   0x0000044c   Code   RO         2199    .text.net_tcp_socket_run  Net_Dbg_CM3_L.lib(net_tcp.o)
    0x08015274   0x08015274   0x00000040   Code   RO         2057    .text.net_udp_close  Net_Dbg_CM3_L.lib(net_udp.o)
    0x080152b4   0x080152b4   0x00000034   Code   RO         2061    .text.net_udp_get_buf  Net_Dbg_CM3_L.lib(net_udp.o)
    0x080152e8   0x080152e8   0x00000068   Code   RO         2045    .text.net_udp_get_socket  Net_Dbg_CM3_L.lib(net_udp.o)
    0x08015350   0x08015350   0x000000c0   Code   RO         2053    .text.net_udp_open  Net_Dbg_CM3_L.lib(net_udp.o)
    0x08015410   0x08015410   0x0000017c   Code   RO         2091    .text.net_udp_process  Net_Dbg_CM3_L.lib(net_udp.o)
    0x0801558c   0x0801558c   0x00000014   Code   RO         2085    .text.net_udp_send  Net_Dbg_CM3_L.lib(net_udp.o)
    0x080155a0   0x080155a0   0x00000230   Code   RO         2065    .text.net_udp_send_if  Net_Dbg_CM3_L.lib(net_udp.o)
    0x080157d0   0x080157d0   0x00000020   Code   RO         2075    .text.net_udp_socket_init  Net_Dbg_CM3_L.lib(net_udp.o)
    0x080157f0   0x080157f0   0x00000008   Code   RO         2924    .text.net_ultoa     Net_Dbg_CM3_L.lib(net_common.o)
    0x080157f8   0x080157f8   0x00000040   Code   RO         2922    .text.net_ultox     Net_Dbg_CM3_L.lib(net_common.o)
    0x08015838   0x08015838   0x0000001a   Code   RO         2942    .text.net_xtouc     Net_Dbg_CM3_L.lib(net_common.o)
    0x08015852   0x08015852   0x0000005a   Code   RO         2946    .text.net_xtoul     Net_Dbg_CM3_L.lib(net_common.o)
    0x080158ac   0x080158ac   0x0000001c   Code   RO         2524    .text.ping_send_req  Net_Dbg_CM3_L.lib(net_ping_core.o)
    0x080158c8   0x080158c8   0x00000018   Code   RO         2002    .text.que_free_list  Net_Dbg_CM3_L.lib(net_ip4_frag.o)
    0x080158e0   0x080158e0   0x000000a4   Code   RO         2373    .text.read_script_line  Net_Dbg_CM3_L.lib(net_http_server.o)
    0x08015984   0x08015984   0x00000048   Code   RO         2397    .text.search_delim  Net_Dbg_CM3_L.lib(net_http_server.o)
    0x080159cc   0x080159cc   0x00000108   Code   RO         2489    .text.sntp_listener  Net_Dbg_CM3_L.lib(net_sntp_client_core.o)
    0x08015ad4   0x08015ad4   0x00000040   Code   RO         2493    .text.sntp_send_message  Net_Dbg_CM3_L.lib(net_sntp_client_core.o)
    0x08015b14   0x08015b14   0x00000018   Code   RO         2497    .text.sntp_stop     Net_Dbg_CM3_L.lib(net_sntp_client_core.o)
    0x08015b2c   0x08015b2c   0x00000010   Code   RO         2572    .text.sys_map_if    Net_Dbg_CM3_L.lib(net_sys.o)
    0x08015b3c   0x08015b3c   0x00000088   Code   RO         2211    .text.tcp_parse_opt  Net_Dbg_CM3_L.lib(net_tcp.o)
    0x08015bc4   0x08015bc4   0x00000018   Code   RO         2205    .text.tcp_que_free  Net_Dbg_CM3_L.lib(net_tcp.o)
    0x08015bdc   0x08015bdc   0x0000001c   Code   RO         2203    .text.tcp_que_init  Net_Dbg_CM3_L.lib(net_tcp.o)
    0x08015bf8   0x08015bf8   0x000000a4   Code   RO         2201    .text.tcp_que_resend  Net_Dbg_CM3_L.lib(net_tcp.o)
    0x08015c9c   0x08015c9c   0x00000090   Code   RO         2181    .text.tcp_send_ctrl  Net_Dbg_CM3_L.lib(net_tcp.o)
    0x08015d2c   0x08015d2c   0x00000080   Code   RO         2185    .text.tcp_send_data  Net_Dbg_CM3_L.lib(net_tcp.o)
    0x08015dac   0x08015dac   0x0000009c   Code   RO         2209    .text.tcp_send_reset  Net_Dbg_CM3_L.lib(net_tcp.o)
    0x08015e48   0x08015e48   0x00000034   Code   RO         2213    .text.tcp_set_cwnd  Net_Dbg_CM3_L.lib(net_tcp.o)
    0x08015e7c   0x08015e7c   0x00000074   Code   RO         2183    .text.tcp_transit   Net_Dbg_CM3_L.lib(net_tcp.o)
    0x08015ef0   0x08015ef0   0x0000010c   Code   RO         2217    .text.tcp_write     Net_Dbg_CM3_L.lib(net_tcp.o)
    0x08015ffc   0x08015ffc   0x00000034   Code   RO         2079    .text.udp_port_in_use  Net_Dbg_CM3_L.lib(net_udp.o)
    0x08016030   0x08016030   0x00000054   Code   RO         2926    .text.ul2str        Net_Dbg_CM3_L.lib(net_common.o)
    0x08016084   0x08016084   0x00000020   Code   RO         3255    i.__0printf         mc_w.l(printfa.o)
    0x080160a4   0x080160a4   0x00000034   Code   RO         3256    i.__0snprintf       mc_w.l(printfa.o)
    0x080160d8   0x080160d8   0x00000028   Code   RO         3257    i.__0sprintf        mc_w.l(printfa.o)
    0x08016100   0x08016100   0x0000000e   Code   RO         3342    i.__scatterload_copy  mc_w.l(handlers.o)
    0x0801610e   0x0801610e   0x00000002   Code   RO         3343    i.__scatterload_null  mc_w.l(handlers.o)
    0x08016110   0x08016110   0x0000000e   Code   RO         3344    i.__scatterload_zeroinit  mc_w.l(handlers.o)
    0x0801611e   0x0801611e   0x00000002   PAD
    0x08016120   0x08016120   0x00000184   Code   RO         3262    i._fp_digits        mc_w.l(printfa.o)
    0x080162a4   0x080162a4   0x000006b4   Code   RO         3263    i._printf_core      mc_w.l(printfa.o)
    0x08016958   0x08016958   0x00000024   Code   RO         3264    i._printf_post_padding  mc_w.l(printfa.o)
    0x0801697c   0x0801697c   0x0000002e   Code   RO         3265    i._printf_pre_padding  mc_w.l(printfa.o)
    0x080169aa   0x080169aa   0x00000016   Code   RO         3266    i._snputc           mc_w.l(printfa.o)
    0x080169c0   0x080169c0   0x0000000a   Code   RO         3267    i._sputc            mc_w.l(printfa.o)
    0x080169ca   0x080169ca   0x00000012   Code   RO         3311    i.fputc             mc_w.l(fputc.o)
    0x080169dc   0x080169dc   0x00000004   Data   RO          218    .constdata          web.o
    0x080169e0   0x080169e0   0x00007262   Data   RO          219    .constdata          web.o
    0x0801dc42   0x0801dc42   0x00000002   PAD
    0x0801dc44   0x0801dc44   0x000000b0   Data   RO          220    .constdata          web.o
    0x0801dcf4   0x0801dcf4   0x00000960   Data   RO          239    .constdata          lcd_1.o
    0x0801e654   0x0801e654   0x00000024   Data   RO          333    .constdata          http_server.o
    0x0801e678   0x0801e678   0x00000008   Data   RO          430    .constdata          sntp.o
    0x0801e680   0x0801e680   0x00000008   Data   RO          474    .constdata          buttons_nucleo_f429zi.o
    0x0801e688   0x0801e688   0x00000018   Data   RO          500    .constdata          led_nucleo_f429zi.o
    0x0801e6a0   0x0801e6a0   0x00000024   Data   RO          711    .constdata          rtx_lib.o
    0x0801e6c4   0x0801e6c4   0x00000024   Data   RO          712    .constdata          rtx_lib.o
    0x0801e6e8   0x0801e6e8   0x00000018   Data   RO          713    .constdata          rtx_lib.o
    0x0801e700   0x0801e700   0x00000004   Data   RO          715    .constdata          rtx_lib.o
    0x0801e704   0x0801e704   0x00000004   Data   RO         1056    .constdata          phy_lan8742a.o
    0x0801e708   0x0801e708   0x00000020   Data   RO         1057    .constdata          phy_lan8742a.o
    0x0801e728   0x0801e728   0x00000050   Data   RO         1084    .constdata          emac_stm32f4xx.o
    0x0801e778   0x0801e778   0x00000044   Data   RO         1085    .constdata          emac_stm32f4xx.o
    0x0801e7bc   0x0801e7bc   0x00000034   Data   RO         1127    .constdata          spi_stm32f4xx.o
    0x0801e7f0   0x0801e7f0   0x00000010   Data   RO         1128    .constdata          spi_stm32f4xx.o
    0x0801e800   0x0801e800   0x00000010   Data   RO         1129    .constdata          spi_stm32f4xx.o
    0x0801e810   0x0801e810   0x0000002c   Data   RO         1130    .constdata          spi_stm32f4xx.o
    0x0801e83c   0x0801e83c   0x00000018   Data   RO         1166    .constdata          eventrecorder.o
    0x0801e854   0x0801e854   0x00000008   Data   RO         1305    .constdata          stm32f4xx_hal_dma.o
    0x0801e85c   0x0801e85c   0x00000010   Data   RO         1643    .constdata          system_stm32f4xx.o
    0x0801e86c   0x0801e86c   0x00000008   Data   RO         1644    .constdata          system_stm32f4xx.o
    0x0801e874   0x0801e874   0x000000a8   Data   RO         1688    .constdata          net_config.o
    0x0801e91c   0x0801e91c   0x0000001c   Data   RO         1689    .constdata          net_config.o
    0x0801e938   0x0801e938   0x00000014   Data   RO         1690    .constdata          net_config.o
    0x0801e94c   0x0801e94c   0x0000000c   Data   RO         1691    .constdata          net_config.o
    0x0801e958   0x0801e958   0x00000010   Data   RO         1692    .constdata          net_config.o
    0x0801e968   0x0801e968   0x00000028   Data   RO         1693    .constdata          net_config.o
    0x0801e990   0x0801e990   0x0000002c   Data   RO         1694    .constdata          net_config.o
    0x0801e9bc   0x0801e9bc   0x00000008   Data   RO         1695    .constdata          net_config.o
    0x0801e9c4   0x0801e9c4   0x00000008   Data   RO         1696    .constdata          net_config.o
    0x0801e9cc   0x0801e9cc   0x00000008   Data   RO         1697    .constdata          net_config.o
    0x0801e9d4   0x0801e9d4   0x00000008   Data   RO         1698    .constdata          net_config.o
    0x0801e9dc   0x0801e9dc   0x00000008   Data   RO         1699    .constdata          net_config.o
    0x0801e9e4   0x0801e9e4   0x00000008   Data   RO         1700    .constdata          net_config.o
    0x0801e9ec   0x0801e9ec   0x00000008   Data   RO         1701    .constdata          net_config.o
    0x0801e9f4   0x0801e9f4   0x00000008   Data   RO         1702    .constdata          net_config.o
    0x0801e9fc   0x0801e9fc   0x00000004   Data   RO         1704    .constdata          net_config.o
    0x0801ea00   0x0801ea00   0x00000008   Data   RO         1705    .constdata          net_config.o
    0x0801ea08   0x0801ea08   0x0000000c   Data   RO         1706    .constdata          net_config.o
    0x0801ea14   0x0801ea14   0x00000018   Data   RO         1707    .constdata          net_config.o
    0x0801ea2c   0x0801ea2c   0x00000034   Data   RO         1708    .constdata          net_config.o
    0x0801ea60   0x0801ea60   0x00000008   Data   RO         1709    .constdata          net_config.o
    0x0801ea68   0x0801ea68   0x00000030   Data   RO         1710    .constdata          net_config.o
    0x0801ea98   0x0801ea98   0x00000028   Data   RO         1711    .constdata          net_config.o
    0x0801eac0   0x0801eac0   0x00000010   Data   RO         1713    .constdata          net_config.o
    0x0801ead0   0x0801ead0   0x00000010   Data   RO         1714    .constdata          net_config.o
    0x0801eae0   0x0801eae0   0x0000000c   Data   RO         3002    .constdata          mc_w.l(localtime.o)
    0x0801eaec   0x0801eaec   0x000000da   Data   RO          407    .conststring        http_server_cgi.o
    0x0801ebc6   0x0801ebc6   0x00000002   PAD
    0x0801ebc8   0x0801ebc8   0x00000078   Data   RO         1715    .conststring        net_config.o
    0x0801ec40   0x0801ec40   0x0000000d   Data   RO         1716    .conststring        net_config.o
    0x0801ec4d   0x0801ec4d   0x00000003   PAD
    0x0801ec50   0x0801ec50   0x00000035   Data   RO         1717    .conststring        net_config.o
    0x0801ec85   0x0801ec85   0x00000003   PAD
    0x0801ec88   0x0801ec88   0x0000001d   Data   RO         1718    .conststring        net_config.o
    0x0801eca5   0x0801eca5   0x00000003   PAD
    0x0801eca8   0x0801eca8   0x0000000d   Data   RO         1719    .conststring        net_config.o
    0x0801ecb5   0x0801ecb5   0x00000003   PAD
    0x0801ecb8   0x0801ecb8   0x0000000b   Data   RO          655    .conststrlit        rtx_kernel.o
    0x0801ecc3   0x0801ecc3   0x00000001   PAD
    0x0801ecc4   0x0801ecc4   0x000000a8   Data   RO          716    .rodata             rtx_lib.o
    0x0801ed6c   0x0801ed6c   0x00000018   Data   RO         2424    .rodata.DMonth      Net_Dbg_CM3_L.lib(net_http_server.o)
    0x0801ed84   0x0801ed84   0x00000004   Data   RO         1962    .rodata.IP_AllHosts  Net_Dbg_CM3_L.lib(net_igmp.o)
    0x0801ed88   0x0801ed88   0x00000040   Data   RO         2429    .rodata.Method      Net_Dbg_CM3_L.lib(net_http_server.o)
    0x0801edc8   0x0801edc8   0x00000030   Data   RO         2428    .rodata.Month       Net_Dbg_CM3_L.lib(net_http_server.o)
    0x0801edf8   0x0801edf8   0x0000001c   Data   RO         2427    .rodata.WkDay       Net_Dbg_CM3_L.lib(net_http_server.o)
    0x0801ee14   0x0801ee14   0x00000010   Data   RO         2948    .rodata.cst16       Net_Dbg_CM3_L.lib(net_common.o)
    0x0801ee24   0x0801ee24   0x00000090   Data   RO         2430    .rodata.http_set_ftype.ftype  Net_Dbg_CM3_L.lib(net_http_server.o)
    0x0801eeb4   0x0801eeb4   0x00000004   Data   RO         2786    .rodata.net_addr4_loopback  Net_Dbg_CM3_L.lib(net_ip4.o)
    0x0801eeb8   0x0801eeb8   0x00000010   Data   RO         2824    .rodata.net_addr6_all_nodes  Net_Dbg_CM3_L.lib(net_ip6.o)
    0x0801eec8   0x0801eec8   0x00000010   Data   RO         2826    .rodata.net_addr6_loopback  Net_Dbg_CM3_L.lib(net_ip6.o)
    0x0801eed8   0x0801eed8   0x00000006   Data   RO         2659    .rodata.net_addr_bcast  Net_Dbg_CM3_L.lib(net_addr.o)
    0x0801eede   0x0801eede   0x00000010   Data   RO         2658    .rodata.net_addr_unspec  Net_Dbg_CM3_L.lib(net_addr.o)
    0x0801eeee   0x0801eeee   0x00000050   Data   RO         2979    .rodata.net_base64_decode.dec_map  Net_Dbg_CM3_L.lib(net_base64.o)
    0x0801ef3e   0x0801ef3e   0x00000002   PAD
    0x0801ef40   0x0801ef40   0x00000018   Data   RO         2470    .rodata.net_http_auth_basic_func  Net_Dbg_CM3_L.lib(net_http_server_auth.o)
    0x0801ef58   0x0801ef58   0x00000018   Data   RO         2859    .rodata.net_http_error  Net_Dbg_CM3_L.lib(net_http_server_err.o)
    0x0801ef70   0x0801ef70   0x00000004   Data   RO         2988    .rodata.net_lib_version  Net_Dbg_CM3_L.lib(net_version.o)
    0x0801ef74   0x0801ef74   0x0000002c   Data   RO         1986    .rodata.net_loop_if_config  Net_Dbg_CM3_L.lib(net_loopback.o)
    0x0801efa0   0x0801efa0   0x00000012   Data   RO         2530    .rodata.net_ping_payload  Net_Dbg_CM3_L.lib(net_ping_core.o)
    0x0801efb2   0x0801efb2   0x000001a7   Data   RO         2425    .rodata.str1.1      Net_Dbg_CM3_L.lib(net_http_server.o)
    0x0801f159   0x0801f159   0x000001f8   Data   RO         2858    .rodata.str1.1      Net_Dbg_CM3_L.lib(net_http_server_err.o)
    0x0801f351   0x0801f351   0x00000001   PAD
    0x0801f352   0x0801f352   0x00000006   Data   RO         2426    .rodata.utc_to_http.DYear  Net_Dbg_CM3_L.lib(net_http_server.o)
    0x0801f358   0x0801f358   0x00000030   Data   RO         3341    Region$$Table       anon$$obj.o


    Execution Region RW_IRAM2 (Exec base: 0x10000000, Load base: 0x0801f4c4, Size: 0x000004a4, Max: 0x00010000, ABSOLUTE)

    Exec Addr    Load Addr    Size         Type   Attr      Idx    E Section Name        Object

    0x10000000        -       0x000004a4   Zero   RW         1165    .bss.noinit         eventrecorder.o


    Execution Region RW_IRAM1 (Exec base: 0x20000000, Load base: 0x0801f388, Size: 0x0000f5d0, Max: 0x00030000, ABSOLUTE, COMPRESSED[0x0000013c])

    Exec Addr    Load Addr    Size         Type   Attr      Idx    E Section Name        Object

    0x20000000   COMPRESSED   0x00008000   Data   RW          703    .bss.os             rtx_lib.o
    0x20008000   COMPRESSED   0x00000040   Data   RW          704    .bss.os             rtx_lib.o
    0x20008040   COMPRESSED   0x00000001   Data   RW         1008    .bss.os             os_systick.o
    0x20008041   COMPRESSED   0x00000003   PAD
    0x20008044   COMPRESSED   0x00000034   Data   RW          705    .bss.os.msgqueue.cb  rtx_lib.o
    0x20008078   COMPRESSED   0x00000050   Data   RW          706    .bss.os.msgqueue.mem  rtx_lib.o
    0x200080c8   COMPRESSED   0x0000001c   Data   RW         1682    .bss.os.mutex.cb    net_config.o
    0x200080e4   COMPRESSED   0x0000001c   Data   RW         1683    .bss.os.mutex.cb    net_config.o
    0x20008100   COMPRESSED   0x00000010   Data   RW         1684    .bss.os.semaphore.cb  net_config.o
    0x20008110   COMPRESSED   0x00000044   Data   RW          707    .bss.os.thread.cb   rtx_lib.o
    0x20008154   COMPRESSED   0x00000044   Data   RW          708    .bss.os.thread.cb   rtx_lib.o
    0x20008198   COMPRESSED   0x00000044   Data   RW         1685    .bss.os.thread.cb   net_config.o
    0x200081dc   COMPRESSED   0x00000044   Data   RW         1686    .bss.os.thread.cb   net_config.o
    0x20008220   COMPRESSED   0x00000200   Data   RW          709    .bss.os.thread.idle.stack  rtx_lib.o
    0x20008420   COMPRESSED   0x00000200   Data   RW          710    .bss.os.thread.timer.stack  rtx_lib.o
    0x20008620   COMPRESSED   0x00000020   Data   RW         1687    .bss.os.timer.cb    net_config.o
    0x20008640   COMPRESSED   0x00000004   Data   RW            5    .data               main.o
    0x20008644   COMPRESSED   0x0000000c   Data   RW          240    .data               lcd_1.o
    0x20008650   COMPRESSED   0x00000004   Data   RW          275    .data               adc.o
    0x20008654   COMPRESSED   0x00000008   Data   RW          301    .data               rtc_2.o
    0x2000865c   COMPRESSED   0x0000004e   Data   RW          334    .data               http_server.o
    0x200086aa   COMPRESSED   0x00000001   Data   RW          335    .data               http_server.o
    0x200086ab   COMPRESSED   0x00000001   PAD
    0x200086ac   COMPRESSED   0x00000008   Data   RW          408    .data               http_server_cgi.o
    0x200086b4   COMPRESSED   0x0000000c   Data   RW         1199    .data               stm32f4xx_hal.o
    0x200086c0   COMPRESSED   0x00000004   Data   RW         1645    .data               system_stm32f4xx.o
    0x200086c4   COMPRESSED   0x00000004   Data   RW         1720    .data               net_config.o
    0x200086c8   COMPRESSED   0x00000006   Data   RW         1721    .data               net_config.o
    0x200086ce   COMPRESSED   0x00000004   Data   RW         1722    .data               net_config.o
    0x200086d2   COMPRESSED   0x00000002   PAD
    0x200086d4   COMPRESSED   0x00000004   Data   RW         3313    .data               mc_w.l(stdout.o)
    0x200086d8   COMPRESSED   0x000000a4   Data   RW          656    .data.os            rtx_kernel.o
    0x2000877c        -       0x00000214   Zero   RW          238    .bss                lcd_1.o
    0x20008990        -       0x00000070   Zero   RW          300    .bss                rtc_2.o
    0x20008a00        -       0x00000014   Zero   RW          331    .bss                http_server.o
    0x20008a14   COMPRESSED   0x00000004   PAD
    0x20008a18        -       0x00000400   Zero   RW          332    .bss                http_server.o
    0x20008e18        -       0x00000038   Zero   RW          406    .bss                http_server_cgi.o
    0x20008e50        -       0x0000002c   Zero   RW          429    .bss                sntp.o
    0x20008e7c        -       0x0000000c   Zero   RW         1055    .bss                phy_lan8742a.o
    0x20008e88        -       0x000024cc   Zero   RW         1083    .bss                emac_stm32f4xx.o
    0x2000b354        -       0x00000010   Zero   RW         1125    .bss                spi_stm32f4xx.o
    0x2000b364        -       0x0000001c   Zero   RW         1126    .bss                spi_stm32f4xx.o
    0x2000b380        -       0x00000400   Zero   RW         1672    .bss                net_config.o
    0x2000b780        -       0x00000400   Zero   RW         1673    .bss                net_config.o
    0x2000bb80        -       0x00002ee0   Zero   RW         1674    .bss                net_config.o
    0x2000ea60        -       0x000000c8   Zero   RW         1675    .bss                net_config.o
    0x2000eb28        -       0x00000028   Zero   RW         1676    .bss                net_config.o
    0x2000eb50        -       0x00000018   Zero   RW         1677    .bss                net_config.o
    0x2000eb68        -       0x00000028   Zero   RW         1678    .bss                net_config.o
    0x2000eb90        -       0x00000050   Zero   RW         1679    .bss                net_config.o
    0x2000ebe0        -       0x00000228   Zero   RW         1680    .bss                net_config.o
    0x2000ee08        -       0x00000168   Zero   RW         1681    .bss                net_config.o
    0x2000ef70        -       0x0000002c   Zero   RW         3001    .bss                mc_w.l(localtime.o)
    0x2000ef9c        -       0x00000055   Zero   RW         2431    .bss..L_MergedGlobals  Net_Dbg_CM3_L.lib(net_http_server.o)
    0x2000eff1   COMPRESSED   0x00000003   PAD
    0x2000eff4        -       0x00000038   Zero   RW         2583    .bss..L_MergedGlobals  Net_Dbg_CM3_L.lib(net_sys.o)
    0x2000f02c   COMPRESSED   0x00000004   PAD
    0x2000f030        -       0x00000008   Zero   RW         2787    .bss.ip4_control    Net_Dbg_CM3_L.lib(net_ip4.o)
    0x2000f038        -       0x00000004   Zero   RW         2827    .bss.ip6_control    Net_Dbg_CM3_L.lib(net_ip6.o)
    0x2000f03c        -       0x00000004   Zero   RW         1987    .bss.loop_control   Net_Dbg_CM3_L.lib(net_loopback.o)
    0x2000f040        -       0x00000014   Zero   RW         2883    .bss.mem_control    Net_Dbg_CM3_L.lib(net_mem.o)
    0x2000f054        -       0x00000001   Zero   RW         2284    .bss.nbns_socket    Net_Dbg_CM3_L.lib(net_nbns_client.o)
    0x2000f055   COMPRESSED   0x00000003   PAD
    0x2000f058        -       0x00000010   Zero   RW         2663    .bss.net_addr6_get_solicited.buf  Net_Dbg_CM3_L.lib(net_addr.o)
    0x2000f068        -       0x00000024   Zero   RW         2582    .bss.net_dbg_buf    Net_Dbg_CM3_L.lib(net_sys.o)
    0x2000f08c        -       0x00000018   Zero   RW         1927    .bss.net_eth0_arp_control  Net_Dbg_CM3_L.lib(net_arp.o)
    0x2000f0a4        -       0x00000001   Zero   RW         2029    .bss.net_eth0_icmp_control  Net_Dbg_CM3_L.lib(net_icmp.o)
    0x2000f0a5   COMPRESSED   0x00000003   PAD
    0x2000f0a8        -       0x000000a0   Zero   RW         1853    .bss.net_eth0_if_control  Net_Dbg_CM3_L.lib(net_eth.o)
    0x2000f148        -       0x00000004   Zero   RW         1963    .bss.net_eth0_igmp_control  Net_Dbg_CM3_L.lib(net_igmp.o)
    0x2000f14c        -       0x00000004   Zero   RW         2012    .bss.net_ip4_frag_get.dfrag  Net_Dbg_CM3_L.lib(net_ip4_frag.o)
    0x2000f150        -       0x0000002c   Zero   RW         2531    .bss.net_ping_control  Net_Dbg_CM3_L.lib(net_ping_core.o)
    0x2000f17c        -       0x0000002c   Zero   RW         2507    .bss.net_sntp_control  Net_Dbg_CM3_L.lib(net_sntp_client_core.o)
    0x2000f1a8        -       0x00000001   Zero   RW         2266    .bss.net_tcp_socket_run.socket  Net_Dbg_CM3_L.lib(net_tcp.o)
    0x2000f1a9   COMPRESSED   0x00000003   PAD
    0x2000f1ac        -       0x0000001c   Zero   RW         2101    .bss.net_udp_process.addr  Net_Dbg_CM3_L.lib(net_udp.o)
    0x2000f1c8        -       0x00000002   Zero   RW         2102    .bss.udp_alloc_port.port  Net_Dbg_CM3_L.lib(net_udp.o)
    0x2000f1ca   COMPRESSED   0x00000006   PAD
    0x2000f1d0        -       0x00000400   Zero   RW         1632    STACK               startup_stm32f429xx.o


==============================================================================

Image component sizes


      Code (inc. data)   RO Data    RW Data    ZI Data      Debug   Object Name

       248         24          0          4          0       1768   adc.o
       164         10          8          0          0       2420   buttons_nucleo_f429zi.o
      2536        156        148          0       9420      47678   emac_stm32f4xx.o
      1452         40         24          0       1188      17440   eventrecorder.o
       720         58         36         79       1044      12819   http_server.o
      1864        346        218          8         56       7888   http_server_cgi.o
       148          8          0          0          0        616   irq_armv7m.o
      1064         36       2400         12        532       4777   lcd_1.o
       236         10         24          0          0       2825   led_nucleo_f429zi.o
       276         30          0          4          0     769719   main.o
       360         26        848        254      15344      32691   net_config.o
       298          0          0          0          0        810   net_debug.o
       196         12          0          1          0       1992   os_systick.o
       428         10         36          0         12       6970   phy_lan8742a.o
       476         60          0          8        112       2023   rtc_2.o
         4          0          0          0          0        571   rtx_config.o
       260         14          0          0          0      17930   rtx_delay.o
      2392         88          0          0          0      45217   rtx_evr.o
      1740         96         11        164          0      28084   rtx_kernel.o
        24          0        268      34124          0       9883   rtx_lib.o
       292          0          0          0          0       3847   rtx_memory.o
      1984         48          0          0          0      15216   rtx_mempool.o
      2820         58          0          0          0      23740   rtx_msgqueue.o
      1368         30          0          0          0      10178   rtx_mutex.o
      1432         34          0          0          0      11944   rtx_semaphore.o
       668         18          0          0          0       8525   rtx_system.o
      4892        124          0          0          0      33677   rtx_thread.o
      1152         34          0          0          0      10285   rtx_timer.o
       400        164          8          0         44       2345   sntp.o
      3164         98        128          0         44      44963   spi_stm32f4xx.o
        36          8        428          0       1024        808   startup_stm32f429xx.o
       456         38          0         12          0      11471   stm32f4xx_hal.o
      2744         92          0          0          0       8855   stm32f4xx_hal_adc.o
      1828         42          0          0          0       6570   stm32f4xx_hal_adc_ex.o
       664         10          0          0          0      36162   stm32f4xx_hal_cortex.o
      1816         28          8          0          0       7669   stm32f4xx_hal_dma.o
       868         54          0          0          0       4023   stm32f4xx_hal_gpio.o
         4          0          0          0          0        484   stm32f4xx_hal_msp.o
      1888         66          0          0          0       6175   stm32f4xx_hal_rcc.o
      1508         80          0          0          0       4733   stm32f4xx_hal_rcc_ex.o
      2416         24          0          0          0       8737   stm32f4xx_hal_rtc.o
      2828         22          0          0          0      13729   stm32f4xx_hal_rtc_ex.o
        68         14          0          0          0       1866   stm32f4xx_it.o
       148         20         24          4          0       1717   system_stm32f4xx.o
       120         10      29462          0          0       1656   web.o

    ----------------------------------------------------------------------
     50450       2140      34144      34680      28824    1293496   Object Totals
         0          0         48          0          0          0   (incl. Generated)
         0          0         17          6          4          0   (incl. Padding)

    ----------------------------------------------------------------------

      Code (inc. data)   RO Data    RW Data    ZI Data      Debug   Library Member Name

      1418         24         22          0         16        692   net_addr.o
      2824        138          0          0         24        876   net_arp.o
       116          4         80          0          0         84   net_base64.o
       844          8         16          0          0        656   net_common.o
      3802        144          0          0        160        684   net_eth.o
      7210        904        737          0         85       1500   net_http_server.o
       262         68         24          0          0        368   net_http_server_auth.o
         0          0        528          0          0          0   net_http_server_err.o
       640         44          0          0          1        132   net_icmp.o
       808         54          0          0          0        160   net_icmp6.o
      1006         40          4          0          4        360   net_igmp.o
      1250         88          4          0          8        376   net_ip4.o
       736         32          0          0          4        220   net_ip4_frag.o
      1016         72         32          0          4        348   net_ip6.o
       342         32         44          0          4        136   net_loopback.o
       580         56          0          0         20        212   net_mem.o
       550         40          0          0          1        132   net_nbns_client.o
      3234         76          0          0          0        936   net_ndp.o
       180         28         18          0         44        188   net_ping_core.o
       880         72          0          0         44        336   net_sntp_client_core.o
       812         84          0          0         92        464   net_sys.o
      7158        226          0          0          1       1748   net_tcp.o
      1486         76          0          0         30        712   net_udp.o
         0          0          4          0          0          0   net_version.o
        86          0          0          0          0          0   __dczerorl2.o
         0          0          0          0          0          0   entry.o
         0          0          0          0          0          0   entry10a.o
         0          0          0          0          0          0   entry11a.o
         4          0          0          0          0          0   entry12b.o
         8          4          0          0          0          0   entry2.o
         4          0          0          0          0          0   entry5.o
         0          0          0          0          0          0   entry7b.o
         0          0          0          0          0          0   entry8b.o
         8          4          0          0          0          0   entry9a.o
        18          0          0          0          0         80   fputc.o
        30          0          0          0          0          0   handlers.o
        36          8          0          0          0         68   init.o
         0          0          0          0          0          0   iusefp.o
         0          0          0          0          0          0   iusesemip.o
        30          0          0          0          0         68   llshl.o
        36          0          0          0          0         68   llsshr.o
        32          0          0          0          0         68   llushr.o
       148         10         12          0         44         76   localtime.o
        26          0          0          0          0         80   memcmp.o
        36          0          0          0          0         68   memcpya.o
        36          0          0          0          0        108   memseta.o
      2342        100          0          0          0        772   printfa.o
         0          0          0          0          0          0   semi.o
         0          0          0          4          0          0   stdout.o
        28          0          0          0          0         76   strcmp.o
        18          0          0          0          0         68   strcpy.o
        14          0          0          0          0         68   strlen.o
        30          0          0          0          0         80   strncmp.o
        24          0          0          0          0         76   strncpy.o
        44          0          0          0          0         80   uidiv.o
        98          0          0          0          0         92   uldiv.o
        48          0          0          0          0         68   cdrcmple.o
       334          0          0          0          0        148   dadd.o
       222          0          0          0          0        100   ddiv.o
       186          0          0          0          0        176   depilogue.o
        48          0          0          0          0         68   dfixul.o
       228          0          0          0          0         96   dmul.o
        46          0          0          0          0         80   dscalb.o
        38          0          0          0          0         68   f2d.o
       110          0          0          0          0        168   fepilogue.o
        40          0          0          0          0         68   ffixui.o
        10          0          0          0          0         68   ffltui.o
       100          0          0          0          0         76   fmul.o
        24          0          0          0          0         68   fscalb.o

    ----------------------------------------------------------------------
     41758       2436       1528          4        608      14568   Library Totals
        34          0          3          0         22          0   (incl. Padding)

    ----------------------------------------------------------------------

      Code (inc. data)   RO Data    RW Data    ZI Data      Debug   Library Name

     37154       2310       1513          0        542      11320   Net_Dbg_CM3_L.lib
      3136        126         12          4         44       1996   mc_w.l
      1434          0          0          0          0       1252   mf_w.l

    ----------------------------------------------------------------------
     41758       2436       1528          4        608      14568   Library Totals

    ----------------------------------------------------------------------

==============================================================================


      Code (inc. data)   RO Data    RW Data    ZI Data      Debug   

     92208       4576      35672      34684      29432    1302052   Grand Totals
     92208       4576      35672        316      29432    1302052   ELF Image Totals (compressed)
     92208       4576      35672        316          0          0   ROM Totals

==============================================================================

    Total RO  Size (Code + RO Data)               127880 ( 124.88kB)
    Total RW  Size (RW Data + ZI Data)             64116 (  62.61kB)
    Total ROM Size (Code + RO Data + RW Data)     128196 ( 125.19kB)

==============================================================================

