Component: ARM Compiler 5.06 update 7 (build 960) Tool: armlink [4d3601]

==============================================================================

Section Cross References

    main.o(.text) refers to rtx_kernel.o(.text) for osKernelGetState
    main.o(.text) refers to stm32f4xx_hal_rcc.o(.text) for HAL_RCC_OscConfig
    main.o(.text) refers to stm32f4xx_hal.o(.text) for HAL_GetREVID
    main.o(.text) refers to system_stm32f4xx_1.o(.text) for SystemCoreClockUpdate
    main.o(.text) refers to rtx_thread.o(.text) for osThreadNew
    main.o(.text) refers to system_stm32f4xx_1.o(.data) for SystemCoreClock
    main.o(.text) refers to main.o(.data) for .data
    main.o(.text) refers to http_server.o(.constdata) for app_main_attr
    main.o(.text) refers to http_server.o(.text) for app_main
    http_server.o(.text) refers to buttons_nucleo_f429zi.o(.text) for Buttons_GetState
    http_server.o(.text) refers to rtx_thread.o(.text) for osThreadFlagsSet
    http_server.o(.text) refers to net_sys.o(.text.netIF_GetOption) for netIF_GetOption
    http_server.o(.text) refers to net_addr.o(.text.netIP_ntoa) for netIP_ntoa
    http_server.o(.text) refers to led_nucleo_f429zi.o(.text) for LED_SetOut
    http_server.o(.text) refers to rtx_delay.o(.text) for osDelay
    http_server.o(.text) refers to net_sys.o(.text.netInitialize) for netInitialize
    http_server.o(.text) refers to http_server.o(.data) for .data
    http_server.o(.text) refers to http_server.o(.bss) for .bss
    http_server.o(.constdata) refers to http_server.o(.bss) for app_main_stk
    http_server_cgi.o(.text) refers to net_http_server.o(.text.netCGI_GetEnvVar) for netCGI_GetEnvVar
    http_server_cgi.o(.text) refers to net_addr.o(.text.netIP_aton) for netIP_aton
    http_server_cgi.o(.text) refers to net_sys.o(.text.netIF_SetOption) for netIF_SetOption
    http_server_cgi.o(.text) refers to strcmp.o(.text) for strcmp
    http_server_cgi.o(.text) refers to strncmp.o(.text) for strncmp
    http_server_cgi.o(.text) refers to led_nucleo_f429zi.o(.text) for LED_SetOut
    http_server_cgi.o(.text) refers to net_http_server.o(.text.netHTTPs_LoginActive) for netHTTPs_LoginActive
    http_server_cgi.o(.text) refers to strcpy.o(.text) for strcpy
    http_server_cgi.o(.text) refers to net_http_server.o(.text.netHTTPs_SetPassword) for netHTTPs_SetPassword
    http_server_cgi.o(.text) refers to rtx_thread.o(.text) for osThreadFlagsSet
    http_server_cgi.o(.text) refers to net_sys.o(.text.netIF_GetOption) for netIF_GetOption
    http_server_cgi.o(.text) refers to net_addr.o(.text.netIP_ntoa) for netIP_ntoa
    http_server_cgi.o(.text) refers to printfa.o(i.__0sprintf) for __2sprintf
    http_server_cgi.o(.text) refers to net_tcp.o(.text.netTCP_GetState) for netTCP_GetState
    http_server_cgi.o(.text) refers to net_tcp.o(.text.netTCP_GetPeer) for netTCP_GetPeer
    http_server_cgi.o(.text) refers to net_tcp.o(.text.netTCP_GetTimer) for netTCP_GetTimer
    http_server_cgi.o(.text) refers to net_tcp.o(.text.netTCP_GetLocalPort) for netTCP_GetLocalPort
    http_server_cgi.o(.text) refers to net_http_server.o(.text.netHTTPs_GetPassword) for netHTTPs_GetPassword
    http_server_cgi.o(.text) refers to http_server_cgi.o(.bss) for .bss
    http_server_cgi.o(.text) refers to http_server_cgi.o(.data) for .data
    http_server_cgi.o(.text) refers to http_server.o(.data) for LEDrun
    http_server_cgi.o(.text) refers to http_server.o(.data) for lcd_text
    http_server_cgi.o(.text) refers to http_server_cgi.o(.conststring) for .conststring
    http_server_cgi.o(.text) refers to net_http_server.o(.text.netHTTPs_GetLanguage) for netHTTPs_GetLanguage
    http_server_cgi.o(.text) refers to http_server.o(.text) for AD_in
    http_server_cgi.o(.text) refers to f2d.o(.text) for __aeabi_f2d
    http_server_cgi.o(.text) refers to dmul.o(.text) for __aeabi_dmul
    web.o(.text) refers to web.o(.constdata) for .constdata
    web.o(.constdata) refers to web.o(.constdata) for imageFileData
    buttons_nucleo_f429zi.o(.text) refers to stm32f4xx_hal_gpio.o(.text) for HAL_GPIO_Init
    buttons_nucleo_f429zi.o(.text) refers to buttons_nucleo_f429zi.o(.constdata) for .constdata
    led_nucleo_f429zi.o(.text) refers to stm32f4xx_hal_gpio.o(.text) for HAL_GPIO_Init
    led_nucleo_f429zi.o(.text) refers to led_nucleo_f429zi.o(.constdata) for .constdata
    irq_armv7m.o(.text) refers to rtx_system.o(.text) for osRtxPendSV_Handler
    irq_armv7m.o(.text) refers to rtx_kernel.o(.data.os) for osRtxInfo
    irq_armv7m.o(.text) refers to rtx_lib.o(.constdata) for osRtxUserSVC
    rtx_delay.o(.text) refers to rtx_thread.o(.text) for osRtxThreadWaitEnter
    rtx_delay.o(.text) refers to rtx_evr.o(.text) for EvrRtxDelayStarted
    rtx_delay.o(.text) refers to rtx_kernel.o(.data.os) for osRtxInfo
    rtx_evflags.o(.text) refers to rtx_evflags.o(.emb_text) for __asm___13_rtx_evflags_c_e167c757__atomic_set32
    rtx_evflags.o(.text) refers to rtx_thread.o(.text) for osRtxThreadListRemove
[...]
    netTCP_GetPeer                           0x0800aa3f   Thumb Code    24  net_tcp.o(.text.netTCP_GetPeer)
    netTCP_GetState                          0x0800aa57   Thumb Code     4  net_tcp.o(.text.netTCP_GetState)
    netTCP_GetTimer                          0x0800aa5b   Thumb Code     4  net_tcp.o(.text.netTCP_GetTimer)
    net_addr4_aton                           0x0800aa5f   Thumb Code   108  net_addr.o(.text.net_addr4_aton)
    net_addr4_to_mac                         0x0800aacb   Thumb Code    26  net_addr.o(.text.net_addr4_to_mac)
    net_addr6_aton                           0x0800aae5   Thumb Code   216  net_addr.o(.text.net_addr6_aton)
    net_addr6_comp                           0x0800abbd   Thumb Code    40  net_addr.o(.text.net_addr6_comp)
    net_addr6_copy                           0x0800abe5   Thumb Code    18  net_addr.o(.text.net_addr6_copy)
    net_addr6_create                         0x0800abf9   Thumb Code    68  net_addr.o(.text.net_addr6_create)
    net_addr6_get_solicited                  0x0800ac41   Thumb Code    32  net_addr.o(.text.net_addr6_get_solicited)
    net_addr6_is_linklocal                   0x0800ac65   Thumb Code    22  net_addr.o(.text.net_addr6_is_linklocal)
    net_addr6_is_onlink                      0x0800ac7d   Thumb Code    90  net_addr.o(.text.net_addr6_is_onlink)
    net_addr6_is_solicited                   0x0800acd7   Thumb Code    62  net_addr.o(.text.net_addr6_is_solicited)
    net_addr6_is_unspec                      0x0800ad15   Thumb Code    24  net_addr.o(.text.net_addr6_is_unspec)
    net_addr6_to_mac                         0x0800ad2d   Thumb Code    14  net_addr.o(.text.net_addr6_to_mac)
    net_addr_copy                            0x0800ad3b   Thumb Code    52  net_addr.o(.text.net_addr_copy)
    net_addr_find_route                      0x0800ad6f   Thumb Code    26  net_addr.o(.text.net_addr_find_route)
    net_addr_get_local                       0x0800ad89   Thumb Code    28  net_addr.o(.text.net_addr_get_local)
    net_addr_is_unspec                       0x0800ada9   Thumb Code    30  net_addr.o(.text.net_addr_is_unspec)
    net_arp_cache_add                        0x0800adc9   Thumb Code   248  net_arp.o(.text.net_arp_cache_add)
    net_arp_cache_early                      0x0800aec9   Thumb Code   168  net_arp.o(.text.net_arp_cache_early)
    net_arp_cache_find                       0x0800af79   Thumb Code   220  net_arp.o(.text.net_arp_cache_find)
    net_arp_cache_init                       0x0800b061   Thumb Code    60  net_arp.o(.text.net_arp_cache_init)
    net_arp_cache_run                        0x0800b0a5   Thumb Code   480  net_arp.o(.text.net_arp_cache_run)
    net_arp_enqueue                          0x0800b295   Thumb Code   120  net_arp.o(.text.net_arp_enqueue)
    net_arp_notify                           0x0800b311   Thumb Code    30  net_arp.o(.text.net_arp_notify)
    net_arp_process                          0x0800b331   Thumb Code   540  net_arp.o(.text.net_arp_process)
    net_atoi                                 0x0800b559   Thumb Code    68  net_common.o(.text.net_atoi)
    net_base64_decode                        0x0800b59d   Thumb Code   112  net_base64.o(.text.net_base64_decode)
    net_chksum_buf                           0x0800b611   Thumb Code    48  net_common.o(.text.net_chksum_buf)
    net_crc_buf                              0x0800b641   Thumb Code    28  net_common.o(.text.net_crc_buf)
    net_eth_callback                         0x0800b65d   Thumb Code    14  net_eth.o(.text.net_eth_callback)
    net_eth_config_mcast                     0x0800b66b   Thumb Code   100  net_eth.o(.text.net_eth_config_mcast)
    net_eth_get_option                       0x0800b6d1   Thumb Code   224  net_eth.o(.text.net_eth_get_option)
    net_eth_iface_init                       0x0800b7b1   Thumb Code   828  net_eth.o(.text.net_eth_iface_init)
    net_eth_iface_run                        0x0800bafd   Thumb Code   720  net_eth.o(.text.net_eth_iface_run)
    net_eth_output                           0x0800bde5   Thumb Code   168  net_eth.o(.text.net_eth_output)
    net_eth_send_frame                       0x0800be91   Thumb Code   440  net_eth.o(.text.net_eth_send_frame)
    net_eth_set_option                       0x0800c05d   Thumb Code   652  net_eth.o(.text.net_eth_set_option)
    net_http_server_init                     0x0800c2f5   Thumb Code   248  net_http_server.o(.text.net_http_server_init)
    net_http_server_run                      0x0800c401   Thumb Code  1488  net_http_server.o(.text.net_http_server_run)
    net_icmp6_init                           0x0800ca59   Thumb Code    20  net_icmp6.o(.text.net_icmp6_init)
    net_icmp6_process                        0x0800ca71   Thumb Code   544  net_icmp6.o(.text.net_icmp6_process)
    net_icmp6_send                           0x0800cca9   Thumb Code   120  net_icmp6.o(.text.net_icmp6_send)
    net_icmp6_send_echo                      0x0800cd29   Thumb Code    80  net_icmp6.o(.text.net_icmp6_send_echo)
    net_icmp_init                            0x0800cd81   Thumb Code    20  net_icmp.o(.text.net_icmp_init)
    net_icmp_process                         0x0800cd99   Thumb Code   428  net_icmp.o(.text.net_icmp_process)
    net_icmp_send_echo                       0x0800cf5d   Thumb Code   148  net_icmp.o(.text.net_icmp_send_echo)
    net_if_map_all                           0x0800d001   Thumb Code     8  net_sys.o(.text.net_if_map_all)
    net_igmp_collect_mcast                   0x0800d00d   Thumb Code   112  net_igmp.o(.text.net_igmp_collect_mcast)
    net_igmp_host_init                       0x0800d081   Thumb Code    56  net_igmp.o(.text.net_igmp_host_init)
    net_igmp_host_run                        0x0800d0bd   Thumb Code   176  net_igmp.o(.text.net_igmp_host_run)
    net_igmp_is_member                       0x0800d17d   Thumb Code    28  net_igmp.o(.text.net_igmp_is_member)
    net_igmp_process                         0x0800d19d   Thumb Code   440  net_igmp.o(.text.net_igmp_process)
    net_ip4_chk_frame                        0x0800d361   Thumb Code   416  net_ip4.o(.text.net_ip4_chk_frame)
    net_ip4_chksum                           0x0800d519   Thumb Code    46  net_ip4.o(.text.net_ip4_chksum)
    net_ip4_chksum_buf                       0x0800d547   Thumb Code     6  net_ip4.o(.text.net_ip4_chksum_buf)
    net_ip4_find_route                       0x0800d54d   Thumb Code   104  net_ip4.o(.text.net_ip4_find_route)
    net_ip4_frag_add                         0x0800d5cd   Thumb Code   432  net_ip4_frag.o(.text.net_ip4_frag_add)
    net_ip4_frag_get                         0x0800d789   Thumb Code   172  net_ip4_frag.o(.text.net_ip4_frag_get)
    net_ip4_frag_init                        0x0800d83d   Thumb Code    12  net_ip4_frag.o(.text.net_ip4_frag_init)
    net_ip4_frag_run                         0x0800d84d   Thumb Code    48  net_ip4_frag.o(.text.net_ip4_frag_run)
    net_ip4_get_local                        0x0800d885   Thumb Code    28  net_ip4.o(.text.net_ip4_get_local)
    net_ip4_init                             0x0800d8a5   Thumb Code    24  net_ip4.o(.text.net_ip4_init)
    net_ip4_is_onlink                        0x0800d8c9   Thumb Code    26  net_ip4.o(.text.net_ip4_is_onlink)
    net_ip4_is_subcast                       0x0800d8e3   Thumb Code    32  net_ip4.o(.text.net_ip4_is_subcast)
    net_ip4_reass_frame                      0x0800d903   Thumb Code    16  net_ip4.o(.text.net_ip4_reass_frame)
    net_ip4_send_frame                       0x0800d915   Thumb Code   368  net_ip4.o(.text.net_ip4_send_frame)
    net_ip4_tx_offl_hl                       0x0800da9d   Thumb Code    50  net_ip4.o(.text.net_ip4_tx_offl_hl)
    net_ip6_chk_frame                        0x0800dad1   Thumb Code   276  net_ip6.o(.text.net_ip6_chk_frame)
    net_ip6_chksum                           0x0800dbfd   Thumb Code    52  net_ip6.o(.text.net_ip6_chksum)
    net_ip6_collect_mcast                    0x0800dc31   Thumb Code   116  net_ip6.o(.text.net_ip6_collect_mcast)
    net_ip6_find_route                       0x0800dca9   Thumb Code    60  net_ip6.o(.text.net_ip6_find_route)
    net_ip6_get_local                        0x0800dcf5   Thumb Code    64  net_ip6.o(.text.net_ip6_get_local)
    net_ip6_init                             0x0800dd3d   Thumb Code    20  net_ip6.o(.text.net_ip6_init)
    net_ip6_reass_frame                      0x0800dd59   Thumb Code    12  net_ip6.o(.text.net_ip6_reass_frame)
    net_ip6_send_frame                       0x0800dd65   Thumb Code   272  net_ip6.o(.text.net_ip6_send_frame)
    net_ip6_tx_offl_hl                       0x0800de81   Thumb Code    34  net_ip6.o(.text.net_ip6_tx_offl_hl)
    net_itoa                                 0x0800dea3   Thumb Code     8  net_common.o(.text.net_itoa)
    net_itoa_n0                              0x0800deab   Thumb Code     6  net_common.o(.text.net_itoa_n0)
    net_loop_iface_init                      0x0800deb1   Thumb Code    32  net_loopback.o(.text.net_loop_iface_init)
    net_loop_iface_run                       0x0800ded9   Thumb Code   168  net_loopback.o(.text.net_loop_iface_run)
    net_loop_send_frame                      0x0800df91   Thumb Code   100  net_loopback.o(.text.net_loop_send_frame)
    net_mem_alloc                            0x0800dffd   Thumb Code   180  net_mem.o(.text.net_mem_alloc)
    net_mem_avail                            0x0800e0bd   Thumb Code    20  net_mem.o(.text.net_mem_avail)
    net_mem_free                             0x0800e0d5   Thumb Code   148  net_mem.o(.text.net_mem_free)
    net_mem_init                             0x0800e175   Thumb Code    96  net_mem.o(.text.net_mem_init)
    net_mem_shrink                           0x0800e1e1   Thumb Code    64  net_mem.o(.text.net_mem_shrink)
    net_nbns_client_init                     0x0800e229   Thumb Code    76  net_nbns_client.o(.text.net_nbns_client_init)
    net_ndp_cache_find                       0x0800e285   Thumb Code   404  net_ndp.o(.text.net_ndp_cache_find)
    net_ndp_cache_refresh                    0x0800e425   Thumb Code   120  net_ndp.o(.text.net_ndp_cache_refresh)
    net_ndp_enqueue                          0x0800e4a5   Thumb Code   120  net_ndp.o(.text.net_ndp_enqueue)
    net_ndp_process                          0x0800e521   Thumb Code  1560  net_ndp.o(.text.net_ndp_process)
    net_path                                 0x0800eb45   Thumb Code    56  net_sys.o(.text.net_path)
    net_ping_client_init                     0x0800eb81   Thumb Code    24  net_ping_core.o(.text.net_ping_client_init)
    net_ping_client_run                      0x0800eba1   Thumb Code   104  net_ping_core.o(.text.net_ping_client_run)
    net_rand32                               0x0800ec19   Thumb Code    20  net_sys.o(.text.net_rand32)
    net_strcasecmp                           0x0800ec35   Thumb Code    42  net_common.o(.text.net_strcasecmp)
    net_strchr                               0x0800ec5f   Thumb Code    22  net_common.o(.text.net_strchr)
    net_strcmp                               0x0800ec75   Thumb Code    24  net_common.o(.text.net_strcmp)
    net_strcpy                               0x0800ec8d   Thumb Code    16  net_common.o(.text.net_strcpy)
    net_strnchr                              0x0800ec9d   Thumb Code    30  net_common.o(.text.net_strnchr)
    net_strncpy                              0x0800ecbb   Thumb Code    26  net_common.o(.text.net_strncpy)
    net_strnstr                              0x0800ecd5   Thumb Code    82  net_common.o(.text.net_strnstr)
    net_strrchr                              0x0800ed27   Thumb Code    26  net_common.o(.text.net_strrchr)
    net_strtoupper                           0x0800ed41   Thumb Code    30  net_common.o(.text.net_strtoupper)
    net_sys_lock                             0x0800ed61   Thumb Code     8  net_sys.o(.text.net_sys_lock)
    net_sys_resume                           0x0800ed6d   Thumb Code    20  net_sys.o(.text.net_sys_resume)
    net_sys_tick                             0x0800ed81   Thumb Code    20  net_sys.o(.text.net_sys_tick)
    net_sys_unlock                           0x0800ed99   Thumb Code     8  net_sys.o(.text.net_sys_unlock)
    net_sys_wakeup                           0x0800eda5   Thumb Code    28  net_sys.o(.text.net_sys_wakeup)
    net_tcp_abort                            0x0800edc5   Thumb Code   108  net_tcp.o(.text.net_tcp_abort)
    net_tcp_close                            0x0800ee39   Thumb Code   252  net_tcp.o(.text.net_tcp_close)
    net_tcp_get_buf                          0x0800ef3d   Thumb Code    52  net_tcp.o(.text.net_tcp_get_buf)
    net_tcp_get_local_port                   0x0800ef71   Thumb Code    40  net_tcp.o(.text.net_tcp_get_local_port)
    net_tcp_get_mss                          0x0800ef9d   Thumb Code    28  net_tcp.o(.text.net_tcp_get_mss)
    net_tcp_get_peer                         0x0800efbd   Thumb Code    64  net_tcp.o(.text.net_tcp_get_peer)
    net_tcp_get_socket                       0x0800f001   Thumb Code   108  net_tcp.o(.text.net_tcp_get_socket)
    net_tcp_get_state                        0x0800f075   Thumb Code    32  net_tcp.o(.text.net_tcp_get_state)
    net_tcp_get_timer                        0x0800f099   Thumb Code    40  net_tcp.o(.text.net_tcp_get_timer)
    net_tcp_listen                           0x0800f0c5   Thumb Code   164  net_tcp.o(.text.net_tcp_listen)
    net_tcp_process                          0x0800f171   Thumb Code  2872  net_tcp.o(.text.net_tcp_process)
    net_tcp_send                             0x0800fcbd   Thumb Code   360  net_tcp.o(.text.net_tcp_send)
    net_tcp_set_option                       0x0800fe31   Thumb Code   304  net_tcp.o(.text.net_tcp_set_option)
    net_tcp_socket_init                      0x0800ff6d   Thumb Code    28  net_tcp.o(.text.net_tcp_socket_init)
    net_tcp_socket_run                       0x0800ff91   Thumb Code  1080  net_tcp.o(.text.net_tcp_socket_run)
    net_udp_get_buf                          0x080103dd   Thumb Code    52  net_udp.o(.text.net_udp_get_buf)
    net_udp_get_socket                       0x08010411   Thumb Code    92  net_udp.o(.text.net_udp_get_socket)
    net_udp_open                             0x08010479   Thumb Code   180  net_udp.o(.text.net_udp_open)
    net_udp_process                          0x08010539   Thumb Code   360  net_udp.o(.text.net_udp_process)
    net_udp_send_if                          0x080106b5   Thumb Code   544  net_udp.o(.text.net_udp_send_if)
    net_udp_socket_init                      0x080108e5   Thumb Code    28  net_udp.o(.text.net_udp_socket_init)
    net_ultoa                                0x08010905   Thumb Code     8  net_common.o(.text.net_ultoa)
    net_ultox                                0x0801090d   Thumb Code    60  net_common.o(.text.net_ultox)
    net_xtouc                                0x0801094d   Thumb Code    26  net_common.o(.text.net_xtouc)
    net_xtoul                                0x08010967   Thumb Code    90  net_common.o(.text.net_xtoul)
    __0sprintf                               0x08011039   Thumb Code    34  printfa.o(i.__0sprintf)
    __1sprintf                               0x08011039   Thumb Code     0  printfa.o(i.__0sprintf)
    __2sprintf                               0x08011039   Thumb Code     0  printfa.o(i.__0sprintf)
    __c89sprintf                             0x08011039   Thumb Code     0  printfa.o(i.__0sprintf)
    sprintf                                  0x08011039   Thumb Code     0  printfa.o(i.__0sprintf)
    __scatterload_copy                       0x08011061   Thumb Code    14  handlers.o(i.__scatterload_copy)
    __scatterload_null                       0x0801106f   Thumb Code     2  handlers.o(i.__scatterload_null)
    __scatterload_zeroinit                   0x08011071   Thumb Code    14  handlers.o(i.__scatterload_zeroinit)
    app_main_attr                            0x08011914   Data          36  http_server.o(.constdata)
    imageLastModified                        0x08011938   Data           4  web.o(.constdata)
    osRtxUserSVC                             0x08017fc0   Data           4  rtx_lib.o(.constdata)
    Driver_ETH_PHY0                          0x08017fc8   Data          32  phy_lan8742a.o(.constdata)
    Driver_ETH_MAC0                          0x08018038   Data          68  emac_stm32f4xx.o(.constdata)
    EventRecorderInfo                        0x0801807c   Data          24  eventrecorder.o(.constdata)
    AHBPrescTable                            0x08018094   Data          16  system_stm32f4xx_1.o(.constdata)
    APBPrescTable                            0x080180a4   Data           8  system_stm32f4xx_1.o(.constdata)
    net_sys_config                           0x08018154   Data          28  net_config.o(.constdata)
    net_eth0_if_config                       0x080181c8   Data          44  net_config.o(.constdata)
    net_eth_list                             0x080181f4   Data           8  net_config.o(.constdata)
    net_if_list_lan                          0x080181fc   Data           8  net_config.o(.constdata)
    net_if_list_all                          0x08018204   Data           8  net_config.o(.constdata)
    net_if_inet_def                          0x0801820c   Data           8  net_config.o(.constdata)
    net_if_link_def                          0x08018214   Data           8  net_config.o(.constdata)
    net_arp_list                             0x0801821c   Data           8  net_config.o(.constdata)
    net_icmp_list                            0x08018224   Data           8  net_config.o(.constdata)
    net_igmp_list                            0x0801822c   Data           8  net_config.o(.constdata)
    net_icmp6_list                           0x08018234   Data           4  net_config.o(.constdata)
    net_ip4_frag_config                      0x08018238   Data           8  net_config.o(.constdata)
    net_udp_config                           0x08018240   Data          12  net_config.o(.constdata)
    net_tcp_config                           0x0801824c   Data          24  net_config.o(.constdata)
    net_http_config                          0x08018264   Data          52  net_config.o(.constdata)
    netif_getopt_func                        0x080182e8   Data          16  net_config.o(.constdata)
    netif_setopt_func                        0x080182f8   Data          16  net_config.o(.constdata)
    osRtxConfig                              0x080184d0   Data         112  rtx_lib.o(.rodata)
    os_cb_sections                           0x08018540   Data          56  rtx_lib.o(.rodata)
    net_addr4_loopback                       0x080186c0   Data           4  net_ip4.o(.rodata.net_addr4_loopback)
    net_addr6_all_nodes                      0x080186c4   Data          16  net_ip6.o(.rodata.net_addr6_all_nodes)
    net_addr6_loopback                       0x080186d4   Data          16  net_ip6.o(.rodata.net_addr6_loopback)
    net_addr_bcast                           0x080186e4   Data           6  net_addr.o(.rodata.net_addr_bcast)
    net_addr_unspec                          0x080186ea   Data          16  net_addr.o(.rodata.net_addr_unspec)
    net_http_auth_basic_func                 0x0801874c   Data          24  net_http_server_auth.o(.rodata.net_http_auth_basic_func)
    net_http_error                           0x08018764   Data          24  net_http_server_err.o(.rodata.net_http_error)
    net_lib_version                          0x0801877c   Data           4  net_version.o(.rodata.net_lib_version)
    network_ip4ip6_debug_v7.17.0             0x0801877c   Data           4  net_version.o(.rodata.net_lib_version)
    net_loop_if_config                       0x08018780   Data          44  net_loopback.o(.rodata.net_loop_if_config)
    net_ping_payload                         0x080187ac   Data          18  net_ping_core.o(.rodata.net_ping_payload)
    Region$$Table$$Base                      0x08018b64   Number         0  anon$$obj.o(Region$$Table)
    Region$$Table$$Limit                     0x08018b94   Number         0  anon$$obj.o(Region$$Table)
    .bss.os.msgqueue.cb$$Base                0x20008044   Number         0  rtx_lib.o(.bss.os.msgqueue.cb)
    .bss.os.msgqueue.cb$$Limit               0x20008078   Number         0  rtx_lib.o(.bss.os.msgqueue.cb)
    .bss.os.mutex.cb$$Base                   0x200080c8   Number         0  net_config.o(.bss.os.mutex.cb)
    .bss.os.mutex.cb$$Limit                  0x20008100   Number         0  net_config.o(.bss.os.mutex.cb)
    .bss.os.semaphore.cb$$Base               0x20008100   Number         0  net_config.o(.bss.os.semaphore.cb)
    .bss.os.semaphore.cb$$Limit              0x20008110   Number         0  net_config.o(.bss.os.semaphore.cb)
    .bss.os.thread.cb$$Base                  0x20008110   Number         0  rtx_lib.o(.bss.os.thread.cb)
    .bss.os.thread.cb$$Limit                 0x20008220   Number         0  net_config.o(.bss.os.thread.cb)
    .bss.os.timer.cb$$Base                   0x20008620   Number         0  net_config.o(.bss.os.timer.cb)
    .bss.os.timer.cb$$Limit                  0x20008640   Number         0  net_config.o(.bss.os.timer.cb)
    lcd_text                                 0x20008644   Data          42  http_server.o(.data)
    LEDrun                                   0x20008670   Data           1  http_server.o(.data)
    TID_Display                              0x20008674   Data           4  http_server.o(.data)
    TID_Led                                  0x20008678   Data           4  http_server.o(.data)
    uwTickFreq                               0x20008684   Data           1  stm32f4xx_hal.o(.data)
    uwTickPrio                               0x20008688   Data           4  stm32f4xx_hal.o(.data)
    uwTick                                   0x2000868c   Data           4  stm32f4xx_hal.o(.data)
    SystemCoreClock                          0x20008690   Data           4  system_stm32f4xx_1.o(.data)
    osRtxInfo                                0x200086a4   Data         164  rtx_kernel.o(.data.os)
    app_main_stk                             0x20008780   Data        1024  http_server.o(.bss)
    net_http_control                         0x2000eca0   Data          20  net_http_server.o(.bss..L_MergedGlobals)
    net_sys_control                          0x2000ecf4   Data          28  net_sys.o(.bss..L_MergedGlobals)
    net_dbg_buf                              0x2000ed48   Data          36  net_sys.o(.bss.net_dbg_buf)
    net_eth0_arp_control                     0x2000ed6c   Data          24  net_arp.o(.bss.net_eth0_arp_control)
    net_eth0_icmp_control                    0x2000ed84   Data           1  net_icmp.o(.bss.net_eth0_icmp_control)
    net_eth0_if_control                      0x2000ed88   Data         160  net_eth.o(.bss.net_eth0_if_control)
    net_eth0_igmp_control                    0x2000ee28   Data           4  net_igmp.o(.bss.net_eth0_igmp_control)
    net_ping_control                         0x2000ee30   Data          44  net_ping_core.o(.bss.net_ping_control)
    __initial_sp                             0x2000f280   Data           0  startup_stm32f429xx.o(STACK)



==============================================================================

Memory Map of the image

  Image Entry point : 0x080001ad

  Load Region LR_IROM1 (Base: 0x08000000, Size: 0x000212dc, Max: 0x00200000, ABSOLUTE, COMPRESSED[0x00018cc8])

    Execution Region ER_IROM1 (Exec base: 0x08000000, Load base: 0x08000000, Size: 0x00018b94, Max: 0x00200000, ABSOLUTE)

    Exec Addr    Load Addr    Size         Type   Attr      Idx    E Section Name        Object

    0x08000000   0x08000000   0x000001ac   Data   RO         1279    RESET               startup_stm32f429xx.o
    0x080001ac   0x080001ac   0x00000000   Code   RO         2607  * .ARM.Collect$$$$00000000  mc_w.l(entry.o)
    0x080001ac   0x080001ac   0x00000004   Code   RO         2893    .ARM.Collect$$$$00000001  mc_w.l(entry2.o)
    0x080001b0   0x080001b0   0x00000004   Code   RO         2896    .ARM.Collect$$$$00000004  mc_w.l(entry5.o)
    0x080001b4   0x080001b4   0x00000000   Code   RO         2898    .ARM.Collect$$$$00000008  mc_w.l(entry7b.o)
    0x080001b4   0x080001b4   0x00000000   Code   RO         2900    .ARM.Collect$$$$0000000A  mc_w.l(entry8b.o)
    0x080001b4   0x080001b4   0x00000008   Code   RO         2901    .ARM.Collect$$$$0000000B  mc_w.l(entry9a.o)
    0x080001bc   0x080001bc   0x00000004   Code   RO         2908    .ARM.Collect$$$$0000000E  mc_w.l(entry12b.o)
    0x080001c0   0x080001c0   0x00000000   Code   RO         2903    .ARM.Collect$$$$0000000F  mc_w.l(entry10a.o)
    0x080001c0   0x080001c0   0x00000000   Code   RO         2905    .ARM.Collect$$$$00000011  mc_w.l(entry11a.o)
    0x080001c0   0x080001c0   0x00000004   Code   RO         2894    .ARM.Collect$$$$00002712  mc_w.l(entry2.o)
    0x080001c4   0x080001c4   0x00000148   Code   RO          552    .emb_text           rtx_mempool.o
    0x0800030c   0x0800030c   0x00000148   Code   RO          583    .emb_text           rtx_msgqueue.o
    0x08000454   0x08000454   0x00000148   Code   RO          648    .emb_text           rtx_semaphore.o
    0x0800059c   0x0800059c   0x00000148   Code   RO          679    .emb_text           rtx_system.o
    0x080006e4   0x080006e4   0x00000148   Code   RO          713    .emb_text           rtx_thread.o
    0x0800082c   0x0800082c   0x00000074   Code   RO          898    .emb_text           eventrecorder.o
    0x080008a0   0x080008a0   0x00000114   Code   RO            4    .text               main.o
    0x080009b4   0x080009b4   0x000000e4   Code   RO          138    .text               http_server.o
    0x08000a98   0x08000a98   0x00000734   Code   RO          198    .text               http_server_cgi.o
    0x080011cc   0x080011cc   0x00000078   Code   RO          221    .text               web.o
    0x08001244   0x08001244   0x000000a4   Code   RO          241    .text               buttons_nucleo_f429zi.o
    0x080012e8   0x080012e8   0x000000ec   Code   RO          267    .text               led_nucleo_f429zi.o
    0x080013d4   0x080013d4   0x00000094   Code   RO          291    .text               irq_armv7m.o
    0x08001468   0x08001468   0x00000104   Code   RO          299    .text               rtx_delay.o
    0x0800156c   0x0800156c   0x00000958   Code   RO          397    .text               rtx_evr.o
    0x08001ec4   0x08001ec4   0x000006cc   Code   RO          425    .text               rtx_kernel.o
    0x08002590   0x08002590   0x00000018   Code   RO          473    .text               rtx_lib.o
    0x080025a8   0x080025a8   0x00000124   Code   RO          522    .text               rtx_memory.o
    0x080026cc   0x080026cc   0x00000678   Code   RO          553    .text               rtx_mempool.o
    0x08002d44   0x08002d44   0x000009bc   Code   RO          584    .text               rtx_msgqueue.o
    0x08003700   0x08003700   0x00000558   Code   RO          618    .text               rtx_mutex.o
    0x08003c58   0x08003c58   0x00000450   Code   RO          649    .text               rtx_semaphore.o
    0x080040a8   0x080040a8   0x00000154   Code   RO          680    .text               rtx_system.o
    0x080041fc   0x080041fc   0x000011e4   Code   RO          714    .text               rtx_thread.o
    0x080053e0   0x080053e0   0x00000480   Code   RO          748    .text               rtx_timer.o
    0x08005860   0x08005860   0x000000c4   Code   RO          778    .text               os_systick.o
    0x08005924   0x08005924   0x00000004   Code   RO          804    .text               rtx_config.o
    0x08005928   0x08005928   0x000001ac   Code   RO          825    .text               phy_lan8742a.o
    0x08005ad4   0x08005ad4   0x000009e8   Code   RO          856    .text               emac_stm32f4xx.o
    0x080064bc   0x080064bc   0x00000538   Code   RO          899    .text               eventrecorder.o
    0x080069f4   0x080069f4   0x000001c8   Code   RO          933    .text               stm32f4xx_hal.o
    0x08006bbc   0x08006bbc   0x00000298   Code   RO         1011    .text               stm32f4xx_hal_cortex.o
    0x08006e54   0x08006e54   0x00000364   Code   RO         1088    .text               stm32f4xx_hal_gpio.o
    0x080071b8   0x080071b8   0x00000760   Code   RO         1160    .text               stm32f4xx_hal_rcc.o
    0x08007918   0x08007918   0x00000024   Code   RO         1280    .text               startup_stm32f429xx.o
    0x0800793c   0x0800793c   0x000000a0   Code   RO         1287    .text               system_stm32f4xx_1.o
    0x080079dc   0x080079dc   0x0000016c   Code   RO         1316    .text               net_config.o
    0x08007b48   0x08007b48   0x0000012a   Code   RO         1409    .text               net_debug.o
    0x08007c72   0x08007c72   0x00000062   Code   RO         2610    .text               mc_w.l(uldiv.o)
    0x08007cd4   0x08007cd4   0x00000024   Code   RO         2612    .text               mc_w.l(memcpya.o)
    0x08007cf8   0x08007cf8   0x00000024   Code   RO         2614    .text               mc_w.l(memseta.o)
    0x08007d1c   0x08007d1c   0x0000000e   Code   RO         2616    .text               mc_w.l(strlen.o)
    0x08007d2a   0x08007d2a   0x0000001c   Code   RO         2618    .text               mc_w.l(strcmp.o)
    0x08007d46   0x08007d46   0x0000001a   Code   RO         2620    .text               mc_w.l(memcmp.o)
    0x08007d60   0x08007d60   0x00000012   Code   RO         2622    .text               mc_w.l(strcpy.o)
    0x08007d72   0x08007d72   0x0000001e   Code   RO         2624    .text               mc_w.l(strncmp.o)
    0x08007d90   0x08007d90   0x000000e4   Code   RO         2889    .text               mf_w.l(dmul.o)
    0x08007e74   0x08007e74   0x00000026   Code   RO         2891    .text               mf_w.l(f2d.o)
    0x08007e9a   0x08007e9a   0x0000002c   Code   RO         2912    .text               mc_w.l(uidiv.o)
    0x08007ec6   0x08007ec6   0x0000001e   Code   RO         2914    .text               mc_w.l(llshl.o)
    0x08007ee4   0x08007ee4   0x00000020   Code   RO         2916    .text               mc_w.l(llushr.o)
    0x08007f04   0x08007f04   0x00000000   Code   RO         2918    .text               mc_w.l(iusefp.o)
    0x08007f04   0x08007f04   0x000000ba   Code   RO         2919    .text               mf_w.l(depilogue.o)
    0x08007fbe   0x08007fbe   0x0000014e   Code   RO         2921    .text               mf_w.l(dadd.o)
    0x0800810c   0x0800810c   0x000000de   Code   RO         2923    .text               mf_w.l(ddiv.o)
    0x080081ea   0x080081ea   0x00000030   Code   RO         2925    .text               mf_w.l(dfixul.o)
    0x0800821a   0x0800821a   0x00000002   PAD
    0x0800821c   0x0800821c   0x00000030   Code   RO         2927    .text               mf_w.l(cdrcmple.o)
    0x0800824c   0x0800824c   0x00000024   Code   RO         2929    .text               mc_w.l(init.o)
    0x08008270   0x08008270   0x00000024   Code   RO         2932    .text               mc_w.l(llsshr.o)
    0x08008294   0x08008294   0x00000056   Code   RO         2942    .text               mc_w.l(__dczerorl2.o)
    0x080082ea   0x080082ea   0x0000000e   Code   RO         1478    .text.OUTLINED_FUNCTION_0  Net_Dbg_CM3_L.lib(net_eth.o)
    0x080082f8   0x080082f8   0x00000008   Code   RO         1607    .text.OUTLINED_FUNCTION_0  Net_Dbg_CM3_L.lib(net_igmp.o)
    0x08008300   0x08008300   0x0000000a   Code   RO         1631    .text.OUTLINED_FUNCTION_0  Net_Dbg_CM3_L.lib(net_loopback.o)
    0x0800830a   0x0800830a   0x00000006   Code   RO         1655    .text.OUTLINED_FUNCTION_0  Net_Dbg_CM3_L.lib(net_ip4_frag.o)
    0x08008310   0x08008310   0x00000006   Code   RO         1740    .text.OUTLINED_FUNCTION_0  Net_Dbg_CM3_L.lib(net_udp.o)
    0x08008316   0x08008316   0x00000006   Code   RO         1866    .text.OUTLINED_FUNCTION_0  Net_Dbg_CM3_L.lib(net_tcp.o)
    0x0800831c   0x0800831c   0x0000000a   Code   RO         1929    .text.OUTLINED_FUNCTION_0  Net_Dbg_CM3_L.lib(net_nbns_client.o)
    0x08008326   0x08008326   0x00000008   Code   RO         2046    .text.OUTLINED_FUNCTION_0  Net_Dbg_CM3_L.lib(net_http_server.o)
    0x0800832e   0x0800832e   0x00000008   Code   RO         2192    .text.OUTLINED_FUNCTION_0  Net_Dbg_CM3_L.lib(net_sys.o)
    0x08008336   0x08008336   0x0000000c   Code   RO         2266    .text.OUTLINED_FUNCTION_0  Net_Dbg_CM3_L.lib(net_addr.o)
    0x08008342   0x08008342   0x00000006   Code   RO         2330    .text.OUTLINED_FUNCTION_0  Net_Dbg_CM3_L.lib(net_ndp.o)
    0x08008348   0x08008348   0x00000006   Code   RO         2434    .text.OUTLINED_FUNCTION_0  Net_Dbg_CM3_L.lib(net_ip6.o)
    0x0800834e   0x0800834e   0x00000006   Code   RO         1480    .text.OUTLINED_FUNCTION_1  Net_Dbg_CM3_L.lib(net_eth.o)
    0x08008354   0x08008354   0x0000000a   Code   RO         1657    .text.OUTLINED_FUNCTION_1  Net_Dbg_CM3_L.lib(net_ip4_frag.o)
    0x0800835e   0x0800835e   0x00000006   Code   RO         1742    .text.OUTLINED_FUNCTION_1  Net_Dbg_CM3_L.lib(net_udp.o)
    0x08008364   0x08008364   0x0000000a   Code   RO         1868    .text.OUTLINED_FUNCTION_1  Net_Dbg_CM3_L.lib(net_tcp.o)
    0x0800836e   0x0800836e   0x00000008   Code   RO         2048    .text.OUTLINED_FUNCTION_1  Net_Dbg_CM3_L.lib(net_http_server.o)
    0x08008376   0x08008376   0x0000000e   Code   RO         2268    .text.OUTLINED_FUNCTION_1  Net_Dbg_CM3_L.lib(net_addr.o)
    0x08008384   0x08008384   0x00000006   Code   RO         2332    .text.OUTLINED_FUNCTION_1  Net_Dbg_CM3_L.lib(net_ndp.o)
    0x0800838a   0x0800838a   0x0000000a   Code   RO         1498    .text.OUTLINED_FUNCTION_10  Net_Dbg_CM3_L.lib(net_eth.o)
    0x08008394   0x08008394   0x0000000a   Code   RO         1886    .text.OUTLINED_FUNCTION_10  Net_Dbg_CM3_L.lib(net_tcp.o)
    0x0800839e   0x0800839e   0x00000006   Code   RO         2066    .text.OUTLINED_FUNCTION_10  Net_Dbg_CM3_L.lib(net_http_server.o)
    0x080083a4   0x080083a4   0x0000000a   Code   RO         2350    .text.OUTLINED_FUNCTION_10  Net_Dbg_CM3_L.lib(net_ndp.o)
    0x080083ae   0x080083ae   0x00000006   Code   RO         1888    .text.OUTLINED_FUNCTION_11  Net_Dbg_CM3_L.lib(net_tcp.o)
    0x080083b4   0x080083b4   0x0000000a   Code   RO         2068    .text.OUTLINED_FUNCTION_11  Net_Dbg_CM3_L.lib(net_http_server.o)
    0x080083be   0x080083be   0x00000006   Code   RO         2352    .text.OUTLINED_FUNCTION_11  Net_Dbg_CM3_L.lib(net_ndp.o)
    0x080083c4   0x080083c4   0x00000012   Code   RO         1890    .text.OUTLINED_FUNCTION_12  Net_Dbg_CM3_L.lib(net_tcp.o)
    0x080083d6   0x080083d6   0x0000000c   Code   RO         1892    .text.OUTLINED_FUNCTION_13  Net_Dbg_CM3_L.lib(net_tcp.o)
    0x080083e2   0x080083e2   0x0000000e   Code   RO         1894    .text.OUTLINED_FUNCTION_14  Net_Dbg_CM3_L.lib(net_tcp.o)
    0x080083f0   0x080083f0   0x0000000c   Code   RO         1896    .text.OUTLINED_FUNCTION_15  Net_Dbg_CM3_L.lib(net_tcp.o)
    0x080083fc   0x080083fc   0x0000000a   Code   RO         1900    .text.OUTLINED_FUNCTION_17  Net_Dbg_CM3_L.lib(net_tcp.o)
    0x08008406   0x08008406   0x00000008   Code   RO         1902    .text.OUTLINED_FUNCTION_18  Net_Dbg_CM3_L.lib(net_tcp.o)
    0x0800840e   0x0800840e   0x0000000e   Code   RO         1904    .text.OUTLINED_FUNCTION_19  Net_Dbg_CM3_L.lib(net_tcp.o)
    0x0800841c   0x0800841c   0x00000006   Code   RO         1482    .text.OUTLINED_FUNCTION_2  Net_Dbg_CM3_L.lib(net_eth.o)
    0x08008422   0x08008422   0x00000012   Code   RO         1744    .text.OUTLINED_FUNCTION_2  Net_Dbg_CM3_L.lib(net_udp.o)
    0x08008434   0x08008434   0x00000006   Code   RO         1870    .text.OUTLINED_FUNCTION_2  Net_Dbg_CM3_L.lib(net_tcp.o)
    0x0800843a   0x0800843a   0x00000006   Code   RO         2050    .text.OUTLINED_FUNCTION_2  Net_Dbg_CM3_L.lib(net_http_server.o)
    0x08008440   0x08008440   0x00000008   Code   RO         2334    .text.OUTLINED_FUNCTION_2  Net_Dbg_CM3_L.lib(net_ndp.o)
    0x08008448   0x08008448   0x0000000e   Code   RO         1906    .text.OUTLINED_FUNCTION_20  Net_Dbg_CM3_L.lib(net_tcp.o)
    0x08008456   0x08008456   0x0000000a   Code   RO         1908    .text.OUTLINED_FUNCTION_21  Net_Dbg_CM3_L.lib(net_tcp.o)
    0x08008460   0x08008460   0x0000000a   Code   RO         1910    .text.OUTLINED_FUNCTION_22  Net_Dbg_CM3_L.lib(net_tcp.o)
    0x0800846a   0x0800846a   0x00000006   Code   RO         1484    .text.OUTLINED_FUNCTION_3  Net_Dbg_CM3_L.lib(net_eth.o)
    0x08008470   0x08008470   0x00000008   Code   RO         1568    .text.OUTLINED_FUNCTION_3  Net_Dbg_CM3_L.lib(net_arp.o)
    0x08008478   0x08008478   0x0000000c   Code   RO         1872    .text.OUTLINED_FUNCTION_3  Net_Dbg_CM3_L.lib(net_tcp.o)
    0x08008484   0x08008484   0x00000008   Code   RO         2052    .text.OUTLINED_FUNCTION_3  Net_Dbg_CM3_L.lib(net_http_server.o)
    0x0800848c   0x0800848c   0x00000008   Code   RO         2336    .text.OUTLINED_FUNCTION_3  Net_Dbg_CM3_L.lib(net_ndp.o)
    0x08008494   0x08008494   0x0000000e   Code   RO         1486    .text.OUTLINED_FUNCTION_4  Net_Dbg_CM3_L.lib(net_eth.o)
    0x080084a2   0x080084a2   0x0000000e   Code   RO         1570    .text.OUTLINED_FUNCTION_4  Net_Dbg_CM3_L.lib(net_arp.o)
    0x080084b0   0x080084b0   0x00000006   Code   RO         1874    .text.OUTLINED_FUNCTION_4  Net_Dbg_CM3_L.lib(net_tcp.o)
    0x080084b6   0x080084b6   0x00000006   Code   RO         2054    .text.OUTLINED_FUNCTION_4  Net_Dbg_CM3_L.lib(net_http_server.o)
    0x080084bc   0x080084bc   0x0000000a   Code   RO         1488    .text.OUTLINED_FUNCTION_5  Net_Dbg_CM3_L.lib(net_eth.o)
    0x080084c6   0x080084c6   0x0000000e   Code   RO         1572    .text.OUTLINED_FUNCTION_5  Net_Dbg_CM3_L.lib(net_arp.o)
    0x080084d4   0x080084d4   0x0000000e   Code   RO         1876    .text.OUTLINED_FUNCTION_5  Net_Dbg_CM3_L.lib(net_tcp.o)
    0x080084e2   0x080084e2   0x00000006   Code   RO         2056    .text.OUTLINED_FUNCTION_5  Net_Dbg_CM3_L.lib(net_http_server.o)
    0x080084e8   0x080084e8   0x0000000e   Code   RO         2340    .text.OUTLINED_FUNCTION_5  Net_Dbg_CM3_L.lib(net_ndp.o)
    0x080084f6   0x080084f6   0x00000006   Code   RO         1490    .text.OUTLINED_FUNCTION_6  Net_Dbg_CM3_L.lib(net_eth.o)
    0x080084fc   0x080084fc   0x0000000a   Code   RO         1878    .text.OUTLINED_FUNCTION_6  Net_Dbg_CM3_L.lib(net_tcp.o)
    0x08008506   0x08008506   0x00000008   Code   RO         2058    .text.OUTLINED_FUNCTION_6  Net_Dbg_CM3_L.lib(net_http_server.o)
    0x0800850e   0x0800850e   0x00000006   Code   RO         2342    .text.OUTLINED_FUNCTION_6  Net_Dbg_CM3_L.lib(net_ndp.o)
    0x08008514   0x08008514   0x00000008   Code   RO         1492    .text.OUTLINED_FUNCTION_7  Net_Dbg_CM3_L.lib(net_eth.o)
    0x0800851c   0x0800851c   0x00000014   Code   RO         1880    .text.OUTLINED_FUNCTION_7  Net_Dbg_CM3_L.lib(net_tcp.o)
    0x08008530   0x08008530   0x0000000c   Code   RO         2060    .text.OUTLINED_FUNCTION_7  Net_Dbg_CM3_L.lib(net_http_server.o)
    0x0800853c   0x0800853c   0x0000000e   Code   RO         2344    .text.OUTLINED_FUNCTION_7  Net_Dbg_CM3_L.lib(net_ndp.o)
    0x0800854a   0x0800854a   0x00000008   Code   RO         1494    .text.OUTLINED_FUNCTION_8  Net_Dbg_CM3_L.lib(net_eth.o)
    0x08008552   0x08008552   0x00000010   Code   RO         1882    .text.OUTLINED_FUNCTION_8  Net_Dbg_CM3_L.lib(net_tcp.o)
    0x08008562   0x08008562   0x00000008   Code   RO         2062    .text.OUTLINED_FUNCTION_8  Net_Dbg_CM3_L.lib(net_http_server.o)
    0x0800856a   0x0800856a   0x0000000a   Code   RO         2346    .text.OUTLINED_FUNCTION_8  Net_Dbg_CM3_L.lib(net_ndp.o)
    0x08008574   0x08008574   0x0000000a   Code   RO         1496    .text.OUTLINED_FUNCTION_9  Net_Dbg_CM3_L.lib(net_eth.o)
    0x0800857e   0x0800857e   0x0000000c   Code   RO         1884    .text.OUTLINED_FUNCTION_9  Net_Dbg_CM3_L.lib(net_tcp.o)
    0x0800858a   0x0800858a   0x0000000a   Code   RO         2064    .text.OUTLINED_FUNCTION_9  Net_Dbg_CM3_L.lib(net_http_server.o)
    0x08008594   0x08008594   0x0000005c   Code   RO         2028    .text.add_server_id  Net_Dbg_CM3_L.lib(net_http_server.o)
    0x080085f0   0x080085f0   0x00000062   Code   RO         1532    .text.arp_cache_alloc  Net_Dbg_CM3_L.lib(net_arp.o)
    0x08008652   0x08008652   0x00000034   Code   RO         1530    .text.arp_is_cacheable  Net_Dbg_CM3_L.lib(net_arp.o)
    0x08008686   0x08008686   0x00000002   PAD
    0x08008688   0x08008688   0x000000e4   Code   RO         1522    .text.arp_proc_response  Net_Dbg_CM3_L.lib(net_arp.o)
    0x0800876c   0x0800876c   0x00000018   Code   RO         1534    .text.arp_que_free  Net_Dbg_CM3_L.lib(net_arp.o)
    0x08008784   0x08008784   0x0000008c   Code   RO         1520    .text.arp_send_reply  Net_Dbg_CM3_L.lib(net_arp.o)
    0x08008810   0x08008810   0x000000d0   Code   RO         1526    .text.arp_send_request  Net_Dbg_CM3_L.lib(net_arp.o)
    0x080088e0   0x080088e0   0x00000068   Code   RO         1516    .text.arp_sender_valid  Net_Dbg_CM3_L.lib(net_arp.o)
    0x08008948   0x08008948   0x00000194   Code   RO         2036    .text.chk_post_req  Net_Dbg_CM3_L.lib(net_http_server.o)
    0x08008adc   0x08008adc   0x00000030   Code   RO         2526    .text.crc32_8bit    Net_Dbg_CM3_L.lib(net_common.o)
    0x08008b0c   0x08008b0c   0x00000088   Code   RO         1448    .text.eth_check_link  Net_Dbg_CM3_L.lib(net_eth.o)
    0x08008b94   0x08008b94   0x00000018   Code   RO         1456    .text.eth_if_map    Net_Dbg_CM3_L.lib(net_eth.o)
    0x08008bac   0x08008bac   0x00000008   Code   RO         1446    .text.eth_lock      Net_Dbg_CM3_L.lib(net_eth.o)
    0x08008bb4   0x08008bb4   0x0000004e   Code   RO         1458    .text.eth_opt_len   Net_Dbg_CM3_L.lib(net_eth.o)
    0x08008c02   0x08008c02   0x00000008   Code   RO         1450    .text.eth_unlock    Net_Dbg_CM3_L.lib(net_eth.o)
    0x08008c0a   0x08008c0a   0x00000034   Code   RO         2040    .text.get_next_field  Net_Dbg_CM3_L.lib(net_http_server.o)
    0x08008c3e   0x08008c3e   0x0000003e   Code   RO         2042    .text.get_next_par  Net_Dbg_CM3_L.lib(net_http_server.o)
    0x08008c7c   0x08008c7c   0x00000026   Code   RO         2556    .text.hex2uc        Net_Dbg_CM3_L.lib(net_common.o)
    0x08008ca2   0x08008ca2   0x00000002   PAD
    0x08008ca4   0x08008ca4   0x000003ec   Code   RO         2022    .text.http_add_header  Net_Dbg_CM3_L.lib(net_http_server.o)
    0x08009090   0x08009090   0x00000050   Code   RO         2091    .text.http_auth_basic_add  Net_Dbg_CM3_L.lib(net_http_server_auth.o)
    0x080090e0   0x080090e0   0x00000090   Code   RO         2093    .text.http_auth_basic_parse  Net_Dbg_CM3_L.lib(net_http_server_auth.o)
    0x08009170   0x08009170   0x00000002   Code   RO         2089    .text.http_auth_dummy  Net_Dbg_CM3_L.lib(net_http_server_auth.o)
    0x08009172   0x08009172   0x00000002   PAD
    0x08009174   0x08009174   0x00000020   Code   RO         2087    .text.http_auth_init  Net_Dbg_CM3_L.lib(net_http_server_auth.o)
    0x08009194   0x08009194   0x0000006c   Code   RO         2018    .text.http_kill_session  Net_Dbg_CM3_L.lib(net_http_server.o)
    0x08009200   0x08009200   0x00000450   Code   RO         1942    .text.http_listener  Net_Dbg_CM3_L.lib(net_http_server.o)
    0x08009650   0x08009650   0x000001c0   Code   RO         2026    .text.http_open_file  Net_Dbg_CM3_L.lib(net_http_server.o)
    0x08009810   0x08009810   0x000002a0   Code   RO         2032    .text.http_parse_header  Net_Dbg_CM3_L.lib(net_http_server.o)
    0x08009ab0   0x08009ab0   0x00000130   Code   RO         2038    .text.http_proc_post  Net_Dbg_CM3_L.lib(net_http_server.o)
    0x08009be0   0x08009be0   0x000000d4   Code   RO         2030    .text.http_proc_uri  Net_Dbg_CM3_L.lib(net_http_server.o)
    0x08009cb4   0x08009cb4   0x00000068   Code   RO         1944    .text.http_server_start  Net_Dbg_CM3_L.lib(net_http_server.o)
    0x08009d1c   0x08009d1c   0x00000070   Code   RO         2034    .text.http_set_ftype  Net_Dbg_CM3_L.lib(net_http_server.o)
    0x08009d8c   0x08009d8c   0x00000018   Code   RO         2024    .text.http_strcpy   Net_Dbg_CM3_L.lib(net_http_server.o)
    0x08009da4   0x08009da4   0x0000001e   Code   RO         2546    .text.i2str         Net_Dbg_CM3_L.lib(net_common.o)
    0x08009dc2   0x08009dc2   0x0000001e   Code   RO         1593    .text.igmp_map_group  Net_Dbg_CM3_L.lib(net_igmp.o)
    0x08009de0   0x08009de0   0x00000074   Code   RO         1595    .text.igmp_send_report  Net_Dbg_CM3_L.lib(net_igmp.o)
    0x08009e54   0x08009e54   0x0000000e   Code   RO         2374    .text.ip4_get_chksum  Net_Dbg_CM3_L.lib(net_ip4.o)
    0x08009e62   0x08009e62   0x00000020   Code   RO         2376    .text.ip4_get_mtu   Net_Dbg_CM3_L.lib(net_ip4.o)
    0x08009e82   0x08009e82   0x0000002e   Code   RO         2214    .text.ip4_ntoa      Net_Dbg_CM3_L.lib(net_addr.o)
    0x08009eb0   0x08009eb0   0x00000020   Code   RO         2414    .text.ip6_get_mtu   Net_Dbg_CM3_L.lib(net_ip6.o)
    0x08009ed0   0x08009ed0   0x00000108   Code   RO         2218    .text.ip6_ntoa      Net_Dbg_CM3_L.lib(net_addr.o)
    0x08009fd8   0x08009fd8   0x0000000c   Code   RO         2485    .text.mem_lock      Net_Dbg_CM3_L.lib(net_mem.o)
    0x08009fe4   0x08009fe4   0x0000000c   Code   RO         2487    .text.mem_unlock    Net_Dbg_CM3_L.lib(net_mem.o)
    0x08009ff0   0x08009ff0   0x000001c0   Code   RO         1925    .text.nbns_listener  Net_Dbg_CM3_L.lib(net_nbns_client.o)
    0x0800a1b0   0x0800a1b0   0x00000118   Code   RO         2292    .text.ndp_cache_add  Net_Dbg_CM3_L.lib(net_ndp.o)
    0x0800a2c8   0x0800a2c8   0x00000080   Code   RO         2300    .text.ndp_cache_alloc  Net_Dbg_CM3_L.lib(net_ndp.o)
    0x0800a348   0x0800a348   0x0000002a   Code   RO         2290    .text.ndp_check_frame  Net_Dbg_CM3_L.lib(net_ndp.o)
    0x0800a372   0x0800a372   0x00000018   Code   RO         2302    .text.ndp_que_free  Net_Dbg_CM3_L.lib(net_ndp.o)
    0x0800a38a   0x0800a38a   0x00000002   PAD
    0x0800a38c   0x0800a38c   0x00000038   Code   RO         2328    .text.ndp_router_remove  Net_Dbg_CM3_L.lib(net_ndp.o)
    0x0800a3c4   0x0800a3c4   0x000000a4   Code   RO         2294    .text.ndp_send_reply  Net_Dbg_CM3_L.lib(net_ndp.o)
    0x0800a468   0x0800a468   0x000000d4   Code   RO         2324    .text.ndp_send_request  Net_Dbg_CM3_L.lib(net_ndp.o)
    0x0800a53c   0x0800a53c   0x00000004   Code   RO         2000    .text.netCGI_Charset  Net_Dbg_CM3_L.lib(net_http_server.o)
    0x0800a540   0x0800a540   0x00000004   Code   RO         1996    .text.netCGI_ContentType  Net_Dbg_CM3_L.lib(net_http_server.o)
    0x0800a544   0x0800a544   0x00000004   Code   RO         2002    .text.netCGI_CustomHeader  Net_Dbg_CM3_L.lib(net_http_server.o)
    0x0800a548   0x0800a548   0x00000054   Code   RO         1980    .text.netCGI_GetEnvVar  Net_Dbg_CM3_L.lib(net_http_server.o)
    0x0800a59c   0x0800a59c   0x00000010   Code   RO         2016    .text.netCGI_ProcessCookie  Net_Dbg_CM3_L.lib(net_http_server.o)
    0x0800a5ac   0x0800a5ac   0x00000010   Code   RO         2014    .text.netCGI_ProcessRequest  Net_Dbg_CM3_L.lib(net_http_server.o)
    0x0800a5bc   0x0800a5bc   0x00000004   Code   RO         2004    .text.netCGI_Redirect  Net_Dbg_CM3_L.lib(net_http_server.o)
    0x0800a5c0   0x0800a5c0   0x00000004   Code   RO         1998    .text.netCGX_ContentType  Net_Dbg_CM3_L.lib(net_http_server.o)
    0x0800a5c4   0x0800a5c4   0x000000c0   Code   RO         2160    .text.netCore_Thread  Net_Dbg_CM3_L.lib(net_sys.o)
    0x0800a684   0x0800a684   0x00000002   Code   RO         1474    .text.netETH_Notify  Net_Dbg_CM3_L.lib(net_eth.o)
    0x0800a686   0x0800a686   0x00000002   Code   RO         1476    .text.netETH_ReceiveRaw  Net_Dbg_CM3_L.lib(net_eth.o)
    0x0800a688   0x0800a688   0x000000e0   Code   RO         1444    .text.netETH_Thread  Net_Dbg_CM3_L.lib(net_eth.o)
    0x0800a768   0x0800a768   0x00000004   Code   RO         2006    .text.netHTTPs_AcceptClient  Net_Dbg_CM3_L.lib(net_http_server.o)
    0x0800a76c   0x0800a76c   0x00000004   Code   RO         2105    .text.netHTTPs_CheckAccount  Net_Dbg_CM3_L.lib(net_http_server_auth.o)
    0x0800a770   0x0800a770   0x00000004   Code   RO         2008    .text.netHTTPs_FileAccess  Net_Dbg_CM3_L.lib(net_http_server.o)
    0x0800a774   0x0800a774   0x0000001c   Code   RO         1982    .text.netHTTPs_GetLanguage  Net_Dbg_CM3_L.lib(net_http_server.o)
    0x0800a790   0x0800a790   0x0000000c   Code   RO         1968    .text.netHTTPs_GetPassword  Net_Dbg_CM3_L.lib(net_http_server.o)
    0x0800a79c   0x0800a79c   0x0000000c   Code   RO         1974    .text.netHTTPs_LoginActive  Net_Dbg_CM3_L.lib(net_http_server.o)
    0x0800a7a8   0x0800a7a8   0x00000058   Code   RO         1970    .text.netHTTPs_SetPassword  Net_Dbg_CM3_L.lib(net_http_server.o)
    0x0800a800   0x0800a800   0x0000007c   Code   RO         2166    .text.netIF_GetOption  Net_Dbg_CM3_L.lib(net_sys.o)
    0x0800a87c   0x0800a87c   0x00000078   Code   RO         2170    .text.netIF_SetOption  Net_Dbg_CM3_L.lib(net_sys.o)
    0x0800a8f4   0x0800a8f4   0x0000001a   Code   RO         2208    .text.netIP_aton    Net_Dbg_CM3_L.lib(net_addr.o)
    0x0800a90e   0x0800a90e   0x00000030   Code   RO         2222    .text.netIP_ntoa    Net_Dbg_CM3_L.lib(net_addr.o)
    0x0800a93e   0x0800a93e   0x00000002   PAD
    0x0800a940   0x0800a940   0x00000098   Code   RO         2152    .text.netInitialize  Net_Dbg_CM3_L.lib(net_sys.o)
    0x0800a9d8   0x0800a9d8   0x00000062   Code   RO         2210    .text.netMAC_aton   Net_Dbg_CM3_L.lib(net_addr.o)
    0x0800aa3a   0x0800aa3a   0x00000004   Code   RO         1810    .text.netTCP_GetLocalPort  Net_Dbg_CM3_L.lib(net_tcp.o)
    0x0800aa3e   0x0800aa3e   0x00000018   Code   RO         1814    .text.netTCP_GetPeer  Net_Dbg_CM3_L.lib(net_tcp.o)
    0x0800aa56   0x0800aa56   0x00000004   Code   RO         1798    .text.netTCP_GetState  Net_Dbg_CM3_L.lib(net_tcp.o)
    0x0800aa5a   0x0800aa5a   0x00000004   Code   RO         1818    .text.netTCP_GetTimer  Net_Dbg_CM3_L.lib(net_tcp.o)
    0x0800aa5e   0x0800aa5e   0x0000006c   Code   RO         2204    .text.net_addr4_aton  Net_Dbg_CM3_L.lib(net_addr.o)
    0x0800aaca   0x0800aaca   0x0000001a   Code   RO         2230    .text.net_addr4_to_mac  Net_Dbg_CM3_L.lib(net_addr.o)
    0x0800aae4   0x0800aae4   0x000000d8   Code   RO         2206    .text.net_addr6_aton  Net_Dbg_CM3_L.lib(net_addr.o)
    0x0800abbc   0x0800abbc   0x00000028   Code   RO         2248    .text.net_addr6_comp  Net_Dbg_CM3_L.lib(net_addr.o)
    0x0800abe4   0x0800abe4   0x00000012   Code   RO         2246    .text.net_addr6_copy  Net_Dbg_CM3_L.lib(net_addr.o)
    0x0800abf6   0x0800abf6   0x00000002   PAD
    0x0800abf8   0x0800abf8   0x00000048   Code   RO         2236    .text.net_addr6_create  Net_Dbg_CM3_L.lib(net_addr.o)
    0x0800ac40   0x0800ac40   0x00000024   Code   RO         2232    .text.net_addr6_get_solicited  Net_Dbg_CM3_L.lib(net_addr.o)
    0x0800ac64   0x0800ac64   0x00000016   Code   RO         2238    .text.net_addr6_is_linklocal  Net_Dbg_CM3_L.lib(net_addr.o)
    0x0800ac7a   0x0800ac7a   0x00000002   PAD
    0x0800ac7c   0x0800ac7c   0x0000005a   Code   RO         2242    .text.net_addr6_is_onlink  Net_Dbg_CM3_L.lib(net_addr.o)
    0x0800acd6   0x0800acd6   0x0000003e   Code   RO         2234    .text.net_addr6_is_solicited  Net_Dbg_CM3_L.lib(net_addr.o)
    0x0800ad14   0x0800ad14   0x00000018   Code   RO         2250    .text.net_addr6_is_unspec  Net_Dbg_CM3_L.lib(net_addr.o)
    0x0800ad2c   0x0800ad2c   0x0000000e   Code   RO         2252    .text.net_addr6_to_mac  Net_Dbg_CM3_L.lib(net_addr.o)
    0x0800ad3a   0x0800ad3a   0x00000034   Code   RO         2256    .text.net_addr_copy  Net_Dbg_CM3_L.lib(net_addr.o)
    0x0800ad6e   0x0800ad6e   0x0000001a   Code   RO         2260    .text.net_addr_find_route  Net_Dbg_CM3_L.lib(net_addr.o)
    0x0800ad88   0x0800ad88   0x00000020   Code   RO         2262    .text.net_addr_get_local  Net_Dbg_CM3_L.lib(net_addr.o)
    0x0800ada8   0x0800ada8   0x0000001e   Code   RO         2254    .text.net_addr_is_unspec  Net_Dbg_CM3_L.lib(net_addr.o)
    0x0800adc6   0x0800adc6   0x00000002   PAD
    0x0800adc8   0x0800adc8   0x00000100   Code   RO         1518    .text.net_arp_cache_add  Net_Dbg_CM3_L.lib(net_arp.o)
    0x0800aec8   0x0800aec8   0x000000b0   Code   RO         1536    .text.net_arp_cache_early  Net_Dbg_CM3_L.lib(net_arp.o)
    0x0800af78   0x0800af78   0x000000e8   Code   RO         1538    .text.net_arp_cache_find  Net_Dbg_CM3_L.lib(net_arp.o)
    0x0800b060   0x0800b060   0x00000044   Code   RO         1510    .text.net_arp_cache_init  Net_Dbg_CM3_L.lib(net_arp.o)
    0x0800b0a4   0x0800b0a4   0x000001f0   Code   RO         1560    .text.net_arp_cache_run  Net_Dbg_CM3_L.lib(net_arp.o)
    0x0800b294   0x0800b294   0x0000007c   Code   RO         1558    .text.net_arp_enqueue  Net_Dbg_CM3_L.lib(net_arp.o)
    0x0800b310   0x0800b310   0x0000001e   Code   RO         1528    .text.net_arp_notify  Net_Dbg_CM3_L.lib(net_arp.o)
    0x0800b32e   0x0800b32e   0x00000002   PAD
    0x0800b330   0x0800b330   0x00000228   Code   RO         1514    .text.net_arp_process  Net_Dbg_CM3_L.lib(net_arp.o)
    0x0800b558   0x0800b558   0x00000044   Code   RO         2552    .text.net_atoi      Net_Dbg_CM3_L.lib(net_common.o)
    0x0800b59c   0x0800b59c   0x00000074   Code   RO         2588    .text.net_base64_decode  Net_Dbg_CM3_L.lib(net_base64.o)
    0x0800b610   0x0800b610   0x00000030   Code   RO         2530    .text.net_chksum_buf  Net_Dbg_CM3_L.lib(net_common.o)
    0x0800b640   0x0800b640   0x0000001c   Code   RO         2528    .text.net_crc_buf   Net_Dbg_CM3_L.lib(net_common.o)
    0x0800b65c   0x0800b65c   0x0000000e   Code   RO         1452    .text.net_eth_callback  Net_Dbg_CM3_L.lib(net_eth.o)
    0x0800b66a   0x0800b66a   0x00000064   Code   RO         1462    .text.net_eth_config_mcast  Net_Dbg_CM3_L.lib(net_eth.o)
    0x0800b6ce   0x0800b6ce   0x00000002   PAD
    0x0800b6d0   0x0800b6d0   0x000000e0   Code   RO         1454    .text.net_eth_get_option  Net_Dbg_CM3_L.lib(net_eth.o)
    0x0800b7b0   0x0800b7b0   0x0000034c   Code   RO         1440    .text.net_eth_iface_init  Net_Dbg_CM3_L.lib(net_eth.o)
    0x0800bafc   0x0800bafc   0x000002e8   Code   RO         1472    .text.net_eth_iface_run  Net_Dbg_CM3_L.lib(net_eth.o)
    0x0800bde4   0x0800bde4   0x000000ac   Code   RO         1468    .text.net_eth_output  Net_Dbg_CM3_L.lib(net_eth.o)
    0x0800be90   0x0800be90   0x000001cc   Code   RO         1466    .text.net_eth_send_frame  Net_Dbg_CM3_L.lib(net_eth.o)
    0x0800c05c   0x0800c05c   0x00000298   Code   RO         1460    .text.net_eth_set_option  Net_Dbg_CM3_L.lib(net_eth.o)
    0x0800c2f4   0x0800c2f4   0x0000010c   Code   RO         1940    .text.net_http_server_init  Net_Dbg_CM3_L.lib(net_http_server.o)
    0x0800c400   0x0800c400   0x00000658   Code   RO         1978    .text.net_http_server_run  Net_Dbg_CM3_L.lib(net_http_server.o)
    0x0800ca58   0x0800ca58   0x00000018   Code   RO         2448    .text.net_icmp6_init  Net_Dbg_CM3_L.lib(net_icmp6.o)
    0x0800ca70   0x0800ca70   0x00000238   Code   RO         2452    .text.net_icmp6_process  Net_Dbg_CM3_L.lib(net_icmp6.o)
    0x0800cca8   0x0800cca8   0x00000080   Code   RO         2454    .text.net_icmp6_send  Net_Dbg_CM3_L.lib(net_icmp6.o)
    0x0800cd28   0x0800cd28   0x00000058   Code   RO         2456    .text.net_icmp6_send_echo  Net_Dbg_CM3_L.lib(net_icmp6.o)
    0x0800cd80   0x0800cd80   0x00000018   Code   RO         1668    .text.net_icmp_init  Net_Dbg_CM3_L.lib(net_icmp.o)
    0x0800cd98   0x0800cd98   0x000001c4   Code   RO         1672    .text.net_icmp_process  Net_Dbg_CM3_L.lib(net_icmp.o)
    0x0800cf5c   0x0800cf5c   0x000000a4   Code   RO         1674    .text.net_icmp_send_echo  Net_Dbg_CM3_L.lib(net_icmp.o)
    0x0800d000   0x0800d000   0x0000000c   Code   RO         2168    .text.net_if_map_all  Net_Dbg_CM3_L.lib(net_sys.o)
    0x0800d00c   0x0800d00c   0x00000074   Code   RO         1601    .text.net_igmp_collect_mcast  Net_Dbg_CM3_L.lib(net_igmp.o)
    0x0800d080   0x0800d080   0x0000003c   Code   RO         1587    .text.net_igmp_host_init  Net_Dbg_CM3_L.lib(net_igmp.o)
    0x0800d0bc   0x0800d0bc   0x000000c0   Code   RO         1605    .text.net_igmp_host_run  Net_Dbg_CM3_L.lib(net_igmp.o)
    0x0800d17c   0x0800d17c   0x00000020   Code   RO         1599    .text.net_igmp_is_member  Net_Dbg_CM3_L.lib(net_igmp.o)
    0x0800d19c   0x0800d19c   0x000001c4   Code   RO         1603    .text.net_igmp_process  Net_Dbg_CM3_L.lib(net_igmp.o)
    0x0800d360   0x0800d360   0x000001b8   Code   RO         2370    .text.net_ip4_chk_frame  Net_Dbg_CM3_L.lib(net_ip4.o)
    0x0800d518   0x0800d518   0x0000002e   Code   RO         2396    .text.net_ip4_chksum  Net_Dbg_CM3_L.lib(net_ip4.o)
    0x0800d546   0x0800d546   0x00000006   Code   RO         2394    .text.net_ip4_chksum_buf  Net_Dbg_CM3_L.lib(net_ip4.o)
    0x0800d54c   0x0800d54c   0x00000080   Code   RO         2390    .text.net_ip4_find_route  Net_Dbg_CM3_L.lib(net_ip4.o)
    0x0800d5cc   0x0800d5cc   0x000001bc   Code   RO         1647    .text.net_ip4_frag_add  Net_Dbg_CM3_L.lib(net_ip4_frag.o)
    0x0800d788   0x0800d788   0x000000b4   Code   RO         1651    .text.net_ip4_frag_get  Net_Dbg_CM3_L.lib(net_ip4_frag.o)
    0x0800d83c   0x0800d83c   0x00000010   Code   RO         1643    .text.net_ip4_frag_init  Net_Dbg_CM3_L.lib(net_ip4_frag.o)
    0x0800d84c   0x0800d84c   0x00000038   Code   RO         1653    .text.net_ip4_frag_run  Net_Dbg_CM3_L.lib(net_ip4_frag.o)
    0x0800d884   0x0800d884   0x00000020   Code   RO         2382    .text.net_ip4_get_local  Net_Dbg_CM3_L.lib(net_ip4.o)
    0x0800d8a4   0x0800d8a4   0x00000024   Code   RO         2366    .text.net_ip4_init  Net_Dbg_CM3_L.lib(net_ip4.o)
    0x0800d8c8   0x0800d8c8   0x0000001a   Code   RO         2392    .text.net_ip4_is_onlink  Net_Dbg_CM3_L.lib(net_ip4.o)
    0x0800d8e2   0x0800d8e2   0x00000020   Code   RO         2372    .text.net_ip4_is_subcast  Net_Dbg_CM3_L.lib(net_ip4.o)
    0x0800d902   0x0800d902   0x00000010   Code   RO         2378    .text.net_ip4_reass_frame  Net_Dbg_CM3_L.lib(net_ip4.o)
    0x0800d912   0x0800d912   0x00000002   PAD
    0x0800d914   0x0800d914   0x00000188   Code   RO         2380    .text.net_ip4_send_frame  Net_Dbg_CM3_L.lib(net_ip4.o)
    0x0800da9c   0x0800da9c   0x00000032   Code   RO         2388    .text.net_ip4_tx_offl_hl  Net_Dbg_CM3_L.lib(net_ip4.o)
    0x0800dace   0x0800dace   0x00000002   PAD
    0x0800dad0   0x0800dad0   0x0000012c   Code   RO         2412    .text.net_ip6_chk_frame  Net_Dbg_CM3_L.lib(net_ip6.o)
    0x0800dbfc   0x0800dbfc   0x00000034   Code   RO         2432    .text.net_ip6_chksum  Net_Dbg_CM3_L.lib(net_ip6.o)
    0x0800dc30   0x0800dc30   0x00000078   Code   RO         2428    .text.net_ip6_collect_mcast  Net_Dbg_CM3_L.lib(net_ip6.o)
    0x0800dca8   0x0800dca8   0x0000004c   Code   RO         2430    .text.net_ip6_find_route  Net_Dbg_CM3_L.lib(net_ip6.o)
    0x0800dcf4   0x0800dcf4   0x00000048   Code   RO         2424    .text.net_ip6_get_local  Net_Dbg_CM3_L.lib(net_ip6.o)
    0x0800dd3c   0x0800dd3c   0x0000001c   Code   RO         2408    .text.net_ip6_init  Net_Dbg_CM3_L.lib(net_ip6.o)
    0x0800dd58   0x0800dd58   0x0000000c   Code   RO         2416    .text.net_ip6_reass_frame  Net_Dbg_CM3_L.lib(net_ip6.o)
    0x0800dd64   0x0800dd64   0x0000011c   Code   RO         2418    .text.net_ip6_send_frame  Net_Dbg_CM3_L.lib(net_ip6.o)
    0x0800de80   0x0800de80   0x00000022   Code   RO         2426    .text.net_ip6_tx_offl_hl  Net_Dbg_CM3_L.lib(net_ip6.o)
    0x0800dea2   0x0800dea2   0x00000008   Code   RO         2544    .text.net_itoa      Net_Dbg_CM3_L.lib(net_common.o)
    0x0800deaa   0x0800deaa   0x00000006   Code   RO         2550    .text.net_itoa_n0   Net_Dbg_CM3_L.lib(net_common.o)
    0x0800deb0   0x0800deb0   0x00000028   Code   RO         1625    .text.net_loop_iface_init  Net_Dbg_CM3_L.lib(net_loopback.o)
    0x0800ded8   0x0800ded8   0x000000b8   Code   RO         1629    .text.net_loop_iface_run  Net_Dbg_CM3_L.lib(net_loopback.o)
    0x0800df90   0x0800df90   0x0000006c   Code   RO         1623    .text.net_loop_send_frame  Net_Dbg_CM3_L.lib(net_loopback.o)
    0x0800dffc   0x0800dffc   0x000000c0   Code   RO         2483    .text.net_mem_alloc  Net_Dbg_CM3_L.lib(net_mem.o)
    0x0800e0bc   0x0800e0bc   0x00000018   Code   RO         2493    .text.net_mem_avail  Net_Dbg_CM3_L.lib(net_mem.o)
    0x0800e0d4   0x0800e0d4   0x000000a0   Code   RO         2491    .text.net_mem_free  Net_Dbg_CM3_L.lib(net_mem.o)
    0x0800e174   0x0800e174   0x0000006c   Code   RO         2479    .text.net_mem_init  Net_Dbg_CM3_L.lib(net_mem.o)
    0x0800e1e0   0x0800e1e0   0x00000048   Code   RO         2489    .text.net_mem_shrink  Net_Dbg_CM3_L.lib(net_mem.o)
    0x0800e228   0x0800e228   0x0000005c   Code   RO         1923    .text.net_nbns_client_init  Net_Dbg_CM3_L.lib(net_nbns_client.o)
    0x0800e284   0x0800e284   0x000001a0   Code   RO         2298    .text.net_ndp_cache_find  Net_Dbg_CM3_L.lib(net_ndp.o)
    0x0800e424   0x0800e424   0x00000080   Code   RO         2296    .text.net_ndp_cache_refresh  Net_Dbg_CM3_L.lib(net_ndp.o)
    0x0800e4a4   0x0800e4a4   0x0000007c   Code   RO         2322    .text.net_ndp_enqueue  Net_Dbg_CM3_L.lib(net_ndp.o)
    0x0800e520   0x0800e520   0x00000624   Code   RO         2288    .text.net_ndp_process  Net_Dbg_CM3_L.lib(net_ndp.o)
    0x0800eb44   0x0800eb44   0x0000003c   Code   RO         2180    .text.net_path      Net_Dbg_CM3_L.lib(net_sys.o)
    0x0800eb80   0x0800eb80   0x00000020   Code   RO         2132    .text.net_ping_client_init  Net_Dbg_CM3_L.lib(net_ping_core.o)
    0x0800eba0   0x0800eba0   0x00000078   Code   RO         2138    .text.net_ping_client_run  Net_Dbg_CM3_L.lib(net_ping_core.o)
    0x0800ec18   0x0800ec18   0x0000001c   Code   RO         2178    .text.net_rand32    Net_Dbg_CM3_L.lib(net_sys.o)
    0x0800ec34   0x0800ec34   0x0000002a   Code   RO         2506    .text.net_strcasecmp  Net_Dbg_CM3_L.lib(net_common.o)
    0x0800ec5e   0x0800ec5e   0x00000016   Code   RO         2512    .text.net_strchr    Net_Dbg_CM3_L.lib(net_common.o)
    0x0800ec74   0x0800ec74   0x00000018   Code   RO         2504    .text.net_strcmp    Net_Dbg_CM3_L.lib(net_common.o)
    0x0800ec8c   0x0800ec8c   0x00000010   Code   RO         2508    .text.net_strcpy    Net_Dbg_CM3_L.lib(net_common.o)
    0x0800ec9c   0x0800ec9c   0x0000001e   Code   RO         2514    .text.net_strnchr   Net_Dbg_CM3_L.lib(net_common.o)
    0x0800ecba   0x0800ecba   0x0000001a   Code   RO         2510    .text.net_strncpy   Net_Dbg_CM3_L.lib(net_common.o)
    0x0800ecd4   0x0800ecd4   0x00000052   Code   RO         2522    .text.net_strnstr   Net_Dbg_CM3_L.lib(net_common.o)
    0x0800ed26   0x0800ed26   0x0000001a   Code   RO         2516    .text.net_strrchr   Net_Dbg_CM3_L.lib(net_common.o)
    0x0800ed40   0x0800ed40   0x0000001e   Code   RO         2518    .text.net_strtoupper  Net_Dbg_CM3_L.lib(net_common.o)
    0x0800ed5e   0x0800ed5e   0x00000002   PAD
    0x0800ed60   0x0800ed60   0x0000000c   Code   RO         2154    .text.net_sys_lock  Net_Dbg_CM3_L.lib(net_sys.o)
    0x0800ed6c   0x0800ed6c   0x00000014   Code   RO         2188    .text.net_sys_resume  Net_Dbg_CM3_L.lib(net_sys.o)
    0x0800ed80   0x0800ed80   0x00000018   Code   RO         2162    .text.net_sys_tick  Net_Dbg_CM3_L.lib(net_sys.o)
    0x0800ed98   0x0800ed98   0x0000000c   Code   RO         2156    .text.net_sys_unlock  Net_Dbg_CM3_L.lib(net_sys.o)
    0x0800eda4   0x0800eda4   0x00000020   Code   RO         2164    .text.net_sys_wakeup  Net_Dbg_CM3_L.lib(net_sys.o)
    0x0800edc4   0x0800edc4   0x00000074   Code   RO         1780    .text.net_tcp_abort  Net_Dbg_CM3_L.lib(net_tcp.o)
    0x0800ee38   0x0800ee38   0x00000104   Code   RO         1776    .text.net_tcp_close  Net_Dbg_CM3_L.lib(net_tcp.o)
    0x0800ef3c   0x0800ef3c   0x00000034   Code   RO         1788    .text.net_tcp_get_buf  Net_Dbg_CM3_L.lib(net_tcp.o)
    0x0800ef70   0x0800ef70   0x0000002c   Code   RO         1812    .text.net_tcp_get_local_port  Net_Dbg_CM3_L.lib(net_tcp.o)
    0x0800ef9c   0x0800ef9c   0x00000020   Code   RO         1784    .text.net_tcp_get_mss  Net_Dbg_CM3_L.lib(net_tcp.o)
    0x0800efbc   0x0800efbc   0x00000044   Code   RO         1816    .text.net_tcp_get_peer  Net_Dbg_CM3_L.lib(net_tcp.o)
    0x0800f000   0x0800f000   0x00000074   Code   RO         1760    .text.net_tcp_get_socket  Net_Dbg_CM3_L.lib(net_tcp.o)
    0x0800f074   0x0800f074   0x00000024   Code   RO         1800    .text.net_tcp_get_state  Net_Dbg_CM3_L.lib(net_tcp.o)
    0x0800f098   0x0800f098   0x0000002c   Code   RO         1820    .text.net_tcp_get_timer  Net_Dbg_CM3_L.lib(net_tcp.o)
    0x0800f0c4   0x0800f0c4   0x000000ac   Code   RO         1768    .text.net_tcp_listen  Net_Dbg_CM3_L.lib(net_tcp.o)
    0x0800f170   0x0800f170   0x00000b4c   Code   RO         1854    .text.net_tcp_process  Net_Dbg_CM3_L.lib(net_tcp.o)
    0x0800fcbc   0x0800fcbc   0x00000174   Code   RO         1796    .text.net_tcp_send  Net_Dbg_CM3_L.lib(net_tcp.o)
    0x0800fe30   0x0800fe30   0x0000013c   Code   RO         1808    .text.net_tcp_set_option  Net_Dbg_CM3_L.lib(net_tcp.o)
    0x0800ff6c   0x0800ff6c   0x00000024   Code   RO         1822    .text.net_tcp_socket_init  Net_Dbg_CM3_L.lib(net_tcp.o)
    0x0800ff90   0x0800ff90   0x0000044c   Code   RO         1846    .text.net_tcp_socket_run  Net_Dbg_CM3_L.lib(net_tcp.o)
    0x080103dc   0x080103dc   0x00000034   Code   RO         1708    .text.net_udp_get_buf  Net_Dbg_CM3_L.lib(net_udp.o)
    0x08010410   0x08010410   0x00000068   Code   RO         1692    .text.net_udp_get_socket  Net_Dbg_CM3_L.lib(net_udp.o)
    0x08010478   0x08010478   0x000000c0   Code   RO         1700    .text.net_udp_open  Net_Dbg_CM3_L.lib(net_udp.o)
    0x08010538   0x08010538   0x0000017c   Code   RO         1738    .text.net_udp_process  Net_Dbg_CM3_L.lib(net_udp.o)
    0x080106b4   0x080106b4   0x00000230   Code   RO         1712    .text.net_udp_send_if  Net_Dbg_CM3_L.lib(net_udp.o)
    0x080108e4   0x080108e4   0x00000020   Code   RO         1722    .text.net_udp_socket_init  Net_Dbg_CM3_L.lib(net_udp.o)
    0x08010904   0x08010904   0x00000008   Code   RO         2536    .text.net_ultoa     Net_Dbg_CM3_L.lib(net_common.o)
    0x0801090c   0x0801090c   0x00000040   Code   RO         2534    .text.net_ultox     Net_Dbg_CM3_L.lib(net_common.o)
    0x0801094c   0x0801094c   0x0000001a   Code   RO         2554    .text.net_xtouc     Net_Dbg_CM3_L.lib(net_common.o)
    0x08010966   0x08010966   0x0000005a   Code   RO         2558    .text.net_xtoul     Net_Dbg_CM3_L.lib(net_common.o)
    0x080109c0   0x080109c0   0x0000001c   Code   RO         2136    .text.ping_send_req  Net_Dbg_CM3_L.lib(net_ping_core.o)
    0x080109dc   0x080109dc   0x00000018   Code   RO         1649    .text.que_free_list  Net_Dbg_CM3_L.lib(net_ip4_frag.o)
    0x080109f4   0x080109f4   0x000000a4   Code   RO         2020    .text.read_script_line  Net_Dbg_CM3_L.lib(net_http_server.o)
    0x08010a98   0x08010a98   0x00000048   Code   RO         2044    .text.search_delim  Net_Dbg_CM3_L.lib(net_http_server.o)
    0x08010ae0   0x08010ae0   0x00000010   Code   RO         2184    .text.sys_map_if    Net_Dbg_CM3_L.lib(net_sys.o)
    0x08010af0   0x08010af0   0x00000088   Code   RO         1858    .text.tcp_parse_opt  Net_Dbg_CM3_L.lib(net_tcp.o)
    0x08010b78   0x08010b78   0x00000018   Code   RO         1852    .text.tcp_que_free  Net_Dbg_CM3_L.lib(net_tcp.o)
    0x08010b90   0x08010b90   0x0000001c   Code   RO         1850    .text.tcp_que_init  Net_Dbg_CM3_L.lib(net_tcp.o)
    0x08010bac   0x08010bac   0x000000a4   Code   RO         1848    .text.tcp_que_resend  Net_Dbg_CM3_L.lib(net_tcp.o)
    0x08010c50   0x08010c50   0x00000090   Code   RO         1828    .text.tcp_send_ctrl  Net_Dbg_CM3_L.lib(net_tcp.o)
    0x08010ce0   0x08010ce0   0x00000080   Code   RO         1832    .text.tcp_send_data  Net_Dbg_CM3_L.lib(net_tcp.o)
    0x08010d60   0x08010d60   0x0000009c   Code   RO         1856    .text.tcp_send_reset  Net_Dbg_CM3_L.lib(net_tcp.o)
    0x08010dfc   0x08010dfc   0x00000034   Code   RO         1860    .text.tcp_set_cwnd  Net_Dbg_CM3_L.lib(net_tcp.o)
    0x08010e30   0x08010e30   0x00000074   Code   RO         1830    .text.tcp_transit   Net_Dbg_CM3_L.lib(net_tcp.o)
    0x08010ea4   0x08010ea4   0x0000010c   Code   RO         1864    .text.tcp_write     Net_Dbg_CM3_L.lib(net_tcp.o)
    0x08010fb0   0x08010fb0   0x00000034   Code   RO         1726    .text.udp_port_in_use  Net_Dbg_CM3_L.lib(net_udp.o)
    0x08010fe4   0x08010fe4   0x00000054   Code   RO         2538    .text.ul2str        Net_Dbg_CM3_L.lib(net_common.o)
    0x08011038   0x08011038   0x00000028   Code   RO         2863    i.__0sprintf        mc_w.l(printfa.o)
    0x08011060   0x08011060   0x0000000e   Code   RO         2936    i.__scatterload_copy  mc_w.l(handlers.o)
    0x0801106e   0x0801106e   0x00000002   Code   RO         2937    i.__scatterload_null  mc_w.l(handlers.o)
    0x08011070   0x08011070   0x0000000e   Code   RO         2938    i.__scatterload_zeroinit  mc_w.l(handlers.o)
    0x0801107e   0x0801107e   0x00000002   PAD
    0x08011080   0x08011080   0x00000184   Code   RO         2868    i._fp_digits        mc_w.l(printfa.o)
    0x08011204   0x08011204   0x000006b4   Code   RO         2869    i._printf_core      mc_w.l(printfa.o)
    0x080118b8   0x080118b8   0x00000024   Code   RO         2870    i._printf_post_padding  mc_w.l(printfa.o)
    0x080118dc   0x080118dc   0x0000002e   Code   RO         2871    i._printf_pre_padding  mc_w.l(printfa.o)
    0x0801190a   0x0801190a   0x0000000a   Code   RO         2873    i._sputc            mc_w.l(printfa.o)
    0x08011914   0x08011914   0x00000024   Data   RO          141    .constdata          http_server.o
    0x08011938   0x08011938   0x00000004   Data   RO          222    .constdata          web.o
    0x0801193c   0x0801193c   0x00006561   Data   RO          223    .constdata          web.o
    0x08017e9d   0x08017e9d   0x00000003   PAD
    0x08017ea0   0x08017ea0   0x000000a0   Data   RO          224    .constdata          web.o
    0x08017f40   0x08017f40   0x00000008   Data   RO          242    .constdata          buttons_nucleo_f429zi.o
    0x08017f48   0x08017f48   0x00000018   Data   RO          268    .constdata          led_nucleo_f429zi.o
    0x08017f60   0x08017f60   0x00000024   Data   RO          482    .constdata          rtx_lib.o
    0x08017f84   0x08017f84   0x00000024   Data   RO          483    .constdata          rtx_lib.o
    0x08017fa8   0x08017fa8   0x00000018   Data   RO          484    .constdata          rtx_lib.o
    0x08017fc0   0x08017fc0   0x00000004   Data   RO          486    .constdata          rtx_lib.o
    0x08017fc4   0x08017fc4   0x00000004   Data   RO          827    .constdata          phy_lan8742a.o
    0x08017fc8   0x08017fc8   0x00000020   Data   RO          828    .constdata          phy_lan8742a.o
    0x08017fe8   0x08017fe8   0x00000050   Data   RO          858    .constdata          emac_stm32f4xx.o
    0x08018038   0x08018038   0x00000044   Data   RO          859    .constdata          emac_stm32f4xx.o
    0x0801807c   0x0801807c   0x00000018   Data   RO          901    .constdata          eventrecorder.o
    0x08018094   0x08018094   0x00000010   Data   RO         1288    .constdata          system_stm32f4xx_1.o
    0x080180a4   0x080180a4   0x00000008   Data   RO         1289    .constdata          system_stm32f4xx_1.o
    0x080180ac   0x080180ac   0x000000a8   Data   RO         1333    .constdata          net_config.o
    0x08018154   0x08018154   0x0000001c   Data   RO         1334    .constdata          net_config.o
    0x08018170   0x08018170   0x00000014   Data   RO         1335    .constdata          net_config.o
    0x08018184   0x08018184   0x0000000c   Data   RO         1336    .constdata          net_config.o
    0x08018190   0x08018190   0x00000010   Data   RO         1337    .constdata          net_config.o
    0x080181a0   0x080181a0   0x00000028   Data   RO         1338    .constdata          net_config.o
    0x080181c8   0x080181c8   0x0000002c   Data   RO         1339    .constdata          net_config.o
    0x080181f4   0x080181f4   0x00000008   Data   RO         1340    .constdata          net_config.o
    0x080181fc   0x080181fc   0x00000008   Data   RO         1341    .constdata          net_config.o
    0x08018204   0x08018204   0x00000008   Data   RO         1342    .constdata          net_config.o
    0x0801820c   0x0801820c   0x00000008   Data   RO         1343    .constdata          net_config.o
    0x08018214   0x08018214   0x00000008   Data   RO         1344    .constdata          net_config.o
    0x0801821c   0x0801821c   0x00000008   Data   RO         1345    .constdata          net_config.o
    0x08018224   0x08018224   0x00000008   Data   RO         1346    .constdata          net_config.o
    0x0801822c   0x0801822c   0x00000008   Data   RO         1347    .constdata          net_config.o
    0x08018234   0x08018234   0x00000004   Data   RO         1349    .constdata          net_config.o
    0x08018238   0x08018238   0x00000008   Data   RO         1350    .constdata          net_config.o
    0x08018240   0x08018240   0x0000000c   Data   RO         1351    .constdata          net_config.o
    0x0801824c   0x0801824c   0x00000018   Data   RO         1352    .constdata          net_config.o
    0x08018264   0x08018264   0x00000034   Data   RO         1353    .constdata          net_config.o
    0x08018298   0x08018298   0x0000002c   Data   RO         1354    .constdata          net_config.o
    0x080182c4   0x080182c4   0x00000024   Data   RO         1355    .constdata          net_config.o
    0x080182e8   0x080182e8   0x00000010   Data   RO         1357    .constdata          net_config.o
    0x080182f8   0x080182f8   0x00000010   Data   RO         1358    .constdata          net_config.o
    0x08018308   0x08018308   0x000000da   Data   RO          200    .conststring        http_server_cgi.o
    0x080183e2   0x080183e2   0x00000002   PAD
    0x080183e4   0x080183e4   0x00000078   Data   RO         1359    .conststring        net_config.o
    0x0801845c   0x0801845c   0x0000000d   Data   RO         1360    .conststring        net_config.o
    0x08018469   0x08018469   0x00000003   PAD
    0x0801846c   0x0801846c   0x00000038   Data   RO         1361    .conststring        net_config.o
    0x080184a4   0x080184a4   0x0000001d   Data   RO         1362    .conststring        net_config.o
    0x080184c1   0x080184c1   0x00000003   PAD
    0x080184c4   0x080184c4   0x0000000b   Data   RO          426    .conststrlit        rtx_kernel.o
    0x080184cf   0x080184cf   0x00000001   PAD
    0x080184d0   0x080184d0   0x000000a8   Data   RO          487    .rodata             rtx_lib.o
    0x08018578   0x08018578   0x00000018   Data   RO         2071    .rodata.DMonth      Net_Dbg_CM3_L.lib(net_http_server.o)
    0x08018590   0x08018590   0x00000004   Data   RO         1609    .rodata.IP_AllHosts  Net_Dbg_CM3_L.lib(net_igmp.o)
    0x08018594   0x08018594   0x00000040   Data   RO         2076    .rodata.Method      Net_Dbg_CM3_L.lib(net_http_server.o)
    0x080185d4   0x080185d4   0x00000030   Data   RO         2075    .rodata.Month       Net_Dbg_CM3_L.lib(net_http_server.o)
    0x08018604   0x08018604   0x0000001c   Data   RO         2074    .rodata.WkDay       Net_Dbg_CM3_L.lib(net_http_server.o)
    0x08018620   0x08018620   0x00000010   Data   RO         2560    .rodata.cst16       Net_Dbg_CM3_L.lib(net_common.o)
    0x08018630   0x08018630   0x00000090   Data   RO         2077    .rodata.http_set_ftype.ftype  Net_Dbg_CM3_L.lib(net_http_server.o)
    0x080186c0   0x080186c0   0x00000004   Data   RO         2398    .rodata.net_addr4_loopback  Net_Dbg_CM3_L.lib(net_ip4.o)
    0x080186c4   0x080186c4   0x00000010   Data   RO         2436    .rodata.net_addr6_all_nodes  Net_Dbg_CM3_L.lib(net_ip6.o)
    0x080186d4   0x080186d4   0x00000010   Data   RO         2438    .rodata.net_addr6_loopback  Net_Dbg_CM3_L.lib(net_ip6.o)
    0x080186e4   0x080186e4   0x00000006   Data   RO         2271    .rodata.net_addr_bcast  Net_Dbg_CM3_L.lib(net_addr.o)
    0x080186ea   0x080186ea   0x00000010   Data   RO         2270    .rodata.net_addr_unspec  Net_Dbg_CM3_L.lib(net_addr.o)
    0x080186fa   0x080186fa   0x00000050   Data   RO         2591    .rodata.net_base64_decode.dec_map  Net_Dbg_CM3_L.lib(net_base64.o)
    0x0801874a   0x0801874a   0x00000002   PAD
    0x0801874c   0x0801874c   0x00000018   Data   RO         2117    .rodata.net_http_auth_basic_func  Net_Dbg_CM3_L.lib(net_http_server_auth.o)
    0x08018764   0x08018764   0x00000018   Data   RO         2471    .rodata.net_http_error  Net_Dbg_CM3_L.lib(net_http_server_err.o)
    0x0801877c   0x0801877c   0x00000004   Data   RO         2600    .rodata.net_lib_version  Net_Dbg_CM3_L.lib(net_version.o)
    0x08018780   0x08018780   0x0000002c   Data   RO         1633    .rodata.net_loop_if_config  Net_Dbg_CM3_L.lib(net_loopback.o)
    0x080187ac   0x080187ac   0x00000012   Data   RO         2142    .rodata.net_ping_payload  Net_Dbg_CM3_L.lib(net_ping_core.o)
    0x080187be   0x080187be   0x000001a7   Data   RO         2072    .rodata.str1.1      Net_Dbg_CM3_L.lib(net_http_server.o)
    0x08018965   0x08018965   0x000001f8   Data   RO         2470    .rodata.str1.1      Net_Dbg_CM3_L.lib(net_http_server_err.o)
    0x08018b5d   0x08018b5d   0x00000001   PAD
    0x08018b5e   0x08018b5e   0x00000006   Data   RO         2073    .rodata.utc_to_http.DYear  Net_Dbg_CM3_L.lib(net_http_server.o)
    0x08018b64   0x08018b64   0x00000030   Data   RO         2935    Region$$Table       anon$$obj.o


    Execution Region RW_IRAM2 (Exec base: 0x10000000, Load base: 0x08018cc8, Size: 0x000004a4, Max: 0x00010000, ABSOLUTE)

    Exec Addr    Load Addr    Size         Type   Attr      Idx    E Section Name        Object

    0x10000000        -       0x000004a4   Zero   RW          900    .bss.noinit         eventrecorder.o


    Execution Region RW_IRAM1 (Exec base: 0x20000000, Load base: 0x08018b94, Size: 0x0000f280, Max: 0x00030000, ABSOLUTE, COMPRESSED[0x00000134])

    Exec Addr    Load Addr    Size         Type   Attr      Idx    E Section Name        Object

    0x20000000   COMPRESSED   0x00008000   Data   RW          474    .bss.os             rtx_lib.o
    0x20008000   COMPRESSED   0x00000040   Data   RW          475    .bss.os             rtx_lib.o
    0x20008040   COMPRESSED   0x00000001   Data   RW          779    .bss.os             os_systick.o
    0x20008041   COMPRESSED   0x00000003   PAD
    0x20008044   COMPRESSED   0x00000034   Data   RW          476    .bss.os.msgqueue.cb  rtx_lib.o
    0x20008078   COMPRESSED   0x00000050   Data   RW          477    .bss.os.msgqueue.mem  rtx_lib.o
    0x200080c8   COMPRESSED   0x0000001c   Data   RW         1327    .bss.os.mutex.cb    net_config.o
    0x200080e4   COMPRESSED   0x0000001c   Data   RW         1328    .bss.os.mutex.cb    net_config.o
    0x20008100   COMPRESSED   0x00000010   Data   RW         1329    .bss.os.semaphore.cb  net_config.o
    0x20008110   COMPRESSED   0x00000044   Data   RW          478    .bss.os.thread.cb   rtx_lib.o
    0x20008154   COMPRESSED   0x00000044   Data   RW          479    .bss.os.thread.cb   rtx_lib.o
    0x20008198   COMPRESSED   0x00000044   Data   RW         1330    .bss.os.thread.cb   net_config.o
    0x200081dc   COMPRESSED   0x00000044   Data   RW         1331    .bss.os.thread.cb   net_config.o
    0x20008220   COMPRESSED   0x00000200   Data   RW          480    .bss.os.thread.idle.stack  rtx_lib.o
    0x20008420   COMPRESSED   0x00000200   Data   RW          481    .bss.os.thread.timer.stack  rtx_lib.o
    0x20008620   COMPRESSED   0x00000020   Data   RW         1332    .bss.os.timer.cb    net_config.o
    0x20008640   COMPRESSED   0x00000004   Data   RW            5    .data               main.o
    0x20008644   COMPRESSED   0x0000002a   Data   RW          142    .data               http_server.o
    0x2000866e   COMPRESSED   0x00000002   PAD
    0x20008670   COMPRESSED   0x0000000c   Data   RW          143    .data               http_server.o
    0x2000867c   COMPRESSED   0x00000008   Data   RW          201    .data               http_server_cgi.o
    0x20008684   COMPRESSED   0x0000000c   Data   RW          934    .data               stm32f4xx_hal.o
    0x20008690   COMPRESSED   0x00000004   Data   RW         1290    .data               system_stm32f4xx_1.o
    0x20008694   COMPRESSED   0x00000004   Data   RW         1363    .data               net_config.o
    0x20008698   COMPRESSED   0x00000006   Data   RW         1364    .data               net_config.o
    0x2000869e   COMPRESSED   0x00000004   Data   RW         1365    .data               net_config.o
    0x200086a2   COMPRESSED   0x00000002   PAD
    0x200086a4   COMPRESSED   0x000000a4   Data   RW          427    .data.os            rtx_kernel.o
    0x20008748        -       0x00000038   Zero   RW          139    .bss                http_server.o
    0x20008780        -       0x00000400   Zero   RW          140    .bss                http_server.o
    0x20008b80        -       0x00000038   Zero   RW          199    .bss                http_server_cgi.o
    0x20008bb8        -       0x0000000c   Zero   RW          826    .bss                phy_lan8742a.o
    0x20008bc4        -       0x000024cc   Zero   RW          857    .bss                emac_stm32f4xx.o
    0x2000b090        -       0x00000400   Zero   RW         1317    .bss                net_config.o
    0x2000b490        -       0x00000400   Zero   RW         1318    .bss                net_config.o
    0x2000b890        -       0x00002ee0   Zero   RW         1319    .bss                net_config.o
    0x2000e770        -       0x000000c8   Zero   RW         1320    .bss                net_config.o
    0x2000e838        -       0x00000028   Zero   RW         1321    .bss                net_config.o
    0x2000e860        -       0x00000018   Zero   RW         1322    .bss                net_config.o
    0x2000e878        -       0x00000028   Zero   RW         1323    .bss                net_config.o
    0x2000e8a0        -       0x00000050   Zero   RW         1324    .bss                net_config.o
    0x2000e8f0        -       0x00000228   Zero   RW         1325    .bss                net_config.o
    0x2000eb18        -       0x00000168   Zero   RW         1326    .bss                net_config.o
    0x2000ec80        -       0x00000055   Zero   RW         2078    .bss..L_MergedGlobals  Net_Dbg_CM3_L.lib(net_http_server.o)
    0x2000ecd5   COMPRESSED   0x00000003   PAD
    0x2000ecd8        -       0x00000038   Zero   RW         2195    .bss..L_MergedGlobals  Net_Dbg_CM3_L.lib(net_sys.o)
    0x2000ed10        -       0x00000008   Zero   RW         2399    .bss.ip4_control    Net_Dbg_CM3_L.lib(net_ip4.o)
    0x2000ed18        -       0x00000004   Zero   RW         2439    .bss.ip6_control    Net_Dbg_CM3_L.lib(net_ip6.o)
    0x2000ed1c        -       0x00000004   Zero   RW         1634    .bss.loop_control   Net_Dbg_CM3_L.lib(net_loopback.o)
    0x2000ed20        -       0x00000014   Zero   RW         2495    .bss.mem_control    Net_Dbg_CM3_L.lib(net_mem.o)
    0x2000ed34        -       0x00000001   Zero   RW         1931    .bss.nbns_socket    Net_Dbg_CM3_L.lib(net_nbns_client.o)
    0x2000ed35   COMPRESSED   0x00000003   PAD
    0x2000ed38        -       0x00000010   Zero   RW         2275    .bss.net_addr6_get_solicited.buf  Net_Dbg_CM3_L.lib(net_addr.o)
    0x2000ed48        -       0x00000024   Zero   RW         2194    .bss.net_dbg_buf    Net_Dbg_CM3_L.lib(net_sys.o)
    0x2000ed6c        -       0x00000018   Zero   RW         1574    .bss.net_eth0_arp_control  Net_Dbg_CM3_L.lib(net_arp.o)
    0x2000ed84        -       0x00000001   Zero   RW         1676    .bss.net_eth0_icmp_control  Net_Dbg_CM3_L.lib(net_icmp.o)
    0x2000ed85   COMPRESSED   0x00000003   PAD
    0x2000ed88        -       0x000000a0   Zero   RW         1500    .bss.net_eth0_if_control  Net_Dbg_CM3_L.lib(net_eth.o)
    0x2000ee28        -       0x00000004   Zero   RW         1610    .bss.net_eth0_igmp_control  Net_Dbg_CM3_L.lib(net_igmp.o)
    0x2000ee2c        -       0x00000004   Zero   RW         1659    .bss.net_ip4_frag_get.dfrag  Net_Dbg_CM3_L.lib(net_ip4_frag.o)
    0x2000ee30        -       0x0000002c   Zero   RW         2143    .bss.net_ping_control  Net_Dbg_CM3_L.lib(net_ping_core.o)
    0x2000ee5c        -       0x00000001   Zero   RW         1913    .bss.net_tcp_socket_run.socket  Net_Dbg_CM3_L.lib(net_tcp.o)
    0x2000ee5d   COMPRESSED   0x00000003   PAD
    0x2000ee60        -       0x0000001c   Zero   RW         1748    .bss.net_udp_process.addr  Net_Dbg_CM3_L.lib(net_udp.o)
    0x2000ee7c        -       0x00000002   Zero   RW         1749    .bss.udp_alloc_port.port  Net_Dbg_CM3_L.lib(net_udp.o)
    0x2000ee7e   COMPRESSED   0x00000002   PAD
    0x2000ee80        -       0x00000400   Zero   RW         1277    STACK               startup_stm32f429xx.o


==============================================================================

Image component sizes


      Code (inc. data)   RO Data    RW Data    ZI Data      Debug   Object Name

       164         10          8          0          0       2516   buttons_nucleo_f429zi.o
      2536        156        148          0       9420      47726   emac_stm32f4xx.o
      1452         40         24          0       1188      17684   eventrecorder.o
       228         34         36         54       1080      11344   http_server.o
      1844        346        218          8         56       7793   http_server_cgi.o
       148          8          0          0          0        676   irq_armv7m.o
       236         10         24          0          0       2921   led_nucleo_f429zi.o
       276         30          0          4          0     705535   main.o
       364         26        822        254      15344      33052   net_config.o
       298          0          0          0          0        918   net_debug.o
       196         12          0          1          0       2040   os_systick.o
       428         10         36          0         12       7890   phy_lan8742a.o
         4          0          0          0          0        631   rtx_config.o
       260         14          0          0          0      18018   rtx_delay.o
      2392         88          0          0          0      45265   rtx_evr.o
      1740         96         11        164          0      28168   rtx_kernel.o
        24          0        268      34124          0       9931   rtx_lib.o
       292          0          0          0          0       3895   rtx_memory.o
      1984         48          0          0          0      15324   rtx_mempool.o
      2820         58          0          0          0      23888   rtx_msgqueue.o
      1368         30          0          0          0      10226   rtx_mutex.o
      1432         34          0          0          0      12052   rtx_semaphore.o
       668         18          0          0          0       8633   rtx_system.o
      4908        126          0          0          0      34013   rtx_thread.o
      1152         34          0          0          0      10333   rtx_timer.o
        36          8        428          0       1024        868   startup_stm32f429xx.o
       456         38          0         12          0      11615   stm32f4xx_hal.o
       664         10          0          0          0      36454   stm32f4xx_hal_cortex.o
       868         54          0          0          0       4267   stm32f4xx_hal_gpio.o
      1888         66          0          0          0       6467   stm32f4xx_hal_rcc.o
       160         20         24          4          0       1857   system_stm32f4xx_1.o
       120         10      26117          0          0       1740   web.o

    ----------------------------------------------------------------------
     31406       1434      28224      34632      28124    1123740   Object Totals
         0          0         48          0          0          0   (incl. Generated)
         0          0         12          7          0          0   (incl. Padding)

    ----------------------------------------------------------------------

      Code (inc. data)   RO Data    RW Data    ZI Data      Debug   Library Member Name

      1376         24         22          0         16        692   net_addr.o
      2824        138          0          0         24        876   net_arp.o
       116          4         80          0          0         84   net_base64.o
       844          8         16          0          0        656   net_common.o
      3802        144          0          0        160        684   net_eth.o
      7210        904        737          0         85       1500   net_http_server.o
       262         68         24          0          0        368   net_http_server_auth.o
         0          0        528          0          0          0   net_http_server_err.o
       640         44          0          0          1        132   net_icmp.o
       808         54          0          0          0        160   net_icmp6.o
      1006         40          4          0          4        360   net_igmp.o
      1250         88          4          0          8        376   net_ip4.o
       736         32          0          0          4        220   net_ip4_frag.o
      1016         72         32          0          4        348   net_ip6.o
       342         32         44          0          4        136   net_loopback.o
       580         56          0          0         20        212   net_mem.o
       550         40          0          0          1        132   net_nbns_client.o
      3234         76          0          0          0        936   net_ndp.o
       180         28         18          0         44        188   net_ping_core.o
       812         84          0          0         92        464   net_sys.o
      7158        226          0          0          1       1748   net_tcp.o
      1402         68          0          0         30        712   net_udp.o
         0          0          4          0          0          0   net_version.o
        86          0          0          0          0          0   __dczerorl2.o
         0          0          0          0          0          0   entry.o
         0          0          0          0          0          0   entry10a.o
         0          0          0          0          0          0   entry11a.o
         4          0          0          0          0          0   entry12b.o
         8          4          0          0          0          0   entry2.o
         4          0          0          0          0          0   entry5.o
         0          0          0          0          0          0   entry7b.o
         0          0          0          0          0          0   entry8b.o
         8          4          0          0          0          0   entry9a.o
        30          0          0          0          0          0   handlers.o
        36          8          0          0          0         68   init.o
         0          0          0          0          0          0   iusefp.o
        30          0          0          0          0         68   llshl.o
        36          0          0          0          0         68   llsshr.o
        32          0          0          0          0         68   llushr.o
        26          0          0          0          0         80   memcmp.o
        36          0          0          0          0         68   memcpya.o
        36          0          0          0          0        108   memseta.o
      2236         86          0          0          0        532   printfa.o
        28          0          0          0          0         76   strcmp.o
        18          0          0          0          0         68   strcpy.o
        14          0          0          0          0         68   strlen.o
        30          0          0          0          0         80   strncmp.o
        44          0          0          0          0         80   uidiv.o
        98          0          0          0          0         92   uldiv.o
        48          0          0          0          0         68   cdrcmple.o
       334          0          0          0          0        148   dadd.o
       222          0          0          0          0        100   ddiv.o
       186          0          0          0          0        176   depilogue.o
        48          0          0          0          0         68   dfixul.o
       228          0          0          0          0         96   dmul.o
        38          0          0          0          0         68   f2d.o

    ----------------------------------------------------------------------
     40122       2332       1516          0        512      13232   Library Totals
        30          0          3          0         14          0   (incl. Padding)

    ----------------------------------------------------------------------

      Code (inc. data)   RO Data    RW Data    ZI Data      Debug   Library Name

     36148       2230       1513          0        498      10984   Net_Dbg_CM3_L.lib
      2840        102          0          0          0       1524   mc_w.l
      1104          0          0          0          0        724   mf_w.l

    ----------------------------------------------------------------------
     40122       2332       1516          0        512      13232   Library Totals

    ----------------------------------------------------------------------

==============================================================================


      Code (inc. data)   RO Data    RW Data    ZI Data      Debug   

     71528       3766      29740      34632      28636    1130360   Grand Totals
     71528       3766      29740        308      28636    1130360   ELF Image Totals (compressed)
     71528       3766      29740        308          0          0   ROM Totals

==============================================================================

    Total RO  Size (Code + RO Data)               101268 (  98.89kB)
    Total RW  Size (RW Data + ZI Data)             63268 (  61.79kB)
    Total ROM Size (Code + RO Data + RW Data)     101576 (  99.20kB)

==============================================================================

